
> urban-warriors-2.0.0-rc13@2.0.0-rc.13 test:20101:r44
> node scripts/test-kombax-20101-r44-events-flow-stability.mjs

PASS 1: existe resolución de detalle independiente de la cartelera
PASS 2: el detalle puede recuperarse por ID aunque no esté en discovery
PASS 3: se elimina el dead-click silencioso dependiente de caché
PASS 4: fallo de apertura informa al usuario en vez de cortar silenciosamente
PASS 5: las aperturas rápidas descartan respuestas fuera de orden
PASS 6: menú de gestión limpia listeners al cerrar/reemplazar modal
PASS 7: cierre del modal elimina estado global de gestión
PASS 8: la infraestructura modal emite el lifecycle usado por Events
PASS 9: existe invalidación central de caché de detalle
PASS 10: mutaciones principales invalidan el detalle obsoleto
PASS 11: guardar y previsualizar fuerzan detalle fresco
PASS 12: la transición post-guardado ya no espera a reconstruir toda la cartelera
PASS 13: editor resuelve contexto organizador activo de forma explícita
PASS 14: un evento gestionado desde Club prioriza el workspace exacto
PASS 15: edición conserva identidad organizadora aunque el select disabled no entre en FormData
PASS 16: no se envía event.save sin sujeto válido
PASS 17: rutas demo relativas no contaminan inputs HTML type=url
PASS 18: guardar demo conserva visual local si no se reemplaza
PASS 19: gestor de álbum ya no mezcla media sintética demo con media persistida
PASS 20: cuota del gestor usa solo media real/persistida
PASS 21: flujo mantiene gateway y bundle productivos de Events
PASS 22: plan R44 existe
PASS 23: changelog R44 existe
PASS 24: package expone test R44
PASS 25: regresión completa incorpora R44
R44 EVENTS FLOW STABILITY: PASS 25/25

> urban-warriors-2.0.0-rc13@2.0.0-rc.13 test:20101:r47
> node scripts/test-kombax-20101-r47-social-visibility-media-flow.mjs

PASS · user-side hide action removed from Social feed
PASS · Me interesa / No me interesa share one preference control
PASS · preference is reversible to neutral
PASS · repository exposes tri-state preference mutation
PASS · negative preference does not filter the post out
PASS · ranking applies positive and negative personal signals
PASS · positive preference remains compatible with interest counts
PASS · R46 hidden rows are cleared during R47 transition
PASS · visibility supports selected profiles
PASS · visibility supports profile types
PASS · existing club and federation visibility remains
PASS · post owner gets visibility action after publishing
PASS · existing-post visibility editor reloads persisted configuration
PASS · existing-post visibility editor persists all advanced selectors
PASS · visibility config is RPC-only
PASS · visibility mutation is explicit and idempotent
PASS · publisher sends profile and profile-type audience selections
PASS · quick composer excludes complex audiences that need a picker
PASS · private visibility preserves restricted-media confidentiality
PASS · repository prefers R47 relevance feed with safe fallbacks
PASS · portrait feed media has a defined mobile portrait frame
PASS · square and landscape frames are defined
PASS · image and video orientation are detected from real media dimensions
PASS · video has explicit fullscreen affordance
PASS · media viewer is immersive full-screen
PASS · fullscreen uses contain so original is not cropped
PASS · feed framing is explicit and can preserve the original
PASS · audience helper has searchable clubs and profiles plus type selector

R47 28/28 PASS

> urban-warriors-2.0.0-rc13@2.0.0-rc.13 test:20101:r48
> node scripts/test-kombax-20101-r48-events-premium-polish.mjs

PASS R48 plan exists
PASS semantic Fight Card poster marker
PASS legacy Fight Card posters recognized
PASS poster uses existing event media model
PASS poster does not require new backend table
PASS poster remains album media
PASS poster is fullscreen album target
PASS Fight Card section receives media
PASS Main Event premium hierarchy
PASS Main Event crown
PASS Co-Main dedicated hierarchy
PASS fight card tiers main co undercard
PASS Co-Main label in card
PASS structured full card summary
PASS fighter photos remain optional
PASS premium display font stack is local/system
PASS cyan and gold controlled palette
PASS mobile Main Event tuning
PASS mobile poster becomes one column
PASS reduced motion supported
PASS Fight Card manager upload flow
PASS Fight Card poster replace is non-destructive-first
PASS Fight editor exposes Main and Co-Main
PASS builder promoted to R48
PASS builder Fight Card step includes poster
PASS album marks Fight Card poster
PASS no Supabase migration required by R48 source
PASS R48 npm script registered
R48 28/28 PASS

> urban-warriors-2.0.0-rc13@2.0.0-rc.13 test:20101:r49
> node scripts/test-kombax-20101-r49-social-events-final-polish.mjs

PASS R49 master prompt exists
PASS R49 plan exists
PASS public Like action uses heart
PASS Like still uses public like mutation
PASS interest UI uses thumbs up/down
PASS interest remains tri-state
PASS private preference uses dedicated R49 RPC
PASS private preference does not mutate likes
PASS R49 feed keeps like and interest independent
PASS repository prefers R49 feed with fallbacks
PASS engagement summary exposes likes not interest counts
PASS own posts do not expose preference/like controls
PASS other posts expose four primary actions
PASS KOMBAX Social thematic policy notice exists
PASS publisher repeats thematic rule
PASS off-topic report is exposed for posts
PASS off-topic moderation is supported by backend constraint
PASS off-topic report feeds existing moderation table
PASS event discovery poster has touch motion
PASS event detail poster is keyboard/touch expandable
PASS public event poster is expandable too
PASS immersive poster viewer uses contain
PASS poster motion respects reduced motion
PASS R48 Main Event hierarchy preserved
PASS R48 Co-Main hierarchy preserved
PASS fight cards still support optional photos/fallback
PASS full Fight Card poster remains supported
PASS no new Events backend table introduced
PASS R49 npm script registered
R49 29/29 PASS

> urban-warriors-2.0.0-rc13@2.0.0-rc.13 test:20101:r50
> node scripts/test-kombax-20101-r50-media-framing-hd60.mjs

PASS R50 plan exists
PASS Social default framing preset remains contain
PASS Social image uses saved presentation
PASS Social video uses saved presentation
PASS mobile CSS no longer hard-forces cover
PASS Social media CSS obeys saved fit variable
PASS Social media CSS obeys saved X/Y focus
PASS video can open framing editor
PASS framing editor supports video preview
PASS framing preview CSS supports video
PASS Social portrait media uses exact 9:16 frame
PASS Social landscape media uses exact 16:9 frame
PASS Social square media uses exact 1:1 frame
PASS Social click viewer opens full original with contain
PASS Events detects real media orientation
PASS Events portrait media uses exact 9:16 frame
PASS Events landscape media uses exact 16:9 frame
PASS Events square media uses exact 1:1 frame
PASS Events album viewer preserves full image
PASS fullscreen remains contain for image/video
PASS Social portrait feed uses 9:16 frame
PASS Social landscape feed uses 16:9 frame
PASS Social square feed uses 1:1 frame
PASS Social framing preview uses 9:16 portrait
PASS Social publisher communicates 60 s HD
PASS Social direct upload prepares up to 60.2 s
PASS R50 Social SQL raises duration to 60.2 s
PASS R50 Social SQL raises video bytes to 100 MB
PASS R50 live follow-up migration exists
PASS R50 HD trigger helper fixes search_path
PASS R50 final HD guard is orientation-safe for 1920x1080 and 1080x1920
PASS R50 expands public/restricted media bucket headroom
PASS Club album Social route supports 60 s
PASS Direct profile Social route supports 60 s
PASS Events UI keeps 60 s HD contract
PASS Events backend already enforces <=60.2 s
PASS Events backend already allows up to 100 MB
PASS legacy WEBM/MOV reading/upload compatibility retained
PASS R49 functionality remains in source
PASS R50 npm script registered
R50 40/40 PASS
