
> urban-warriors-2.0.0-rc13@2.0.0-rc.13 test:20101:r51
> node scripts/test-kombax-20101-r51-video-covers-album-framing.mjs

PASS R51 video cover module exists
PASS video cover supports automatic frame
PASS video cover supports chosen frame
PASS video cover supports custom upload
PASS cover editor states original video is unchanged
PASS automatic video preparation returns cover time
PASS repository stores cover separately from video asset
PASS cover replacement removes previous cover only after save
PASS framing setter merges existing cover metadata
PASS album preset defaults to balanced
PASS framing accepts balanced mode
PASS framing editor offers Completo
PASS framing editor offers Equilibrado
PASS framing editor offers Rellenar
PASS balanced uses non-destructive base scale
PASS CSS applies base scale plus user zoom
PASS album video no longer forced to contain over framing
PASS KOMBAX Social video renders poster cover
PASS KOMBAX Social own video exposes cover action
PASS KOMBAX Social uses shared cover editor
PASS KOMBAX Social resolves cover through media access rules
PASS club album frames videos as well as photos
PASS member/public profile album frames videos as well as photos
PASS member album exposes manual video cover selector
PASS club album exposes manual video cover selector
PASS direct profile album frames video and renders poster
PASS direct profile album exposes framing and video cover selector
PASS club and direct profile repositories can replace video cover
PASS album removal also cleans separate video cover asset
PASS R51 album UI no longer advertises historical 15 second limit
PASS R51 album UI advertises 60 second video limit
PASS KOMBAX Events imports cover editor
PASS KOMBAX Events video cards carry presentation metadata
PASS KOMBAX Events video gets media framing style
PASS KOMBAX Events cover resolves as cover variant
PASS KOMBAX Events offers Ajustar álbum for stored video
PASS KOMBAX Events offers Elegir portada for stored video
PASS KOMBAX Events cover editor persists via repository
PASS KOMBAX Events album filter applies to photo and video cards
PASS KOMBAX Events bundled detail enriches media presentations
PASS event repository supports cover URL variant
PASS R51 migration persists balanced mode
PASS R51 migration validates cover mode
PASS R51 migration restricts cover buckets
PASS R51 migration caps cover time at 60.2 seconds
PASS restricted Social framing metadata remains visibility guarded
PASS event cover resolver exists
PASS event cover resolver accepts only asset or cover
PASS event cover resolver restricts cover to event bucket
PASS event edge function accepts cover variant
PASS event edge keeps public compatibility and signed delivery
PASS active runtime naming uses KOMBAX Social not Combat Social
PASS active runtime naming uses KOMBAX Events not Combat Events
PASS R51 npm script registered
R51 54/54 PASS
