\n>>> node scripts/test-kombax-20110-r62-4-stripe-connect-hardening.mjs
KOMBAX R62.4 STRIPE CONNECT HARDENING: PASS
\n>>> node scripts/test-kombax-20110-r62-5-showcase-events-ticketing.mjs
KOMBAX R62.5 SHOWCASE + EVENTS TICKETING: PASS
\n>>> node scripts/test-kombax-20110-r62-7-showcase-marketplace-owner.mjs
✓ tabla privada policy_documents
✓ tabla privada policy_acceptances
✓ tabla privada seller_applications
✓ tabla privada seller_events
✓ tabla privada buyer_identity_requests
✓ tabla privada buyer_identity_documents
✓ tabla privada buyer_events
✓ RPC app_showcase_seller_center_r627
✓ RPC app_showcase_seller_application_mutate_r627
✓ RPC app_showcase_seller_policy_accept_r627
✓ RPC app_kombax_buyer_trust_r627
✓ RPC app_kombax_buyer_identity_mutate_r627
✓ RPC app_kombax_marketplace_owner_dashboard_r627
✓ RPC app_kombax_marketplace_owner_seller_review_r627
✓ RPC app_kombax_marketplace_owner_buyer_review_r627
✓ RPC app_showcase_checkout_gate_r627
✓ venta exige verificación + políticas + Stripe
✓ políticas marcadas como borrador legal QA
✓ analytics separa comisión KOMBAX = 0
✓ backend marketplace no almacena tarjeta/CVC
✓ confianza comprador separa cuenta/pago/identidad
✓ identidad reforzada no bloquea compra ordinaria
✓ checkout Showcase valida marketplace antes de crear pago
✓ checkout mantiene comisión plataforma deshabilitada
✓ Showcase incorpora Centro de vendedor
✓ comprador acepta condiciones antes de pagar
✓ verificación opcional de comprador en Mis pedidos
✓ repositorio conecta Seller Center y buyer trust
✓ Owner Control Center tiene áreas separadas
✓ Owner muestra ratios de marketplace
✓ Owner distingue GMV de ingresos KOMBAX
✓ UI Marketplace/Owner responsive
R62.7 Showcase Marketplace & Owner Control Center: PASS
\n>>> node scripts/test-kombax-20110-r62-8-showcase-events-commercial.mjs
PASS Showcase product/service model and seller analytics
PASS Seller owns fulfillment status updates
PASS Buyer order center is visible and responsibilities are explicit
PASS Seller dashboard includes stock classification
PASS Events core/add-on split and server checkout gate
PASS Events UI exposes add-on and contract acceptance
PASS Owner commercial service review area
PASS Repositories expose commercial service APIs
PASS Stripe checkout enforces product and ticketing gates
PASS KOMBAX SPAIN is the public legal operator label
PASS Public legal pages exclude former personal operator data
PASS Public legal pages exclude former personal operator data
PASS Public legal pages exclude former personal operator data
PASS Ticket legal copy identifies KOMBAX SPAIN
R62.8 static QA PASS
\n>>> node scripts/test-kombax-20111-r63-commercial-compliance.mjs
KOMBAX R63 compliance static QA PASS (18/18)
\n>>> node --check web/js/modules/showcase.js
\n>>> node --check web/js/modules/kombax-events.js
\n>>> node --check web/js/core/repositories.js
\n>>> node --check web/js/core/backend.js
\n>>> node scripts/build.mjs
OK build 199 archivos · web = dist = Android
\n>>> node scripts/android-release-preflight.mjs

Urban Warriors · preflight Android RC13 build 20111

OK · Identidad Android estable — com.urbanwarriors.app
OK · Versionado de actualización — versionCode 20111
OK · Aplicación web embebida — assets/www presente
OK · Firebase para notificaciones push — configuración presente
PENDIENTE · Firma local — copia android/keystore.properties.example como android/keystore.properties

Resultado: 4/5 comprobaciones preparadas.
No generes la release definitiva hasta resolver los elementos PENDIENTE.

TARGETED_FAIL=0
