KOMBAX 20.101 R40 targeted continuity regression
2026-09-04T18:48:36Z
===== npm run test:20101:r40 =====

> urban-warriors-2.0.0-rc13@2.0.0-rc.13 test:20101:r40
> node scripts/test-kombax-20101-r40-social-events-visibility.mjs

PASS 1: plan R40 existe
PASS 2: prompt interno R40 existe
PASS 3: migración Social R40 existe
PASS 4: migración Events R40 existe
PASS 5: navegación global R39 se preserva
PASS 6: orden interno Mi Club R39 se preserva
PASS 7: Mi red tiene descriptor privado claro
PASS 8: Mi red muestra CTA Añadir a mi red
PASS 9: CTA de red tiene control propio
PASS 10: Mi red permite buscar contactos
PASS 11: solicitud de relación conserva consentimiento
PASS 12: se explicita privacidad del grafo social
PASS 13: confirmación conserva privacidad y consentimiento
PASS 14: exclusión de contenido no rompe ecosistema KOMBAX
PASS 15: backend amplía audiencias Social
PASS 16: tabla privada de reglas por club existe
PASS 17: reglas distinguen incluir y excluir
PASS 18: RLS Social R40 activa
PASS 19: tabla de reglas niega acceso directo
PASS 20: acceso directo Social revocado
PASS 21: helper de control de identidad existe
PASS 22: helper de reglas por club existe
PASS 23: audiencia Todo KOMBAX disponible
PASS 24: audiencia Mi red disponible
PASS 25: audiencia Clubes seleccionados disponible
PASS 26: audiencia por exclusión disponible
PASS 27: audiencia Solo mi club preservada
PASS 28: backend limita selección Social a 50 clubes
PASS 29: mutación procesa exclusiones
PASS 30: mutación procesa inclusiones
PASS 31: lectura Social aplica política de visibilidad
PASS 32: repositorio envía clubes incluidos
PASS 33: repositorio envía clubes excluidos
PASS 34: publisher muestra selector granular
PASS 35: publisher explica incluir/excluir
PASS 36: configuración avanzada de Events existe
PASS 37: tabla de clubes seleccionados Events existe
PASS 38: backend admite siete modos de visibilidad
PASS 39: RLS Events R40 activa
PASS 40: configuración Events niega acceso directo
PASS 41: acceso directo config Events revocado
PASS 42: gate de descubribilidad Events existe
PASS 43: RPC de mutación de visibilidad existe
PASS 44: backend limita selección Events a 50 clubes
PASS 45: etiqueta público web+KOMBAX existe
PASS 46: etiqueta Mi red existe en Events
PASS 47: etiqueta Federación existe en Events
PASS 48: etiqueta invitación existe en Events
PASS 49: discovery usa lista visible R40 primero
PASS 50: repositorio lee configuración avanzada
PASS 51: repositorio guarda configuración avanzada
PASS 52: UI tiene gestor avanzado de visibilidad
PASS 53: UI ofrece evento público
PASS 54: UI ofrece Todo KOMBAX
PASS 55: UI ofrece Mi red
PASS 56: UI ofrece un club
PASS 57: UI ofrece clubes seleccionados
PASS 58: UI ofrece Federación
PASS 59: UI ofrece invitación
PASS 60: UI explica neutralidad KOMBAX
PASS 61: menú de gestión expone Visibilidad
PASS 62: acción de gestión abre visibilidad
PASS 63: Federaciones y licencias promociona Migrations
PASS 64: CTA federativo abre Migrations directo
PASS 65: Archivo documental promociona Migrations
PASS 66: CTA documental abre Migrations directo
PASS 67: promoción explica IA asistida
PASS 68: Social R40 no referencia preparación/pesos privados
PASS 69: Events R40 no referencia preparación/pesos privados
PASS 70: Brand Business Hub R37 sigue presente
PASS 71: PWA avanza a R40 preservando marcador R39
PASS 72: service worker avanza a R40 preservando R39
PASS 73: package expone test R40
PASS 74: regresión completa incorpora R40
R40 SOCIAL EVENTS VISIBILITY: PASS 74/74
===== npm run test:20101:r39 =====

> urban-warriors-2.0.0-rc13@2.0.0-rc.13 test:20101:r39
> node scripts/test-kombax-20101-r39-club-navigation-migrations.mjs

PASS 1: plan de implementación R39 existe
PASS 2: prompt interno R39 existe
PASS 3: navegación global conserva Mi perfil + Social + Events + Showcase
PASS 4: Mi Club permanece como acordeón separado
PASS 5: KOMBAX Assist se presenta como Asistencia virtual dentro de Mi Club
PASS 6: KOMBAX Migrations mantiene identidad propia
PASS 7: Federaciones y licencias mantiene acceso interno
PASS 8: Mis licencias ya no se inserta como botón independiente del acordeón
PASS 9: ruta histórica Mis licencias se conserva por compatibilidad
PASS 10: acordeón Mi Club tiene orden funcional explícito
PASS 11: Assist, Migrations y Manual quedan agrupados en Asistencia
PASS 12: Federaciones y licencias tiene sección propia
PASS 13: licencias personales están dentro de Federaciones y licencias
PASS 14: acceso interno abre licencias personales en contexto federativo
PASS 15: Inicio promociona Migrations contextual
PASS 16: CTA de Inicio abre Migrations directamente
PASS 17: Alumnos promociona migración contextual
PASS 18: CTA de Alumnos abre Migrations directamente
PASS 19: Finanzas promociona migración contextual
PASS 20: CTA de Finanzas abre Migrations directamente
PASS 21: Perfil del Club conserva promoción directa de Migrations
PASS 22: Assist y Migrations mantienen rutas funcionales separadas
PASS 23: Assist conserva flujo email-first
PASS 24: Migrations conserva acceso directo sin validación previa
PASS 25: Migrations explica autoservicio directo
PASS 26: PWA posterior conserva R39 como marcador histórico
PASS 27: service worker posterior conserva R39 como marcador histórico
PASS 28: reordenación del acordeón no absorbe la navegación global KOMBAX
PASS 29: package expone test R39
PASS 30: regresión completa incorpora R39
R39 CLUB NAVIGATION MIGRATIONS: PASS 30/30
===== npm run test:20101:r38 =====

> urban-warriors-2.0.0-rc13@2.0.0-rc.13 test:20101:r38
> node scripts/test-kombax-20101-r38-assist-chat-migration-economy.mjs

PASS 1: foundation de economía/chat R38 existe
PASS 2: API customer-safe R38 existe
PASS 3: API service-only R38 existe
PASS 4: metering documental R38 existe
PASS 5: hardening R38 existe
PASS 6: separación Assist/Migrations R38 existe
PASS 7: gate customer-safe de activación Assist R38 existe
PASS 8: índices de rendimiento R38 existen
PASS 9: Edge Function KOMBAX Assist R38 existe
PASS 10: economía privada limita coste mensual y por caso
PASS 11: Basic tiene guardrails económicos explícitos
PASS 12: Premium tiene guardrails económicos explícitos
PASS 13: Federation tiene guardrails económicos explícitos
PASS 14: router privado contempla modelo económico y escalado
PASS 15: procesamiento limita archivos, visuales y MB por lote
PASS 16: visión restringida a detalle low/auto
PASS 17: chat y ledger de turnos son persistentes
PASS 18: ledger privado tiene RLS
PASS 19: ledger de coste no tiene acceso directo de cliente
PASS 20: dashboard customer-safe existe
PASS 21: dashboard visible no expone modelo, tokens ni coste
PASS 22: RPC interna mutable usa VOLATILE y search_path vacío
PASS 23: contexto interno solo se concede a service_role
PASS 24: cliente no puede leer política/modelo interno
PASS 25: guardrails bloquean consumo anómalo antes de nueva llamada
PASS 26: migración conserva caso por ticket
PASS 27: migración admite hojas, PDF e imágenes
PASS 28: registro de archivos aplica límites de documentos y volumen
PASS 29: documentos y MB se contabilizan al subir
PASS 30: vista previa exige confirmación antes de importar
PASS 31: resultados extraídos se cachean por archivo
PASS 32: Edge Function usa secreto de entorno y no contiene API key
PASS 33: Responses API desactiva almacenamiento remoto de la respuesta
PASS 34: runtime envía imágenes y archivos mediante inputs multimodales
PASS 35: visión/PDF usa detalle económico configurado
PASS 36: salida está acotada por política
PASS 37: parser soporta salida REST anidada de Responses API
PASS 38: facturación usa alias de política y no un identificador devuelto inesperado
PASS 39: migración devuelve y guarda análisis por lote
PASS 40: runtime identifica Migrations como canal visible independiente
PASS 41: prompt de migración prohíbe importación automática
PASS 42: KOMBAX Assist mantiene ruta visible propia aunque R39 simplifique su etiqueta
PASS 43: KOMBAX Migrations tiene ruta visible independiente
PASS 44: Assist y Migrations siguen en navegación y la ruta histórica de licencias permanece compatible
PASS 45: frontend consume cupo customer-safe
PASS 46: frontend usa metering y preview R38
PASS 47: chat invoca Edge Function con timeout adecuado para IA
PASS 48: stack frontend permite timeout específico sin afectar otras funciones
PASS 49: Migrations visible incluye hilo y compositor
PASS 50: usuario ve límites separados y comprensibles sin tokens
PASS 51: migración visible es directa y ejecuta lotes pequeños
PASS 52: UI explica continuidad del mismo caso de migración
PASS 53: UI mantiene gate de confirmación
PASS 54: Assist es email-first y no ofrece creación directa de chat
PASS 55: backend exige chat guiado activo para Assist y exime Migrations
PASS 56: cliente no puede autoactivar Assist mediante RPC histórica
PASS 57: frontend usa mutación customer-safe v233 y no expone autoactivación
PASS 58: R38 indexa FKs de turnos y mensajes señaladas por advisor
PASS 59: R38 indexa FKs de análisis de migración señaladas por advisor
PASS 60: Privacidad/soporte refleja email-first y activación guiada
PASS 61: banner de perfiles anuncia acceso directo a migración multimodal
PASS 62: R38 añade diseño responsive específico de chat/cupos
PASS 63: R38 Assist/Migrations no toca preparación ni peso privado
PASS 64: R38 permanece preservado en la cadena PWA
PASS 65: R38 permanece preservado en la cadena del service worker
PASS 66: package expone test R38
PASS 67: regresión completa incorpora R38
R38 ASSIST CHAT MIGRATION ECONOMY: PASS 67/67
===== npm run test:20101:r37 =====

> urban-warriors-2.0.0-rc13@2.0.0-rc.13 test:20101:r37
> node scripts/test-kombax-20101-r37-brand-business-hub.mjs

PASS 1: migración foundation R37 existe
PASS 2: migración API R37 existe
PASS 3: hardening R37 existe
PASS 4: proyección pública y opt-in de Club/Event R37 existen
PASS 5: Marca tiene configuración comercial opt-in
PASS 6: campañas soportan privada y abierta
PASS 7: campañas contemplan embajadores, competidores, clubes, eventos y lanzamientos
PASS 8: descubrimiento comercial de competidor nace desactivado
PASS 9: propuestas entrantes requieren opt-in separado
PASS 10: competidor controla vía de contacto comercial
PASS 11: propuestas conectan Marca con perfiles, clubes y eventos
PASS 12: campañas abiertas admiten solicitud entrante
PASS 13: CRM dispone de ciclo completo de colaboración
PASS 14: equipo Marca dispone de roles comerciales
PASS 15: operaciones sensibles tienen auditoría
PASS 16: todas las tablas R37 activan RLS
PASS 17: tablas comerciales no exponen acceso directo
PASS 18: workspace Marca tiene RPC dedicada
PASS 19: Brand Discovery tiene RPC dedicada
PASS 20: Brand Discovery separa competidores, clubes y eventos
PASS 21: competidores solo aparecen tras opt-in explícito
PASS 22: clubes solo aparecen con perfil/contacto público habilitado
PASS 23: patrocinios buscan únicamente Events publicados
PASS 24: discovery declara frontera de datos públicos
PASS 25: Brand Business nunca consulta peso/preparación privada
PASS 26: campañas abiertas son descubribles por perfiles autorizados
PASS 27: solo campañas activas y abiertas aparecen externamente
PASS 28: perfil dispone de preferencias e inbox comercial
PASS 29: mutación cubre configuración, campañas y propuestas
PASS 30: CRM permite respuesta del destinatario y gestión posterior de Marca
PASS 31: interés en campaña abierta exige opt-in del perfil
PASS 32: rol comercial solo se asigna sobre gestores autorizados
PASS 33: base conserva scopes de gestores
PASS 34: asignación de roles de Marca exige permiso admin
PASS 35: hardening niega DML directo por política explícita
PASS 36: hardening fija search_path vacío en RPC R37
PASS 37: anon no ejecuta RPC comerciales privadas
PASS 38: repositorio consume Business Hub y Discovery
PASS 39: Club no entra en Brand Discovery sin opt-in comercial explícito
PASS 40: Evento público no entra en patrocinios sin opt-in explícito
PASS 41: Discovery v224 exige consentimiento comercial por tipo de objetivo
PASS 42: trigger impide saltarse el opt-in al insertar una propuesta
PASS 43: Marca tiene proyección pública comercial limitada
PASS 44: solo la proyección pública de Marca puede ser consultada por anon
PASS 45: Mi Club controla si acepta búsquedas/propuestas de Marca
PASS 46: KOMBAX Events controla si acepta patrocinios de Marca
PASS 47: perfil público Marca muestra posicionamiento y campañas abiertas
PASS 48: repositorio usa discovery opt-in y proyección pública R37
PASS 49: UI implementa Business Hub completo
PASS 50: UI permite crear modelos de campaña
PASS 51: UI permite descubrir los tres públicos objetivo
PASS 52: UI integra propuesta y pipeline CRM
PASS 53: UI integra patrocinios de Events
PASS 54: Mi Marca expone módulos comerciales propios
PASS 55: Competidor/profesional recibe centro de colaboraciones separado
PASS 56: UI declara independencia entre combate y colaboración comercial
PASS 57: perfil controla localización y propuestas entrantes
PASS 58: R37 incluye diseño responsive del Business Hub
PASS 59: PWA avanza a R37 preservando marcador R36
PASS 60: service worker avanza cache R37 preservando R36
PASS 61: package expone test específico R37
PASS 62: regresión completa incorpora R37
R37 BRAND BUSINESS HUB: PASS 62/62
===== npm run test:20101:r36 =====

> urban-warriors-2.0.0-rc13@2.0.0-rc.13 test:20101:r36
> node scripts/test-kombax-20101-r36-event-links-fighter-discovery.mjs

PASS 1: migración de conexión R36 existe
PASS 2: migración Fighter Discovery R36 existe
PASS 3: hardening R36 existe
PASS 4: conexión es explícita y uno-a-uno
PASS 5: conexión es reversible y pausable
PASS 6: publicación nace totalmente opt-in
PASS 7: pesaje oficial no se publica por defecto
PASS 8: organización usa permisos granulares
PASS 9: acciones sensibles conservan auditoría
PASS 10: conectar exige gestionar ambos eventos
PASS 11: no hay auto-fusión ni doble conexión
PASS 12: publicación genera proyección autorizada
PASS 13: conexión pública no consulta historial privado de peso
PASS 14: tablas R36 de conexión tienen RLS y acceso directo revocado
PASS 15: Fighter Discovery tiene estado público separado
PASS 16: competidor no es localizable por defecto
PASS 17: disponibilidad admite short notice
PASS 18: competidor controla vía de contacto
PASS 19: solo se publica rango competitivo declarado
PASS 20: discovery/invitaciones no tocan pesos privados R35
PASS 21: descubrimiento abierto queda restringido a adultos
PASS 22: backend bloquea activación de discovery para menores
PASS 23: backend expone búsqueda deportiva específica
PASS 24: búsqueda ordena compatibilidad y urgencia
PASS 25: invitación tiene ciclo pendiente→aceptación→registro
PASS 26: aceptar no inscribe automáticamente
PASS 27: solo organización autorizada puede invitar/registrar
PASS 28: solo el competidor/representación autorizada responde
PASS 29: hardening deniega DML directo en nuevas tablas
PASS 30: solo proyección pública autorizada es legible por anon
PASS 31: repositorio consume conexión R36
PASS 32: repositorio consume Fighter Discovery
PASS 33: UI comunica conexión sin publicación automática
PASS 34: UI ofrece política granular
PASS 35: Mi Club > Eventos incorpora conexión voluntaria
PASS 36: KOMBAX Events incorpora búsqueda de sustituto/rival
PASS 37: KOMBAX Social incorpora buscador de peleadores
PASS 38: perfil Competidor abre centro de oportunidades, disponibilidad y contacto
PASS 39: UI de búsqueda explica frontera de peso privado
PASS 40: UI exige aceptación antes de inscripción
PASS 41: competidor dispone de bandeja para aceptar o rechazar invitaciones
PASS 42: búsqueda Social permite saltar al perfil público y contacto
PASS 43: editor usa rango público en vez de peso actual
PASS 44: editor mantiene seguimiento privado fuera de discovery
PASS 45: privacidad R35 de pesos se conserva
PASS 46: R36 incluye UI responsive para ambos flujos
PASS 47: cache PWA avanza a R36
PASS 48: package expone test específico R36
PASS 49: regresión completa incorpora R36
R36 EVENT LINKS + FIGHTER DISCOVERY: PASS 49/49
===== npm run test:20101:r35 =====

> urban-warriors-2.0.0-rc13@2.0.0-rc.13 test:20101:r35
> node scripts/test-kombax-20101-r35-event-centric-preparation.mjs

PASS 1: migración R35 event-centric existe
PASS 2: hardening de privacidad R35 existe
PASS 3: preparación se ancla a la inscripción pública o interna
PASS 4: solo existe una preparación privada por inscripción
PASS 5: pesaje oficial tiene registro propio bloqueable
PASS 6: pesaje oficial tiene RLS y sin acceso directo
PASS 7: backend expone roster unificado de preparación por evento
PASS 8: backend expone mutación estrecha de inscripción/preparación
PASS 9: backend soporta KOMBAX Events y eventos internos de club
PASS 10: activación privada nace desde una inscripción concreta
PASS 11: fichas externas no reciben histórico privado sin perfil KOMBAX
PASS 12: pesaje oficial se registra una vez y queda bloqueado
PASS 13: organización del evento no hereda acceso al histórico privado
PASS 14: lectura de pesos diarios exige permiso privado
PASS 15: entrenador/monitor necesita autorización explícita para esa preparación
PASS 16: dirección/coordinación conserva administración privada del propio club
PASS 17: equipo autorizado conserva permisos granulares
PASS 18: club que presenta al atleta no abre el histórico a roles genéricos
PASS 19: repositorio consume roster R35
PASS 20: repositorio consume mutación R35
PASS 21: UI privada abre el seguimiento desde la inscripción
PASS 22: UI diferencia y bloquea pesaje oficial
PASS 23: UI explica separación de privacidad para federación/organizador
PASS 24: UI trata participantes externos sin inventar histórico privado
PASS 25: R35 elimina creación independiente de nuevas preparaciones
PASS 26: KOMBAX Events muestra preparación por cada inscripción
PASS 27: KOMBAX Events incorpora pesaje oficial por inscripción
PASS 28: KOMBAX Events retira el acceso global de preparación
PASS 29: Mi Club > Eventos usa el mismo seguimiento por inscripción
PASS 30: eventos internos incorporan pesaje oficial
PASS 31: perfil Competidor accede por Mis competiciones
PASS 32: miembro/alumno accede por Mis competiciones
PASS 33: Mi Club no añade una capa permanente Competidores/Preparación
PASS 34: sidebar/router no contiene la antigua sección independiente
PASS 35: identidad Android y versionado base permanecen intactos
PASS 36: R35 mantiene límite deportivo no médico
PASS 37: cache PWA preserva continuidad R35 y permite versiones posteriores
PASS 38: package expone test específico R35
PASS 39: regresión completa incorpora R35
R35 EVENT-CENTRIC COMPETITION PREPARATION: PASS 39/39
===== npm run test:20101:r34 =====

> urban-warriors-2.0.0-rc13@2.0.0-rc.13 test:20101:r34
> node scripts/test-kombax-20101-r34-assist-preparation.mjs

PASS 1: módulo Mi preparación existe
PASS 2: banner R34 de migración sigue disponible, ahora como KOMBAX Migrations directo
PASS 3: banner mantiene revisión y confirmación antes de importar
PASS 4: flujo de migración conserva documentos heterogéneos en el canal Migrations
PASS 5: flujo de migración mantiene confirmación humana bajo la identidad KOMBAX Migrations
PASS 6: archivos seleccionados se suben realmente al staging privado
PASS 7: repositorio enlaza bucket privado y usa el registro de archivo R38 compatible con R34
PASS 8: backend registra metadatos privados de archivos de migración
PASS 9: bucket de migración es privado y limita 10 MB
PASS 10: storage de migración queda ligado al propietario del ticket
PASS 11: backend contiene preparación de competición
PASS 12: backend contiene historial de peso
PASS 13: backend contiene accesos explícitos del equipo
PASS 14: peso privado aplica RLS y deniega acceso directo
PASS 15: foto de báscula usa bucket privado
PASS 16: permisos contemplan equipo/representación existente
PASS 17: pesajes distinguen autoregistro, equipo y oficial
PASS 18: seguimiento admite frecuencia semanal, 3/semana, diaria y personalizada
PASS 19: UI bloquea framing médico o de weight-cut peligroso
PASS 20: UI declara privacidad por defecto
PASS 21: perfil Competidor conserva acceso personal al seguimiento, ahora como Mis competiciones
PASS 22: miembro/alumno conserva acceso personal al seguimiento desde Mis competiciones
PASS 23: Mi Club conserva Assist y R35 retira el acceso independiente de preparación
PASS 24: R34 conserva accesos explícitos del equipo de preparación
PASS 25: KOMBAX Events enlaza el seguimiento privado a una inscripción concreta
PASS 26: frontend usa RPCs estrechos del módulo de preparación
PASS 27: evidencia privada se registra y abre con URL firmada temporal
PASS 28: errores nuevos tienen mensajes de usuario no técnicos
PASS 29: R35 retira la ruta/sidebar independiente sin eliminar el módulo reutilizable
PASS 30: nueva UX tiene estilos responsive propios
PASS 31: cache PWA mantiene continuidad R34 y admite versiones posteriores
PASS 32: package expone test específico R34
PASS 33: regresión completa incorpora R34
R34 ASSIST MIGRATION + COMPETITION PREPARATION: PASS 33/33
===== npm run test:20101:r33.1 =====

> urban-warriors-2.0.0-rc13@2.0.0-rc.13 test:20101:r33.1
> node scripts/test-kombax-20101-r33-1-federation-ux.mjs

PASS 1: plan R33.1 documenta cierre UX transversal
PASS 2: Mi Club tiene ruta visible a Federaciones y licencias
PASS 3: Mi Club/Mi Cuenta tiene ruta de Mis licencias personales
PASS 4: administración federativa del Club se limita en navegación a roles autorizados
PASS 5: Mis licencias mantiene acceso de cuenta; R39 puede agruparlo dentro de Federaciones y licencias
PASS 6: sidebar/área federativa mantiene agrupación coherente de licencias
PASS 7: sidebar tiene iconografía para ambos accesos
PASS 8: hub de identidades tiene matriz UX federativa explícita
PASS 9: Mi Federación expone administración, federados, licencias, clubes y equipo
PASS 10: Mi Competidor expone Mis licencias
PASS 11: Mi actividad expone sus propias licencias
PASS 12: licencias de terceros en Profesional siguen condicionadas por capability
PASS 13: Federación, Marca y Espectador reciben herramienta de licencias personales de cuenta
PASS 14: UX aclara que Mis licencias personales no concede poderes a la identidad activa
PASS 15: renderer de licencias soporta identidad o cuenta y modo embebido
PASS 16: Mis licencias preserva el shell de Mi Club cuando se abre desde sidebar
PASS 17: error de Mis licencias embebidas no destruye el shell del Club
PASS 18: Mi Federación acepta foco de navegación por módulo
PASS 19: Mi Federación enfoca Equipo o Clubes relacionados desde tarjetas
PASS 20: Mi Federación enfoca Federados/Licencias desde tarjetas
PASS 21: backend workspace R33.1 anuncia módulos federativos
PASS 22: backend workspace anuncia licencias de Competidor y Profesional
PASS 23: RPC workspace identifica versión R33.1
PASS 24: migración no abre RPC a anon y conserva authenticated
PASS 25: cache R33.1 permanece preservada en la cadena PWA
PASS 26: herramienta transversal de cuenta tiene tratamiento responsive propio
PASS 27: regresión completa incluye el test R33.1
R33.1 FEDERATION UX ALL PROFILES: PASS 27/27
===== npm run test:20101:r33 =====

> urban-warriors-2.0.0-rc13@2.0.0-rc.13 test:20101:r33
> node scripts/test-kombax-20101-federation-licenses-r33.mjs

PASS 1: plan R33 existe antes del cierre
PASS 2: módulo transversal Federación/Licencias existe
PASS 3: Mi Federación tiene workspace administrativo
PASS 4: Mi Club tiene administración federativa
PASS 5: Mi Competidor tiene Mis licencias
PASS 6: Profesional tiene licencias autorizadas
PASS 7: Mi Cuenta muestra invitaciones federativas pendientes
PASS 8: UX explica privacidad cross-federation
PASS 9: UX no expone otras federaciones del Club
PASS 10: Mi Federación muestra KPIs federativos
PASS 11: Mi Federación limita clubes a relación propia
PASS 12: Mi Federación muestra equipo propio
PASS 13: UI contempla seis roles federativos
PASS 14: UI crea invitación de equipo federativo
PASS 15: UI acepta o rechaza invitación federativa
PASS 16: UI revoca miembro federativo
PASS 17: frontend usa federation_invitation_id compatible con Edge Function v3
PASS 18: Edge Function detecta invitación federativa por ID específico
PASS 19: Edge Function obtiene payload federativo autorizado
PASS 20: correo soporta equipo federativo y etiquetas de rol
PASS 21: Edge Function exige bearer autenticado además de verify_jwt en despliegue
PASS 22: repository conecta contexto Mi Federación v200
PASS 23: repository conecta contexto Mi Club v200
PASS 24: repository conecta Mis licencias v200
PASS 25: repository conecta licencias autorizadas Profesionales
PASS 26: Club puede buscar directorio de Federaciones verificadas
PASS 27: mutaciones federativas pasan por RPC central
PASS 28: documentos usan bucket federativo privado dedicado
PASS 29: frontend limita documentos a PDF/JPEG/PNG
PASS 30: frontend aplica límite de 10 MB
PASS 31: documentos se abren con URL firmada temporal de 5 minutos
PASS 32: subir documento no equivale a compartirlo
PASS 33: compartición con Federación es explícita
PASS 34: Club puede enviar expediente a Federación
PASS 35: Federación puede revisar expediente
PASS 36: flujo de revisión incluye aprobar y solicitar documentación
PASS 37: Competidor visualiza historial de licencias
PASS 38: Profesional solo ve compartición expresa o delegación válida
PASS 39: managed hub enruta módulos federativos
PASS 40: managed hub enruta Competidor y Profesional
PASS 41: Mi Club expone entrada Federaciones y licencias
PASS 42: Gateway integra invitaciones federativas en Mi Cuenta
PASS 43: reconciliación registra versiones live 205–209
PASS 44: trace 205 conserva hash SQL live
PASS 45: trace 206 conserva hash SQL live
PASS 46: trace 207 conserva hash SQL live
PASS 47: trace 208 conserva hash SQL live
PASS 48: 209 incluye hardening de índices FK R33
PASS 49: PWA/cache avanzados a R33
PASS 50: Android conserva applicationId y Firebase
PASS 51: R33 no introduce pasarela de pago federativa
PASS 52: R33 no introduce historia clínica ni datos clínicos
R33 FEDERATION LICENSES ADMIN: PASS 52/52
===== npm run test:20101:r32 =====

> urban-warriors-2.0.0-rc13@2.0.0-rc.13 test:20101:r32
> node scripts/test-kombax-20101-profile-matrix-r32.mjs

PASS 1: Plan Maestro PDF + transcripción Markdown empaquetables
PASS 2: taxonomía contiene Competidor, Profesional y Espectador
PASS 3: Competidor permanece fuera del catálogo Profesional
PASS 4: catálogo Profesional controlado incluye cinco especialidades iniciales
PASS 5: age gate Profesional 18+ visible y persistente
PASS 6: age gate Espectador 16+ visible y persistente
PASS 7: Espectador no publica ni entra al flujo de verificación profesional por defecto
PASS 8: shells gestionados son distintos y coherentes
PASS 9: Mi Federación explicita frontera privada respecto a Club
PASS 10: workspace Federación backend declara no acceso privado Club/cross-profile
PASS 11: identidad activa tiene storage segregado y evento explícito de cambio
PASS 12: resolver central consulta capacidades efectivas del backend
PASS 13: repositories conectan hubs, operaciones y Finanzas por RPC versionada
PASS 14: Manager usa delegación solicitada/aceptada/revocable/expirable
PASS 15: Médico no incorpora expediente/historia clínica
PASS 16: Médico/Árbitro limitados por especialidad y asignación Events
PASS 17: Promotor obtiene Events mediante capacidades específicas
PASS 18: Finanzas Profesionales están detrás de capabilities propias
PASS 19: tablas Finanzas Profesionales no contienen fake club_id
PASS 20: Finanzas Profesionales se aíslan por subject y cierran DML directo
PASS 21: runtime financiero protege sobrepago y edición por debajo de pagos registrados
PASS 22: backend declara no cobro, no facturación fiscal y no fake Club
PASS 23: adapter financiero común mantiene scope Club/Professional explícito
PASS 24: UI profesional no se presenta como pasarela de cobro
PASS 25: avisos profesionales reutilizan notificaciones con subject direct_profile
PASS 26: hardening fusiona direct_profile en la policy histórica de notificaciones
PASS 27: Mi actividad solo muestra Finanzas cuando capabilities lo permiten
PASS 28: servicios globales permanecen compartidos entre shells
PASS 29: Club sigue siendo un scope financiero independiente, no migrado al subject Profesional
PASS 30: migraciones R29–R31 no contienen destrucción masiva de dominios existentes
PASS 31: pruebas históricas de escala/10K siguen incluidas para compatibilidad multi-club
PASS 32: Android conserva applicationId y Firebase
PASS 33: PWA/cache R32 o posterior conservando build 20.101
PASS 34: responsive conserva gates móvil/tablet/desktop
PASS 35: plan R32 prohíbe deploy/push durante este cierre
PASS 36: R32 mantiene fuera de alcance pagos, salud clínica y publicación libre Espectador
R32 PROFILE MATRIX HARDENING: PASS 36/36
