## node syntax
JS_SYNTAX_OK
## R65 targeted

> urban-warriors-2.0.0-rc13@2.0.0-rc.13 test:20116:r65
> node scripts/test-kombax-20116-r65-commerce-events-operations.mjs

✓ R65 identity / build 20116
✓ Private ledgers exist and are RLS protected
✓ Direct-charge refund uses application fee return and never reverse_transfer
✓ Refund is idempotent and Stripe pending is not finalized as success
✓ Partial refunds are explicit and event tickets are mapped exactly
✓ Restock is independent and audited
✓ Event cancellation creates resumable refund processing
✓ Showcase Finance Center and live Stripe balance are wired
✓ Events Finance Center and refunds are wired
✓ Transactional communications use the shared outbox and Resend worker
✓ Enterprise BI exists for Showcase and Events and uses real QR audit
✓ QR access history is operationally exposed
✓ Seller operational surface contains refunds, finance, stock and comms
✓ Events operational surface contains finance, refunds, comms and access history
✓ Webhook uses R65 partial-refund-safe apply function
✓ Sensitive R65 Edge functions require JWT
✓ R65 event sales projection includes refund state
✓ KOMBAX SaaS Stripe Billing phase 10 remains intentionally untouched

R65 QA: 18/18 passed
## R64.4

> urban-warriors-2.0.0-rc13@2.0.0-rc.13 test:20115:r64.4
> node scripts/test-kombax-20115-r64-4-final-pricing.mjs

FAIL Build 20115 / R64.4 identity: Missing build: 20115
PASS Destacar fallback is 3/5/8 EUR
PASS Destacar Events selector is 3/5/8 EUR
PASS Destacar Showcase selector is 3/5/8 EUR
PASS Destacar migration preserves frequency caps
PASS Club/Premium/Enterprise current Showcase model preserved
PASS Club Commerce 12 EUR monthly preserved
PASS Ticketing tiers preserved
PASS Ticketing buyer fee remains zero
PASS Publication Events pricing preserved
PASS Stripe checkout supports application fee
PASS Commercial PDF wired

R64.4 Final Pricing QA: 11/12 passed
## R64.3

> urban-warriors-2.0.0-rc13@2.0.0-rc.13 test:20114:r64.3
> node scripts/test-kombax-20114-r64-3-showcase-commerce-ticketing.mjs

FAIL Build 20114 / R64.3 identity: Missing build: 20114
PASS Club has Showcase 15
PASS Club Commerce is monthly addon
PASS Premium has 25 models and Commerce included
PASS Enterprise remains unlimited Commerce
PASS Club onboarding copy reflects new tiers
PASS Club hub copy reflects new Showcase model
PASS Showcase management explains basic Club Commerce
PASS Backend Club can manage Showcase
PASS Backend Club visible limit 15 Premium 25
PASS Premium Commerce allowed without entitlement
PASS Club Commerce requires active entitlement
PASS Commerce request only for Club 30 days
PASS Commerce renewal can queue after current activation
PASS Ticket buyer fee removed
PASS Ticketing tiers are exact
PASS Ticketing UI shows capacity activation
PASS Gran Evento stays custom
PASS Ticketing still includes QR/access
PASS Ticketing does not charge buyer fee at checkout copy
FAIL Publication and promotion pricing preserved: Missing content_promotion:{7:1500,15:2400,30:3500
PASS Platform fee model preserved
PASS Urban Premium now inherits Commerce by plan
PASS Commercial PDF remains wired
PASS No break-even UI

R64.3 Showcase/Commerce/Ticketing QA: 23/25 passed
## R62.8

> urban-warriors-2.0.0-rc13@2.0.0-rc.13 test:20110:r62.8
> npm run test:20110:r62.7 && node scripts/test-kombax-20110-r62-8-showcase-events-commercial.mjs


> urban-warriors-2.0.0-rc13@2.0.0-rc.13 test:20110:r62.7
> npm run test:20110:r62.6 && node scripts/test-kombax-20110-r62-7-showcase-marketplace-owner.mjs


> urban-warriors-2.0.0-rc13@2.0.0-rc.13 test:20110:r62.6
> npm run test:20110:r62.5.3 && node scripts/test-kombax-20110-r62-6-social-discovery.mjs


> urban-warriors-2.0.0-rc13@2.0.0-rc.13 test:20110:r62.5.3
> npm run test:20110:r62.5.2 && node scripts/test-kombax-20110-r62-5-3-ticket-personalization.mjs


> urban-warriors-2.0.0-rc13@2.0.0-rc.13 test:20110:r62.5.2
> npm run test:20110:r62.5 && node scripts/test-kombax-20110-r62-5-2-ticket-qr-access-sidebar.mjs


> urban-warriors-2.0.0-rc13@2.0.0-rc.13 test:20110:r62.5
> npm run test:20110:r62.4 && node scripts/test-kombax-20110-r62-5-showcase-events-ticketing.mjs


> urban-warriors-2.0.0-rc13@2.0.0-rc.13 test:20110:r62.4
> node scripts/test-kombax-20110-r61-payments-commerce.mjs && node scripts/test-kombax-20110-r62-4-stripe-connect-hardening.mjs && node scripts/test-kombax-20110-r62-4-sql-integrity.mjs

node:internal/modules/run_main:123
    triggerUncaughtException(
    ^

AssertionError [ERR_ASSERTION]: The input was expected to not match the regular expression /transfer_data\]\[destination|on_behalf_of|application_fee_amount/. Input:

"import 'jsr:@supabase/functions-js/edge-runtime.d.ts';\n" +
  "import {authenticatedUser,cors,env,json,safeError,serviceRpc,stripe} from '../_shared/stripe.ts';\n" +
  '\n' +
  'Deno.serve(async(request:Request)=>{\n' +
  "  if(request.method==='OPTIONS')return new Response('ok',{headers:cors});\n" +
  "  if(request.method!=='POST')return json(405,{ok:false,error:'method_not_allowed'});\n" +
  "  const cfg=env();if(!cfg.supabaseUrl||!cfg.publishableKey||!cfg.secretKey||!cfg.stripeConnectKey||!cfg.appUrl)return json(503,{ok:false,error:'connect_not_configured'});\n" +
  "  const user=await authenticatedUser(request);if(!user?.id)return json(401,{ok:false,error:'auth_required'});\n" +
  "  let body:any={};try{body=await request.json()}catch{return json(400,{ok:false,error:'invalid_json'})}\n" +
  "  const kind=String(body.kind||''),referenceId=String(body.reference_id||''),requestId=String(body.request_id||crypto.randomUUID());\n" +
  "  if(!['club_fee','showcase_order','event_ticket'].includes(kind)||!/^[0-9a-f-]{36}$/i.test(referenceId)||!/^[0-9a-f-]{36}$/i.test(requestId))return json(400,{ok:false,error:'invalid_checkout'});\n" +
  '  try{\n' +
  "    if(kind==='showcase_order'||kind==='event_ticket'){\n" +
  "      await serviceRpc('app_kombax_checkout_adult_gate_r629',{p_actor_id:user.id,p_kind:kind});\n" +
  '    }\n' +
  "    if(kind==='showcase_order'){\n" +
  "      await serviceRpc('app_showcase_checkout_gate_r627',{p_actor_id:user.id,p_product_id:referenceId});\n" +
  '    }\n' +
  "    if(kind==='event_ticket'){\n" +
  "      await serviceRpc('app_event_ticket_checkout_gate_r628',{p_actor_id:user.id,p_event_id:referenceId});\n" +
  '    }\n' +
  "    const prepared=await serviceRpc('app_stripe_checkout_prepare_internal_v259',{p_actor_id:user.id,p_kind:kind,p_reference_id:referenceId,p_quantity:Number(body.quantity||1),p_request_id:requestId});\n" +
  "    const account=String(prepared.stripe_account_id||'');\n" +
  "    if(!/^acct_[A-Za-z0-9]+$/.test(account))throw new Error('CONNECTED_ACCOUNT_REQUIRED');\n" +
  "    if(prepared?.stripe_checkout_session_id){const existing=await stripe(`checkout/sessions/${prepared.stripe_checkout_session_id}`,'GET',{},account);return json(200,{ok:true,url:existing.url,session_id:existing.id,reused:true});}\n" +
  '    const attemptId=String(prepared.attempt_id);\n' +
  '    const form:Record<string,unknown>={\n' +
  "      mode:'payment',success_url:`${cfg.appUrl}/?payment=success&payment_kind=${encodeURIComponent(kind)}&session_id={CHECKOUT_SESSION_ID}`,cancel_url:`${cfg.appUrl}/?payment=cancelled&payment_kind=${encodeURIComponent(kind)}`,\n" +
  "      'payment_intent_data[metadata][attempt_id]':attemptId,'metadata[attempt_id]':attemptId,'metadata[kind]':kind,\n" +
  "      'payment_intent_data[metadata][seller_amount_minor]':String(prepared.seller_amount_minor||prepared.amount_minor||0),\n" +
  "      'payment_intent_data[metadata][buyer_service_fee_minor]':String(prepared.buyer_service_fee_minor||0),\n" +
  "      'payment_intent_data[metadata][platform_percentage_fee_minor]':String(prepared.platform_percentage_fee_minor||0),\n" +
  "      'customer_email':user.email||undefined,'locale':'es','billing_address_collection':'auto'\n" +
  '    };\n' +
  "    if(kind==='event_ticket'){\n" +
  '      const qty=Math.max(1,Number(prepared.ticket_quantity||body.quantity||1));\n' +
  '      const unit=Math.max(0,Number(prepared.ticket_unit_amount_minor||0));\n' +
  '      const buyerFeeTotal=Math.max(0,Number(prepared.buyer_service_fee_minor||0));\n' +
  '      const buyerFeeUnit=qty>0?Math.round(buyerFeeTotal/qty):0;\n' +
  "      form['line_items[0][quantity]']=String(qty);\n" +
  "      form['line_items[0][price_data][currency]']=prepared.currency||'eur';\n" +
  "      form['line_items[0][price_data][unit_amount]']=String(unit);\n" +
  "      form['line_items[0][price_data][product_data][name]']=prepared.name||'Entrada KOMBAX Events';\n" +
  '      if(buyerFeeUnit>0){\n' +
  "        form['line_items[1][quantity]']=String(qty);\n" +
  "        form['line_items[1][price_data][currency]']=prepared.currency||'eur';\n" +
  "        form['line_items[1][price_data][unit_amount]']=String(buyerFeeUnit);\n" +
  "        form['line_items[1][price_data][product_data][name]']='Gastos de gestión KOMBAX';\n" +
  '      }\n' +
  '    }else{\n' +
  "      form['line_items[0][quantity]']='1';\n" +
  "      form['line_items[0][price_data][currency]']=prepared.currency||'eur';\n" +
  "      form['line_items[0][price_data][unit_amount]']=String(prepared.amount_minor);\n" +
  "      form['line_items[0][price_data][product_data][name]']=prepared.name||'Pago KOMBAX';\n" +
  '    }\n' +
  '    const applicationFee=Math.max(0,Number(prepared.platform_fee_minor||0));\n' +
  "    if(applicationFee>0)form['payment_intent_data[application_fee_amount]']=String(applicationFee);\n" +
  '    if(prepared.collect_shipping===true){\n' +
  "      form['shipping_address_collection[allowed_countries][0]']='ES';\n" +
  "      form['shipping_address_collection[allowed_countries][1]']='PT';\n" +
  "      form['shipping_address_collection[allowed_countries][2]']='FR';\n" +
  "      form['phone_number_collection[enabled]']='true';\n" +
  '    }\n' +
  "    if(prepared.seller_name)form['line_items[0][price_data][product_data][description]']=`Vendido por: ${prepared.seller_name}`;\n" +
  "    const session=await stripe('checkout/sessions','POST',form,account,{idempotencyKey:`kombax-checkout-${attemptId}`});\n" +
  "    await serviceRpc('app_stripe_attempt_attach_internal_v259',{p_attempt_id:attemptId,p_checkout_session_id:session.id,p_payment_intent_id:session.payment_intent||null,p_setup_intent_id:null});\n" +
  '    return json(200,{ok:true,url:session.url,session_id:session.id,request_id:requestId});\n' +
  "  }catch(error){console.error('stripe-checkout',safeError(error));return json(422,{ok:false,error:'checkout_failed',detail:safeError(error)});}\n" +
  '});\n'

    at file:///mnt/data/kombax_r65_work/KOMBAX_20115_R64_4_FINAL_PRICING_QA_READY/scripts/test-kombax-20110-r61-payments-commerce.mjs:21:8
    at ModuleJob.run (node:internal/modules/esm/module_job:274:25)
    at async onImport.tracePromise.__proto__ (node:internal/modules/esm/loader:644:26)
    at async asyncRunEntryPointWithESMLoader (node:internal/modules/run_main:117:5) {
  generatedMessage: true,
  code: 'ERR_ASSERTION',
  actual: "import 'jsr:@supabase/functions-js/edge-runtime.d.ts';\n" +
    "import {authenticatedUser,cors,env,json,safeError,serviceRpc,stripe} from '../_shared/stripe.ts';\n" +
    '\n' +
    'Deno.serve(async(request:Request)=>{\n' +
    "  if(request.method==='OPTIONS')return new Response('ok',{headers:cors});\n" +
    "  if(request.method!=='POST')return json(405,{ok:false,error:'method_not_allowed'});\n" +
    "  const cfg=env();if(!cfg.supabaseUrl||!cfg.publishableKey||!cfg.secretKey||!cfg.stripeConnectKey||!cfg.appUrl)return json(503,{ok:false,error:'connect_not_configured'});\n" +
    "  const user=await authenticatedUser(request);if(!user?.id)return json(401,{ok:false,error:'auth_required'});\n" +
    "  let body:any={};try{body=await request.json()}catch{return json(400,{ok:false,error:'invalid_json'})}\n" +
    "  const kind=String(body.kind||''),referenceId=String(body.reference_id||''),requestId=String(body.request_id||crypto.randomUUID());\n" +
    "  if(!['club_fee','showcase_order','event_ticket'].includes(kind)||!/^[0-9a-f-]{36}$/i.test(referenceId)||!/^[0-9a-f-]{36}$/i.test(requestId))return json(400,{ok:false,error:'invalid_checkout'});\n" +
    '  try{\n' +
    "    if(kind==='showcase_order'||kind==='event_ticket'){\n" +
    "      await serviceRpc('app_kombax_checkout_adult_gate_r629',{p_actor_id:user.id,p_kind:kind});\n" +
    '    }\n' +
    "    if(kind==='showcase_order'){\n" +
    "      await serviceRpc('app_showcase_checkout_gate_r627',{p_actor_id:user.id,p_product_id:referenceId});\n" +
    '    }\n' +
    "    if(kind==='event_ticket'){\n" +
    "      await serviceRpc('app_event_ticket_checkout_gate_r628',{p_actor_id:user.id,p_event_id:referenceId});\n" +
    '    }\n' +
    "    const prepared=await serviceRpc('app_stripe_checkout_prepare_internal_v259',{p_actor_id:user.id,p_kind:kind,p_reference_id:referenceId,p_quantity:Number(body.quantity||1),p_request_id:requestId});\n" +
    "    const account=String(prepared.stripe_account_id||'');\n" +
    "    if(!/^acct_[A-Za-z0-9]+$/.test(account))throw new Error('CONNECTED_ACCOUNT_REQUIRED');\n" +
    "    if(prepared?.stripe_checkout_session_id){const existing=await stripe(`checkout/sessions/${prepared.stripe_checkout_session_id}`,'GET',{},account);return json(200,{ok:true,url:existing.url,session_id:existing.id,reused:true});}\n" +
    '    const attemptId=String(prepared.attempt_id);\n' +
    '    const form:Record<string,unknown>={\n' +
    "      mode:'payment',success_url:`${cfg.appUrl}/?payment=success&payment_kind=${encodeURIComponent(kind)}&session_id={CHECKOUT_SESSION_ID}`,cancel_url:`${cfg.appUrl}/?payment=cancelled&payment_kind=${encodeURIComponent(kind)}`,\n" +
    "      'payment_intent_data[metadata][attempt_id]':attemptId,'metadata[attempt_id]':attemptId,'metadata[kind]':kind,\n" +
    "      'payment_intent_data[metadata][seller_amount_minor]':String(prepared.seller_amount_minor||prepared.amount_minor||0),\n" +
    "      'payment_intent_data[metadata][buyer_service_fee_minor]':String(prepared.buyer_service_fee_minor||0),\n" +
    "      'payment_intent_data[metadata][platform_percentage_fee_minor]':String(prepared.platform_percentage_fee_minor||0),\n" +
    "      'customer_email':user.email||undefined,'locale':'es','billing_address_collection':'auto'\n" +
    '    };\n' +
    "    if(kind==='event_ticket'){\n" +
    '      const qty=Math.max(1,Number(prepared.ticket_quantity||body.quantity||1));\n' +
    '      const unit=Math.max(0,Number(prepared.ticket_unit_amount_minor||0));\n' +
    '      const buyerFeeTotal=Math.max(0,Number(prepared.buyer_service_fee_minor||0));\n' +
    '      const buyerFeeUnit=qty>0?Math.round(buyerFeeTotal/qty):0;\n' +
    "      form['line_items[0][quantity]']=String(qty);\n" +
    "      form['line_items[0][price_data][currency]']=prepared.currency||'eur';\n" +
    "      form['line_items[0][price_data][unit_amount]']=String(unit);\n" +
    "      form['line_items[0][price_data][product_data][name]']=prepared.name||'Entrada KOMBAX Events';\n" +
    '      if(buyerFeeUnit>0){\n' +
    "        form['line_items[1][quantity]']=String(qty);\n" +
    "        form['line_items[1][price_data][currency]']=prepared.currency||'eur';\n" +
    "        form['line_items[1][price_data][unit_amount]']=String(buyerFeeUnit);\n" +
    "        form['line_items[1][price_data][product_data][name]']='Gastos de gestión KOMBAX';\n" +
    '      }\n' +
    '    }else{\n' +
    "      form['line_items[0][quantity]']='1';\n" +
    "      form['line_items[0][price_data][currency]']=prepared.currency||'eur';\n" +
    "      form['line_items[0][price_data][unit_amount]']=String(prepared.amount_minor);\n" +
    "      form['line_items[0][price_data][product_data][name]']=prepared.name||'Pago KOMBAX';\n" +
    '    }\n' +
    '    const applicationFee=Math.max(0,Number(prepared.platform_fee_minor||0));\n' +
    "    if(applicationFee>0)form['payment_intent_data[application_fee_amount]']=String(applicationFee);\n" +
    '    if(prepared.collect_shipping===true){\n' +
    "      form['shipping_address_collection[allowed_countries][0]']='ES';\n" +
    "      form['shipping_address_collection[allowed_countries][1]']='PT';\n" +
    "      form['shipping_address_collection[allowed_countries][2]']='FR';\n" +
    "      form['phone_number_collection[enabled]']='true';\n" +
    '    }\n' +
    "    if(prepared.seller_name)form['line_items[0][price_data][product_data][description]']=`Vendido por: ${prepared.seller_name}`;\n" +
    "    const session=await stripe('checkout/sessions','POST',form,account,{idempotencyKey:`kombax-checkout-${attemptId}`});\n" +
    "    await serviceRpc('app_stripe_attempt_attach_internal_v259',{p_attempt_id:attemptId,p_checkout_session_id:session.id,p_payment_intent_id:session.payment_intent||null,p_setup_intent_id:null});\n" +
    '    return json(200,{ok:true,url:session.url,session_id:session.id,request_id:requestId});\n' +
    "  }catch(error){console.error('stripe-checkout',safeError(error));return json(422,{ok:false,error:'checkout_failed',detail:safeError(error)});}\n" +
    '});\n',
  expected: /transfer_data\]\[destination|on_behalf_of|application_fee_amount/,
  operator: 'doesNotMatch'
}

Node.js v22.16.0
