PASS unified conversation route exists
PASS formal Support has its own full route
PASS Social messages leave the Social feed layer
PASS Showcase interest routes to conversation layer
PASS conversation shell exposes five isolated channels
PASS all four approved Assist/Migrations visuals are local assets
PASS Assist hero and Migrations hero are wired
PASS robot avatar and chat empty-state are wired
PASS Assist is management AI for Club Federation Brand
PASS formal Support is separate from management AI
PASS formal Support exposes privacy security and child-safety channels
PASS formal Support preserves human verification/review
PASS guided Support cannot self-activate
PASS guided Support status is customer-safe and separate
PASS Management is a new direct category rather than replacement Support
PASS Management monthly allowance is independent from guided Support counters
PASS frontend exposes monthly conversations and per-conversation message limits
PASS backend exposes plan message limits to UI
PASS management direct-profile hub is available to Federation and Brand
PASS backend enforces org authorization and Brand access without Brand migrations
PASS AI management context is read-only and compact
PASS AI Support prompt is distinct from management and Migrations
PASS AI sends legal privacy security matters to human Support
PASS history deletion separates Management from Support and Migrations
PASS premium chat shell has safe-area sticky composer
PASS formal Support has responsive dedicated visual layer
PASS Social mobile hero opens framing instead of recentering
PASS mobile bottom navigation remains hidden
OK 28/28 R60 pilot final · Assist + Migrations + Support guided + Conversations
