
> urban-warriors-2.0.0-rc13@2.0.0-rc.13-r117-pilot-hotfix-4 verify:20174
> node scripts/test-kombax-20168-r115-pilot-onboarding-identity-freeze.mjs && node scripts/test-kombax-20169-r116-golden-pilot-freeze.mjs && node scripts/test-kombax-r117-pilot-hotfix-profiles-open-registration.mjs && node scripts/test-kombax-20174-r117-friction-profile-social.mjs && node scripts/build.mjs

✓ R115 functionality remains on a monotonic cumulative release
✓ Onboarding exposes eight intended routes
✓ Free account is not labelled automatically as Spectator
✓ Member/Family route separates public profile from Club-confirmed publishing
✓ Club remains authority for membership claims
✓ Member Social gate requires active approved membership
✓ Social repositories use hardened R115 status/mutation wrappers
✓ Standalone Competitor rule remains preserved
✓ Verification document flows remain present
✓ Member can evolve to Competitor without second account
✓ Open browsing routes stay visible to free accounts
R115 pilot onboarding / member Social gate QA: 11/11 PASS
✓ R116 freeze lineage remains preserved in R116 or later
✓ Paid commercial catalog is preserved but public pricing is pilot-locked
✓ Pilot plan surfaces show no public price path or paid action when locked
✓ Free identity remains available while paid prices are hidden
✓ Neutral free-account onboarding and eight routes remain frozen
✓ Member Social publishing still requires club-confirmed active membership
✓ Competitor can remain standalone after its verification flow
✓ Android target configuration is Play-ready for October 2026
✓ Netlify release contract is deterministic
✓ Play legal/public endpoints remain packaged
✓ Pilot public legal surface does not disclose pre-launch plan amounts
✓ Android release artifacts retain Golden Pilot naming
R116 Golden Pilot Freeze QA: 12/12 PASS
✓ Pilot Club registration no longer asks for an invitation code
✓ Member/Practitioner public profile exists independently from Club membership
✓ Member album management is separated from feed publishing
✓ Spectator has public profile/avatar/banner but no album or feed publishing
✓ Managed Spectator public profile is actionable
✓ Authenticated Social reading stays independent from publishing
✓ Web, Netlify dist and Android bundled assets are byte-identical for changed files
R117 pilot hotfix profiles/open-registration QA: 7/7 PASS
PASS 46/46 · KOMBAX R117 build 20174 friction / Perfil Social / progressive registration
  ✓ web build 20174
  ✓ release hotfix 4
  ✓ Android versionCode 20174
  ✓ Android release name hotfix 4
  ✓ Android UA 20174
  ✓ global account signup sends canonical DOB
  ✓ club-member signup sends canonical DOB
  ✓ historic DOB completion RPC remains wired
  ✓ DOB helper keeps ISO validation
  ✓ DOB completion is explicitly private
  ✓ Auth trigger still requires raw signup DOB
  ✓ member UI discipline optional
  ✓ member UI group optional
  ✓ member backend saves without discipline
  ✓ member backend has no old discipline+group hard gate
  ✓ pre-enrollment approval sport optional
  ✓ club registration UI discipline optional
  ✓ club registration UI phone optional
  ✓ club registration is a linking request
  ✓ pre-enrollment has no prior membership prerequisite
  ✓ account registration does not create membership prematurely
  ✓ account registration explicitly reports pending membership
  ✓ direct family approval exists
  ✓ invitation remains an alternative
  ✓ pilot UI location optional
  ✓ pilot UI disciplines optional
  ✓ pilot UI phone optional
  ✓ pilot UI no discipline hard stop
  ✓ pilot backend location optional
  ✓ pilot backend disciplines optional
  ✓ pilot backend phone optional
  ✓ pilot backend no approval/code/document
  ✓ member Perfil Social uses canonical private DOB
  ✓ member independent profile minimum age retained
  ✓ member without club feed disabled
  ✓ member without club album enabled
  ✓ member without club network enabled
  ✓ professional social profile specialty optional in UI
  ✓ professional profile backend accepts blank specialty
  ✓ professional supplied specialty still validated
  ✓ professional verification still requires specialty
  ✓ duplicate imported member gets human message
  ✓ duplicate pending enrollment gets human message
  ✓ pilot admin legacy copy says no code
  ✓ canonical baseline terminology uses Perfil Social
  ✓ canonical baseline does not use Elite Social
OK build 624 archivos · web = dist = Android
