
> urban-warriors-2.0.0-rc13@2.0.0-rc.13 test:20110:r60
> node scripts/test-kombax-20110-r60-migrations-guide-history.mjs

PASS 1: guide backend uses the existing organization authorization gate
PASS 2: ticket history is scoped to the exact Club/Federation tenant
PASS 3: deletion plan is owner + exact tenant constrained
PASS 4: service finalizer rejects mixed-tenant batches
PASS 5: usage turns are detached rather than deleted when customer content is erased
PASS 6: quota and usage ledgers are not deleted
PASS 7: minimal deletion audit table exists without customer content columns
PASS 8: Storage deletion happens before database finalization
PASS 9: history deletion reports preserved allowance and idempotent empty retries
PASS 10: PDF is served only after backend authorization
PASS 11: professional protected migration guide PDF is packaged
PASS 12: authorized edge guide contains the current professional PDF payload
PASS 13: PDF generator documents commercial promise, examples/checklist and support route
PASS 14: guide PDF is not exposed as a public static web asset
PASS 15: authenticated binary guide download is wired through client/backend/repository
PASS 16: repository uses R60 scoped history and deletion edge function
PASS 17: guide UX explicitly identifies Club/Federation scope
PASS 18: in-app guide uses KOMBAX branding and commercial promise
PASS 19: in-app guide includes practical Club, finance, Federation/PDF examples and FAQ
PASS 20: professional responsive guide styling is packaged
PASS 21: history deletion UX includes individual/bulk actions and no-quota-refund warning
PASS 22: frontend constructs exact Federation and Club tenant references
PASS 23: Club profile exposes the migration guide
PASS 24: Federation profile receives the migration guide module
PASS 25: other direct profile types do not receive the migration guide module
PASS 26: Federation actions pass its exact direct-profile ID
PASS 27: R59 adult/minor activation safety remains present
PASS 28: R59 duplicate prevention and claim resolution remain present
PASS 29: web/service-worker/Android identity is R60 build 20110
PASS 30: operational Android scripts name APK/AAB as R60 build 20110
PASS 31: health endpoint advertises R60 build 20110
PASS 32: top-level web HTML cache references moved to build 20110
OK KOMBAX 20.110 R60 focused QA · 32/32
