
> urban-warriors-2.0.0-rc13@2.0.0-rc.13 test:20106:r56
> node scripts/test-kombax-20106-r56-profile-public-ux.mjs

PASS R56 web build 20106
PASS R56 service worker identity
PASS R56 Android identity
PASS R56 Android artifact names
PASS public album preview hard limit is five
PASS profile album offers full album only when needed
PASS full album is a separate on-demand view
PASS full album preserves Todo/Fotos/Vídeos filters
PASS own profile exposes one contextual management entry in hero
PASS own profile no longer renders management grid before banner
PASS own profile successful render starts directly with public profile hero
PASS profile manager retains existing member controls
PASS profile manager retains security/privacy/media controls
PASS privacy remains available in every own-profile management context
PASS club management remains available
PASS third-party public profile actions remain intact
PASS Social profile preview remains five posts + progressive older posts
PASS Showcase profile preview remains four products
PASS management entry is generic for every own identity
PASS R56 management and album preview have responsive styling
PASS Social module is unchanged from R55
PASS Showcase module is unchanged from R55
PASS Events module is unchanged from R55
PASS Repositories are unchanged from R55
PASS R56 is frontend-only with no new database migration
R56 public profile UX/freeze candidate: 25/25 PASS
