
> urban-warriors-2.0.0-rc13@2.0.0-rc.13 test:20101:r36
> node scripts/test-kombax-20101-r36-event-links-fighter-discovery.mjs

PASS 1: migración de conexión R36 existe
PASS 2: migración Fighter Discovery R36 existe
PASS 3: hardening R36 existe
PASS 4: conexión es explícita y uno-a-uno
PASS 5: conexión es reversible y pausable
PASS 6: publicación nace totalmente opt-in
PASS 7: pesaje oficial no se publica por defecto
PASS 8: organización usa permisos granulares
PASS 9: acciones sensibles conservan auditoría
PASS 10: conectar exige gestionar ambos eventos
PASS 11: no hay auto-fusión ni doble conexión
PASS 12: publicación genera proyección autorizada
PASS 13: conexión pública no consulta historial privado de peso
PASS 14: tablas R36 de conexión tienen RLS y acceso directo revocado
PASS 15: Fighter Discovery tiene estado público separado
PASS 16: competidor no es localizable por defecto
PASS 17: disponibilidad admite short notice
PASS 18: competidor controla vía de contacto
PASS 19: solo se publica rango competitivo declarado
PASS 20: discovery/invitaciones no tocan pesos privados R35
PASS 21: descubrimiento abierto queda restringido a adultos
PASS 22: backend bloquea activación de discovery para menores
PASS 23: backend expone búsqueda deportiva específica
PASS 24: búsqueda ordena compatibilidad y urgencia
PASS 25: invitación tiene ciclo pendiente→aceptación→registro
PASS 26: aceptar no inscribe automáticamente
PASS 27: solo organización autorizada puede invitar/registrar
PASS 28: solo el competidor/representación autorizada responde
PASS 29: hardening deniega DML directo en nuevas tablas
PASS 30: solo proyección pública autorizada es legible por anon
PASS 31: repositorio consume conexión R36
PASS 32: repositorio consume Fighter Discovery
PASS 33: UI comunica conexión sin publicación automática
PASS 34: UI ofrece política granular
PASS 35: Mi Club > Eventos incorpora conexión voluntaria
PASS 36: KOMBAX Events incorpora búsqueda de sustituto/rival
PASS 37: KOMBAX Social incorpora buscador de peleadores
PASS 38: perfil Competidor abre centro de oportunidades, disponibilidad y contacto
PASS 39: UI de búsqueda explica frontera de peso privado
PASS 40: UI exige aceptación antes de inscripción
PASS 41: competidor dispone de bandeja para aceptar o rechazar invitaciones
PASS 42: búsqueda Social permite saltar al perfil público y contacto
PASS 43: editor usa rango público en vez de peso actual
PASS 44: editor mantiene seguimiento privado fuera de discovery
PASS 45: privacidad R35 de pesos se conserva
PASS 46: R36 incluye UI responsive para ambos flujos
PASS 47: cache PWA avanza a R36
PASS 48: package expone test específico R36
PASS 49: regresión completa incorpora R36
R36 EVENT LINKS + FIGHTER DISCOVERY: PASS 49/49
