
> urban-warriors-2.0.0-rc13@2.0.0-rc.13 build
> npm test && node scripts/build.mjs


> urban-warriors-2.0.0-rc13@2.0.0-rc.13 pretest
> node scripts/test-kombax-20069-global-admin-moderation.mjs && node scripts/test-kombax-20070-pilot-readiness.mjs && node scripts/test-kombax-20071-security-privacy-hardening.mjs && node scripts/test-kombax-20072-legal-child-safety-ops.mjs && node scripts/test-kombax-20072-verifier-storage.mjs && node scripts/test-kombax-20077-backup-export-gateway.mjs && node scripts/test-disaster-recovery-20072.mjs && node scripts/test-kombax-20077-backup-ops.mjs && node scripts/test-health-20072.mjs && node scripts/test-auth-email-templates-20072.mjs && node scripts/test-auth-email-templates-20073.mjs && node scripts/test-kombax-20073-email-ux-polish.mjs && node scripts/test-kombax-20072-platform-legal.mjs && node scripts/test-kombax-20074-team-email-invitations.mjs && node scripts/test-kombax-20075-student-email-invitations.mjs && node scripts/test-kombax-20076-banner-positioning.mjs && node scripts/test-kombax-20077-data-lifecycle.mjs && node scripts/test-kombax-20077-owner-password-critical-otp.mjs && node scripts/test-kombax-20077-owner-support.mjs && node scripts/test-kombax-i18n-b04.mjs

KOMBAX 20069 GLOBAL ADMIN + MODERATION: PASS
OK build 20070 · permisos privados, readiness, telemetría, headers y cron hardening
KOMBAX 20071 security/privacy hardening: PASS
KOMBAX 20072 legal/child-safety operational closure: PASS
KOMBAX 20072 verifier Storage least-privilege: PASS
PASS KOMBAX 20077 backup export/verify hardening
OK backup completo incluye PostgreSQL
OK backup completo incluye todos los buckets Storage
OK backup completo genera manifiesto de integridad
OK script no incrusta secreto
OK restore DB exige destino aislado y credencial separada
OK restore DB usa pg_restore controlado
OK tooling Storage admite backup total y bloquea restore live
KOMBAX 20072 disaster recovery tooling: PASS
KOMBAX 20077 backup/verify operational controls: PASS
KOMBAX health endpoint contract (>=20072, current 20124): PASS
KOMBAX 20072 auth email templates: PASS
KOMBAX 20073 premium auth email templates: PASS
KOMBAX 20073 email UX polish/build identity: PASS
KOMBAX 20072 platform legal acceptance: PASS
KOMBAX 20074 team email invitations: PASS
KOMBAX 20075 student email invitations: PASS
KOMBAX 20076 banner positioning: PASS
PASS KOMBAX 20124 · data lifecycle & history hardening
KOMBAX 20077 Owner password + critical OTP: PASS
PASS support helper
PASS no fake membership
PASS club central guards
PASS professional support
PASS showcase support
PASS support audit
PASS admin support button
PASS app support handler
PASS support banner
PASS repository audit
✓ handoff closes internationalization through phase 20
✓ all enabled catalogs are structurally identical to master
✓ rollout enables all eight validated locales
✓ rollout metadata matches canonical supported/enabled lists
✓ every enabled locale has an explicit activation gate
✓ Thai/FR/DE visual resilience CSS exists
✓ safe-area rules remain present
✓ visual QA harness is shipped for manual authenticated/device confirmation
✓ translation fallback never exposes a technical key
✓ Intl formatting works for every supported locale
✓ QR payload remains locale independent
✓ ticket mutation does not send locale
✓ Stripe identifiers are not localized
✓ locale preference migration is additive
✓ legal metadata migration is additive
✓ language remains independent of currency and jurisdiction
✓ Assist uses one locale-aware agent rather than duplicated agents
✓ Thai finance PDF supports Thai Unicode with safe fallback
✓ no i18n code translates technical routes
✓ release documentation targets are present

KOMBAX I18N B04: 20/20 passed

> urban-warriors-2.0.0-rc13@2.0.0-rc.13 test
> node scripts/i18n-en-quality-gate.mjs && node scripts/i18n-all8-activation-gate.mjs && node scripts/i18n-runtime-copy-audit.mjs --all --strict && node scripts/i18n-public-surface-audit.mjs && node scripts/i18n-system-channel-audit.mjs && node scripts/test-kombax-i18n-remediation-rb02.mjs && node scripts/i18n-hardcode-audit.mjs && node scripts/i18n-validate.mjs && node scripts/test-kombax-i18n-remediation-rb01.mjs && node scripts/test-kombax-i18n-b02.mjs && node scripts/test-kombax-i18n-b03.mjs && node scripts/test-kombax-20124-r73-reputation-community-completion.mjs && node scripts/test-kombax-20123-r72-release-regression.mjs && node scripts/test-kombax-20123-r72-commercial-continuity.mjs && node scripts/test-kombax-20123-r72-identity-spectator.mjs && node scripts/test-kombax-20123-r72-showcase-seller-center.mjs && node scripts/test-kombax-20123-r72-events-operations-center.mjs && node scripts/test-kombax-20123-r72-sidebar-product-accordions.mjs && node scripts/test-kombax-20123-r72-reputation-catalog.mjs

English quality gate: PASS · 2180/2180 exact audited phrases · 0 placeholder drift · 0 strong Spanish residue
✓ all eight supported locales are publicly enabled
✓ all eight direct catalogs match the 1077-key master
✓ critical UI copy is directly localized in each non-Spanish locale
✓ six newly activated locales have complete direct legacy-copy maps
✓ public legal pages have 133 direct translations in each activated non-Spanish locale
✓ public legal HTML resolves directly in every active non-Spanish locale
✓ global client errors localize in all eight locales
✓ PWA manifests exist for every enabled locale
✓ all six Supabase Auth templates branch explicitly for all eight locales
✓ legacy runtime uses direct locale maps for FR/PT/IT/DE/TH/FIL without English auto fallback
✓ Thai finance PDF has direct Unicode support with safe network fallback
✓ user-authored content boundaries remain protected from runtime translation

ALL-8 ACTIVATION GATE: PASS · 1077 direct catalog keys × 8 · 2580 legacy phrases × 6 · 133 legal strings × 7 non-ES locales
runtime copy audit: 4715/4715 (100%) covered · 0 unresolved · 366 technical/user fixtures skipped
web/js/app.js: 117/117 (100%) · skipped 6
web/js/core/adaptive-poller.js: 0/0 (100%) · skipped 0
web/js/core/assist-specialists.js: 27/27 (100%) · skipped 0
web/js/core/backend.js: 41/41 (100%) · skipped 3
web/js/core/capability-resolver.js: 0/0 (100%) · skipped 0
web/js/core/commercial-pricing.js: 4/4 (100%) · skipped 0
web/js/core/context-isolation-20083.js: 1/1 (100%) · skipped 1
web/js/core/demo-directory.js: 0/0 (100%) · skipped 3
web/js/core/demo-showcase.js: 0/0 (100%) · skipped 13
web/js/core/finance-adapter.js: 0/0 (100%) · skipped 0
web/js/core/finance-math.js: 0/0 (100%) · skipped 0
web/js/core/identity-context.js: 5/5 (100%) · skipped 2
web/js/core/invitations.js: 6/6 (100%) · skipped 0
web/js/core/media.js: 11/11 (100%) · skipped 0
web/js/core/permissions.js: 4/4 (100%) · skipped 1
web/js/core/platform.js: 7/7 (100%) · skipped 0
web/js/core/profile-registry.js: 18/18 (100%) · skipped 6
web/js/core/query-cache.js: 0/0 (100%) · skipped 0
web/js/core/repositories.js: 42/42 (100%) · skipped 73
web/js/core/security-go-live-20084.js: 7/7 (100%) · skipped 0
web/js/core/state.js: 0/0 (100%) · skipped 0
web/js/core/supabase.js: 9/9 (100%) · skipped 0
web/js/core/telemetry.js: 0/0 (100%) · skipped 0
web/js/core/utils.js: 37/37 (100%) · skipped 0
web/js/delete-account.js: 17/17 (100%) · skipped 0
web/js/modules/account-security.js: 13/13 (100%) · skipped 1
web/js/modules/admin.js: 158/158 (100%) · skipped 6
web/js/modules/auth-recovery.js: 18/18 (100%) · skipped 1
web/js/modules/brand-business.js: 115/115 (100%) · skipped 3
web/js/modules/brand-hub.js: 0/0 (100%) · skipped 0
web/js/modules/club-kombax-hub.js: 46/46 (100%) · skipped 0
web/js/modules/club-profile.js: 58/58 (100%) · skipped 0
web/js/modules/comms-material.js: 89/89 (100%) · skipped 11
web/js/modules/community.js: 77/77 (100%) · skipped 1
web/js/modules/competition-preparation.js: 83/83 (100%) · skipped 2
web/js/modules/competitor-hub.js: 0/0 (100%) · skipped 0
web/js/modules/customer-operations.js: 208/208 (100%) · skipped 4
web/js/modules/dashboard-catalog.js: 45/45 (100%) · skipped 3
web/js/modules/documents.js: 40/40 (100%) · skipped 5
web/js/modules/event-connections.js: 18/18 (100%) · skipped 0
web/js/modules/events.js: 79/79 (100%) · skipped 15
web/js/modules/federation-hub.js: 0/0 (100%) · skipped 0
web/js/modules/federation-licenses.js: 99/99 (100%) · skipped 1
web/js/modules/fighter-discovery.js: 32/32 (100%) · skipped 4
web/js/modules/finance-premium-bootstrap.js: 3/3 (100%) · skipped 0
web/js/modules/finance-premium.js: 110/110 (100%) · skipped 24
web/js/modules/finance.js: 74/74 (100%) · skipped 9
web/js/modules/gateway.js: 172/172 (100%) · skipped 5
web/js/modules/groups-members.js: 157/157 (100%) · skipped 11
web/js/modules/help-legal.js: 329/329 (100%) · skipped 2
web/js/modules/kombax-discovery.js: 66/66 (100%) · skipped 10
web/js/modules/kombax-event-visuals.js: 7/7 (100%) · skipped 1
web/js/modules/kombax-events.js: 814/814 (100%) · skipped 49
web/js/modules/kombax-social.js: 257/257 (100%) · skipped 6
web/js/modules/lifecycle.js: 14/14 (100%) · skipped 2
web/js/modules/managed-profile-hub.js: 39/39 (100%) · skipped 3
web/js/modules/plan-services.js: 69/69 (100%) · skipped 2
web/js/modules/platform-admin-access.js: 24/24 (100%) · skipped 0
web/js/modules/platform-admin.js: 265/265 (100%) · skipped 14
web/js/modules/platform-legal.js: 9/9 (100%) · skipped 0
web/js/modules/portal.js: 105/105 (100%) · skipped 10
web/js/modules/professional-finance.js: 29/29 (100%) · skipped 6
web/js/modules/professional-hub.js: 0/0 (100%) · skipped 0
web/js/modules/professional-operations.js: 33/33 (100%) · skipped 4
web/js/modules/public-profile.js: 81/81 (100%) · skipped 9
web/js/modules/showcase.js: 357/357 (100%) · skipped 11
web/js/modules/social-network.js: 0/0 (100%) · skipped 3
web/js/modules/social-post-management.js: 14/14 (100%) · skipped 1
web/js/modules/spectator-hub.js: 0/0 (100%) · skipped 0
web/js/modules/sports-profile.js: 0/0 (100%) · skipped 0
web/js/modules/support-privacy.js: 40/40 (100%) · skipped 1
web/js/modules/training.js: 52/52 (100%) · skipped 9
web/js/modules/work-scopes.js: 37/37 (100%) · skipped 4
web/js/public-product-overview.js: 0/0 (100%) · skipped 3
web/js/ui/brand-hero.js: 0/0 (100%) · skipped 0
web/js/ui/components.js: 5/5 (100%) · skipped 2
web/js/ui/conversation-ui.js: 0/0 (100%) · skipped 0
web/js/ui/icons.js: 0/0 (100%) · skipped 0
web/js/ui/media-framing.js: 10/10 (100%) · skipped 0
web/js/ui/video-cover.js: 12/12 (100%) · skipped 0
Public surfaces audit: PASS · 4 pages · 92 Spanish system strings localize to EN · 0 unresolved
✓ client errors are localized before render
✓ checkout and refunds propagate user_locale
✓ Stripe Checkout localizes KOMBAX copy and does not force Spanish
✓ refund system reasons are locale-aware
✓ push finance and session system copy uses recipient preferred_locale
✓ payment reminders, invite email, reports and AI receive locale
✓ cron/API transport errors use language-neutral stable codes
✓ six Supabase Auth templates support all 8 locales via preferred_locale

System channel audit: PASS · 8/8
✓ 20-phase handoff remains closed and remediation is additive
✓ all eight audited locales are publicly enabled
✓ all audited legacy system copy has exact reviewed English
✓ runtime translation protects user-authored content boundaries
✓ global runtime copy auditor supports strict all-JS mode
✓ public legal/account pages load locale runtime without route translation
✓ PWA has locale-aware manifests for all 8 locales while preserving canonical app routes
✓ six Auth email templates support all 8 locales via preferred_locale
✓ user-generated content translation remains derived/future and never overwrites original
✓ QR/ticket and Stripe technical identifiers remain language invariant

KOMBAX I18N REMEDIATION RB02: 10/10 passed
i18n hardcode audit: 98 files · 2411 SYSTEM_UI candidates · 468 in remediation block 1 targets
i18n validation: 1077 master keys · 645 active refs · 8 locales
es: 100% (1077/1077)
en: 100% (1077/1077)
fr: 100% (1077/1077)
pt: 100% (1077/1077)
it: 100% (1077/1077)
de: 100% (1077/1077)
th: 100% (1077/1077)
fil: 100% (1077/1077)
PASS: all 8 enabled locales are strict; 0 warning group(s). No UI es-ES hardcodes.
✓ original 20-phase handoff remains closed rather than rewritten
✓ supported/enabled locale contract preserves all eight validated locales
✓ all active catalogs are complete and structurally identical
✓ marketing namespace is installed for all locales
✓ public product overview renders through marketing keys
✓ gateway identity presentation is translation-driven
✓ shared UI components use semantic translations for migrated copy
✓ finance core uses locale-aware semantic labels
✓ sports profile migrated copy is semantic
✓ public profile migrated presentation keeps user content untouched
✓ Social network migrated copy is semantic
✓ Social feed preserves user-authored post text
✓ hardcode audit is shipped and does not silently claim zero debt
✓ validator is strict for all eight enabled locales
✓ future user-content translation contract preserves the original
✓ routes and technical QR/Stripe identities remain outside translation

KOMBAX I18N REMEDIATION RB01: 16/16 passed
✓ 8 supported locales remain installed
✓ all 8 validated locales are enabled after activation
✓ fallback remains selected > EN > ES
✓ regional variants normalize safely
✓ es active catalog matches Spanish master exactly
✓ en active catalog matches Spanish master exactly
✓ fr active catalog matches Spanish master exactly
✓ pt active catalog matches Spanish master exactly
✓ it active catalog matches Spanish master exactly
✓ de active catalog matches Spanish master exactly
✓ th active catalog matches Spanish master exactly
✓ fil active catalog matches Spanish master exactly
✓ English is functional, not fallback Spanish
✓ French catalog is contextualized
✓ German long UI string exists
✓ Thai uses Thai Unicode and renders a critical action
✓ Filipino catalog is available
✓ formatters follow selected locale while currency stays independent
✓ plural rules are locale-aware
✓ missing keys never leak technical identifiers
✓ Thai typography rules are installed
✓ language selector enables all 8 validated locales
✓ regional hardcodes are centralized
✓ locale preference migration remains additive and unchanged
✓ B02 continuity docs exist

KOMBAX I18N B02: 25/25 passed
✓ B03 keeps all 8 supported locales and activation enables all validated locales
✓ all active catalogs match the Spanish master
✓ Social uses semantic i18n keys in its public shell
✓ Social keeps user-authored post text unmodified
✓ Showcase uses semantic i18n keys for catalog UI
✓ Showcase keeps seller product names/descriptions as content
✓ Events and Ticketing use semantic i18n presentation keys
✓ QR payload remains locale-independent and token-based
✓ ticket use mutation still sends only the technical ticket id
✓ Assist and Migrations requests propagate user_locale
✓ invite emails propagate user_locale
✓ the single Luna/Assist agent is locale-aware without duplication
✓ Assist localized fallback copy covers all 8 locales
✓ invitation email function localizes system copy for all 8 locales
✓ finance notification push reads preferred_locale safely
✓ generic/user-authored push copy is not machine-translated
✓ scheduled payment-reminder push uses each profile preferred_locale
✓ migration guide endpoint selects a locale-specific PDF
✓ all 8 generated migration guides are valid PDF artifacts
✓ finance report receives locale while keeping EUR independent
✓ Thai dynamic finance PDF embeds Thai Unicode font with safe fallback
✓ legal metadata separates locale, jurisdiction and legal version
✓ legal UI renders metadata without translating legal body content
✓ B03 migration remains additive and does not deploy anything
✓ B03 continuity documentation directory is present

KOMBAX I18N B03: 25/25 passed
✓ R73 identity is build 20124
✓ R73 derives verified purchase dynamically
✓ Mi Showcase reputation dashboard includes requested advanced metrics
✓ Events supports questions and reactions without duplicating interest/share
✓ Attendance badges are derived from current ticket check-in evidence
✓ Event center exposes community interaction metrics
✓ R73 responsive UI additions exist

R73 REPUTATION + COMMUNITY COMPLETION: 7/7 passed
✓ Release identity is R72 build 20124 everywhere
✓ R64.1 responsive global navigation is preserved
✓ R64.4 pricing remains the commercial baseline
✓ Club/Premium/Enterprise Showcase limits are preserved
✓ Stripe checkout stays on direct charges with platform application fees
✓ 18+ commercial purchase gate remains server-enforced
✓ Showcase seller controls preserve stock, fulfillment and order state ownership
✓ Events core/add-on split, ticketing and QR access remain present
✓ R65 migration history matches the eight migrations already applied live
✓ R65 private ledgers are service-role only and RLS protected
✓ R65 supports partial refunds without collapsing entire orders
✓ Refunds are idempotent and use direct-charge application-fee returns
✓ Restock is separate from the financial refund and auditable
✓ Showcase Finance Center includes retained platform fee and live Stripe context
✓ Events Finance Center and resumable batch refunds are wired
✓ Transactional communication queue and email dispatcher are wired
✓ Enterprise BI is gated and available in Showcase and Events
✓ QR access audit is exposed to organizers
✓ Sensitive R65 Edge functions require JWT while webhook keeps signature auth
✓ R66 commercial-discovery migrations are additive on top of the closed R65 ledger
✓ KOMBAX SaaS Billing phase 10 remains intentionally out of scope
✓ Commercial PDF remains packaged

R72 RELEASE REGRESSION: 22/22 passed
✓ R72 release identity is build 20124 everywhere
✓ Global commercial discovery explains free account and organization-scoped plans
✓ Gateway exposes pricing before and after authentication
✓ Club, Brand and Federation onboarding are plan-first
✓ Commercial plan selection survives account/profile creation until verification submission
✓ Brand and Federation verification forms carry plan and billing cycle
✓ Admin review makes selected commercial plan visible without pretending to bill
✓ R66 backend requires valid commercial plan intent for Brand/Federation workflow
✓ Verification creates an auditable plan request but never SaaS Billing
✓ Founder is monthly-only in UI and server-side activation
✓ Showcase routes Club Basic Commerce into the exact commercial context
✓ Showcase explains Federation limitations instead of dead-ending
✓ Events converts plan restrictions into contextual commercial guidance
✓ Brand is discoverable as an Event organizer while entitlements remain authoritative
✓ Seller Center only exposes subject identity after manager authorization
✓ R64.4 commercial prices and limits remain unchanged
✓ R66 migrations match the two live-applied migration versions packaged for Work
✓ SaaS Billing remains intentionally out of scope

R72 COMMERCIAL CONTINUITY: 18/18 passed
✓ R72 identity is build 20124 across Web Android SW and health
✓ Public gateway offers a profile-free spectator path
✓ A fresh KOMBAX account is explicitly explained as Spectator
✓ Spectator home exposes Social Showcase and Events as primary discovery cards
✓ Spectator home does not surface organization-only Assist or Migrations
✓ Every creatable identity has a branded presentation before creation
✓ Club onboarding discovers identity before plan selection
✓ Commercial profiles still enter plan-first onboarding after presentation
✓ Non-commercial profiles continue to their profile editor/auth flow after presentation
✓ Existing authenticated identities can still open Social Showcase and Events
✓ Public overview accurately counts the spectator participation mode
✓ Marketing campaigns can deep-link directly to an identity presentation
✓ R72 preserves responsive presentation/spectator styles
✓ R64.4 pricing is untouched by the discovery release
✓ Founder monthly-only guard and Billing-out-of-scope message remain visible

R72 IDENTITY + SPECTATOR: 15/15 passed
✓ R72 continuity runs on R73 build 20124 across Web Android SW and health
✓ Showcase catalog exposes Mi Showcase for managed sellers
✓ Club Basic seller account remains accessible without Commerce
✓ Seller verification and commercial plan rights are separate backend states
✓ Seller activation definition requires verification policies and Stripe
✓ Seller Center explicitly explains active account vs Commerce
✓ Basic catalog creation remains available while checkout fields are locked
✓ Seller workspace exposes products and statistics independent from Commerce
✓ Orders stock finance and communications are visible but gated by checkout
✓ Enterprise BI remains plan gated
✓ R72 preserves responsive seller workspace styling
✓ R64.4 pricing baseline is unchanged
✓ R72 preserves separation: seller verification does not turn Commerce on

R72 SHOWCASE SELLER CENTER CONTINUITY: 13/13 passed
✓ R72 continuity runs on R73 build 20124 across Web Android SW and health
✓ Organizer navigation exposes Mis Eventos without replacing the existing editor
✓ Private managed-event repository uses the R72 manager RPC
✓ R72 private event-center RPC includes drafts/private events only when user can manage them
✓ R72 RPC explicitly denies anon/public execution and grants authenticated
✓ Mis Eventos exposes operational summary cards and per-event center entry
✓ Center keeps basic publication statistics available without Ticketing
✓ Ticketing-dependent operational tools remain visible but locked when inactive
✓ Ticketing activation is visibly separated into service config contracts and Stripe
✓ Existing operational backends are reused for sales access finance communications and BI
✓ Organizer can inspect attendees derived from existing paid-ticket ledger
✓ Event management menu now links to Center without removing editor/ticketing/access
✓ R72 center has responsive Events-specific styling
✓ R64.4 Events pricing and buyer/platform fees remain unchanged
✓ R72 does not conflate publication with Ticketing

R72 EVENTS OPERATIONS CENTER: 15/15 passed
✓ R72 continuity runs on R73 build 20124 across Web Android SW and health
✓ Events and Showcase are rendered as product accordions, not flat private links
✓ Events accordion contains public Explore and private Mis Eventos child
✓ Showcase accordion contains public Explore and private Mi Showcase child
✓ Private children stay permission-gated by navFor
✓ Accordions auto-open for active public/private route and persist user preference
✓ Accordions reuse Mi Club interaction language with dedicated Events/Showcase accents
✓ Direct public/private routes are unchanged
✓ Mobile nav remains public-product-first and Mi Club more menu remains intact

R72 SIDEBAR PRODUCT ACCORDIONS: 9/9 passed
✓ catalog add-on is +25 / 30 days / 8 EUR and stackable
✓ included capacities remain 15/25/100 and Enterprise unlimited
✓ catalog add-on is independent from Commerce
✓ capacity can reconcile overflow without deleting references
✓ archive and safe delete preserve history
✓ Showcase supports ratings photos verified purchase and seller replies
✓ Showcase reviews are private for non-public retired/archive product unless manager
✓ Events community supports comments reviews media and verified attendance
✓ Event community works before during and after event
✓ Organizer center exposes community but not unilateral delete
✓ Platform moderation queue and decisions exist
✓ R72 terms and privacy cover UGC and preserved reputation
✓ R72 seller and Events policies are versioned legal-review drafts
✓ R72 CSS includes marketplace reputation and event community responsive surfaces

R72 REPUTATION + CATALOG: 14/14 passed
OK build 449 archivos · web = dist = Android
