
> urban-warriors-2.0.0-rc13@2.0.0-rc.13 test:20101:r37
> node scripts/test-kombax-20101-r37-brand-business-hub.mjs

PASS 1: migración foundation R37 existe
PASS 2: migración API R37 existe
PASS 3: hardening R37 existe
PASS 4: proyección pública y opt-in de Club/Event R37 existen
PASS 5: Marca tiene configuración comercial opt-in
PASS 6: campañas soportan privada y abierta
PASS 7: campañas contemplan embajadores, competidores, clubes, eventos y lanzamientos
PASS 8: descubrimiento comercial de competidor nace desactivado
PASS 9: propuestas entrantes requieren opt-in separado
PASS 10: competidor controla vía de contacto comercial
PASS 11: propuestas conectan Marca con perfiles, clubes y eventos
PASS 12: campañas abiertas admiten solicitud entrante
PASS 13: CRM dispone de ciclo completo de colaboración
PASS 14: equipo Marca dispone de roles comerciales
PASS 15: operaciones sensibles tienen auditoría
PASS 16: todas las tablas R37 activan RLS
PASS 17: tablas comerciales no exponen acceso directo
PASS 18: workspace Marca tiene RPC dedicada
PASS 19: Brand Discovery tiene RPC dedicada
PASS 20: Brand Discovery separa competidores, clubes y eventos
PASS 21: competidores solo aparecen tras opt-in explícito
PASS 22: clubes solo aparecen con perfil/contacto público habilitado
PASS 23: patrocinios buscan únicamente Events publicados
PASS 24: discovery declara frontera de datos públicos
PASS 25: Brand Business nunca consulta peso/preparación privada
PASS 26: campañas abiertas son descubribles por perfiles autorizados
PASS 27: solo campañas activas y abiertas aparecen externamente
PASS 28: perfil dispone de preferencias e inbox comercial
PASS 29: mutación cubre configuración, campañas y propuestas
PASS 30: CRM permite respuesta del destinatario y gestión posterior de Marca
PASS 31: interés en campaña abierta exige opt-in del perfil
PASS 32: rol comercial solo se asigna sobre gestores autorizados
PASS 33: base conserva scopes de gestores
PASS 34: asignación de roles de Marca exige permiso admin
PASS 35: hardening niega DML directo por política explícita
PASS 36: hardening fija search_path vacío en RPC R37
PASS 37: anon no ejecuta RPC comerciales privadas
PASS 38: repositorio consume Business Hub y Discovery
PASS 39: Club no entra en Brand Discovery sin opt-in comercial explícito
PASS 40: Evento público no entra en patrocinios sin opt-in explícito
PASS 41: Discovery v224 exige consentimiento comercial por tipo de objetivo
PASS 42: trigger impide saltarse el opt-in al insertar una propuesta
PASS 43: Marca tiene proyección pública comercial limitada
PASS 44: solo la proyección pública de Marca puede ser consultada por anon
PASS 45: Mi Club controla si acepta búsquedas/propuestas de Marca
PASS 46: KOMBAX Events controla si acepta patrocinios de Marca
PASS 47: perfil público Marca muestra posicionamiento y campañas abiertas
PASS 48: repositorio usa discovery opt-in y proyección pública R37
PASS 49: UI implementa Business Hub completo
PASS 50: UI permite crear modelos de campaña
PASS 51: UI permite descubrir los tres públicos objetivo
PASS 52: UI integra propuesta y pipeline CRM
PASS 53: UI integra patrocinios de Events
PASS 54: Mi Marca expone módulos comerciales propios
PASS 55: Competidor/profesional recibe centro de colaboraciones separado
PASS 56: UI declara independencia entre combate y colaboración comercial
PASS 57: perfil controla localización y propuestas entrantes
PASS 58: R37 incluye diseño responsive del Business Hub
PASS 59: PWA avanza a R37 preservando marcador R36
PASS 60: service worker avanza cache R37 preservando R36
PASS 61: package expone test específico R37
PASS 62: regresión completa incorpora R37
R37 BRAND BUSINESS HUB: PASS 62/62
