=== R37 ===

> urban-warriors-2.0.0-rc13@2.0.0-rc.13 test:20101:r37
> node scripts/test-kombax-20101-r37-brand-business-hub.mjs

PASS 1: migración foundation R37 existe
PASS 2: migración API R37 existe
PASS 3: hardening R37 existe
PASS 4: Marca tiene configuración comercial opt-in
PASS 5: campañas soportan privada y abierta
PASS 6: campañas contemplan embajadores, competidores, clubes, eventos y lanzamientos
PASS 7: descubrimiento comercial de competidor nace desactivado
PASS 8: propuestas entrantes requieren opt-in separado
PASS 9: competidor controla vía de contacto comercial
PASS 10: propuestas conectan Marca con perfiles, clubes y eventos
PASS 11: campañas abiertas admiten solicitud entrante
PASS 12: CRM dispone de ciclo completo de colaboración
PASS 13: equipo Marca dispone de roles comerciales
PASS 14: operaciones sensibles tienen auditoría
PASS 15: todas las tablas R37 activan RLS
PASS 16: tablas comerciales no exponen acceso directo
PASS 17: workspace Marca tiene RPC dedicada
PASS 18: Brand Discovery tiene RPC dedicada
PASS 19: Brand Discovery separa competidores, clubes y eventos
PASS 20: competidores solo aparecen tras opt-in explícito
PASS 21: clubes solo aparecen con perfil/contacto público habilitado
PASS 22: patrocinios buscan únicamente Events publicados
PASS 23: discovery declara frontera de datos públicos
PASS 24: Brand Business nunca consulta peso/preparación privada
PASS 25: campañas abiertas son descubribles por perfiles autorizados
PASS 26: solo campañas activas y abiertas aparecen externamente
PASS 27: perfil dispone de preferencias e inbox comercial
PASS 28: mutación cubre configuración, campañas y propuestas
PASS 29: CRM permite respuesta del destinatario y gestión posterior de Marca
PASS 30: interés en campaña abierta exige opt-in del perfil
PASS 31: rol comercial solo se asigna sobre gestores autorizados
PASS 32: base conserva scopes de gestores
PASS 33: asignación de roles de Marca exige permiso admin
PASS 34: hardening niega DML directo por política explícita
PASS 35: hardening fija search_path vacío en RPC R37
PASS 36: anon no ejecuta RPC comerciales privadas
PASS 37: repositorio consume Business Hub y Discovery
PASS 38: UI implementa Business Hub completo
PASS 39: UI permite crear modelos de campaña
PASS 40: UI permite descubrir los tres públicos objetivo
PASS 41: UI integra propuesta y pipeline CRM
PASS 42: UI integra patrocinios de Events
PASS 43: Mi Marca expone módulos comerciales propios
PASS 44: Competidor/profesional recibe centro de colaboraciones separado
PASS 45: UI declara independencia entre combate y colaboración comercial
PASS 46: perfil controla localización y propuestas entrantes
PASS 47: R37 incluye diseño responsive del Business Hub
PASS 48: PWA avanza a R37 preservando marcador R36
PASS 49: service worker avanza cache R37 preservando R36
PASS 50: package expone test específico R37
PASS 51: regresión completa incorpora R37
R37 BRAND BUSINESS HUB: PASS 51/51
=== R36 ===

> urban-warriors-2.0.0-rc13@2.0.0-rc.13 test:20101:r36
> node scripts/test-kombax-20101-r36-event-links-fighter-discovery.mjs

PASS 1: migración de conexión R36 existe
PASS 2: migración Fighter Discovery R36 existe
PASS 3: hardening R36 existe
PASS 4: conexión es explícita y uno-a-uno
PASS 5: conexión es reversible y pausable
PASS 6: publicación nace totalmente opt-in
PASS 7: pesaje oficial no se publica por defecto
PASS 8: organización usa permisos granulares
PASS 9: acciones sensibles conservan auditoría
PASS 10: conectar exige gestionar ambos eventos
PASS 11: no hay auto-fusión ni doble conexión
PASS 12: publicación genera proyección autorizada
PASS 13: conexión pública no consulta historial privado de peso
PASS 14: tablas R36 de conexión tienen RLS y acceso directo revocado
PASS 15: Fighter Discovery tiene estado público separado
PASS 16: competidor no es localizable por defecto
PASS 17: disponibilidad admite short notice
PASS 18: competidor controla vía de contacto
PASS 19: solo se publica rango competitivo declarado
PASS 20: discovery/invitaciones no tocan pesos privados R35
PASS 21: descubrimiento abierto queda restringido a adultos
PASS 22: backend bloquea activación de discovery para menores
PASS 23: backend expone búsqueda deportiva específica
PASS 24: búsqueda ordena compatibilidad y urgencia
PASS 25: invitación tiene ciclo pendiente→aceptación→registro
PASS 26: aceptar no inscribe automáticamente
PASS 27: solo organización autorizada puede invitar/registrar
PASS 28: solo el competidor/representación autorizada responde
PASS 29: hardening deniega DML directo en nuevas tablas
PASS 30: solo proyección pública autorizada es legible por anon
PASS 31: repositorio consume conexión R36
PASS 32: repositorio consume Fighter Discovery
PASS 33: UI comunica conexión sin publicación automática
PASS 34: UI ofrece política granular
PASS 35: Mi Club > Eventos incorpora conexión voluntaria
PASS 36: KOMBAX Events incorpora búsqueda de sustituto/rival
PASS 37: KOMBAX Social incorpora buscador de peleadores
PASS 38: perfil Competidor abre centro de oportunidades, disponibilidad y contacto
PASS 39: UI de búsqueda explica frontera de peso privado
PASS 40: UI exige aceptación antes de inscripción
PASS 41: competidor dispone de bandeja para aceptar o rechazar invitaciones
PASS 42: búsqueda Social permite saltar al perfil público y contacto
PASS 43: editor usa rango público en vez de peso actual
PASS 44: editor mantiene seguimiento privado fuera de discovery
PASS 45: privacidad R35 de pesos se conserva
PASS 46: R36 incluye UI responsive para ambos flujos
PASS 47: cache PWA avanza a R36
PASS 48: package expone test específico R36
PASS 49: regresión completa incorpora R36
R36 EVENT LINKS + FIGHTER DISCOVERY: PASS 49/49
=== R35 ===

> urban-warriors-2.0.0-rc13@2.0.0-rc.13 test:20101:r35
> node scripts/test-kombax-20101-r35-event-centric-preparation.mjs

PASS 1: migración R35 event-centric existe
PASS 2: hardening de privacidad R35 existe
PASS 3: preparación se ancla a la inscripción pública o interna
PASS 4: solo existe una preparación privada por inscripción
PASS 5: pesaje oficial tiene registro propio bloqueable
PASS 6: pesaje oficial tiene RLS y sin acceso directo
PASS 7: backend expone roster unificado de preparación por evento
PASS 8: backend expone mutación estrecha de inscripción/preparación
PASS 9: backend soporta KOMBAX Events y eventos internos de club
PASS 10: activación privada nace desde una inscripción concreta
PASS 11: fichas externas no reciben histórico privado sin perfil KOMBAX
PASS 12: pesaje oficial se registra una vez y queda bloqueado
PASS 13: organización del evento no hereda acceso al histórico privado
PASS 14: lectura de pesos diarios exige permiso privado
PASS 15: entrenador/monitor necesita autorización explícita para esa preparación
PASS 16: dirección/coordinación conserva administración privada del propio club
PASS 17: equipo autorizado conserva permisos granulares
PASS 18: club que presenta al atleta no abre el histórico a roles genéricos
PASS 19: repositorio consume roster R35
PASS 20: repositorio consume mutación R35
PASS 21: UI privada abre el seguimiento desde la inscripción
PASS 22: UI diferencia y bloquea pesaje oficial
PASS 23: UI explica separación de privacidad para federación/organizador
PASS 24: UI trata participantes externos sin inventar histórico privado
PASS 25: R35 elimina creación independiente de nuevas preparaciones
PASS 26: KOMBAX Events muestra preparación por cada inscripción
PASS 27: KOMBAX Events incorpora pesaje oficial por inscripción
PASS 28: KOMBAX Events retira el acceso global de preparación
PASS 29: Mi Club > Eventos usa el mismo seguimiento por inscripción
PASS 30: eventos internos incorporan pesaje oficial
PASS 31: perfil Competidor accede por Mis competiciones
PASS 32: miembro/alumno accede por Mis competiciones
PASS 33: Mi Club no añade una capa permanente Competidores/Preparación
PASS 34: sidebar/router no contiene la antigua sección independiente
PASS 35: identidad Android y versionado base permanecen intactos
PASS 36: R35 mantiene límite deportivo no médico
PASS 37: cache PWA preserva continuidad R35 y permite versiones posteriores
PASS 38: package expone test específico R35
PASS 39: regresión completa incorpora R35
R35 EVENT-CENTRIC COMPETITION PREPARATION: PASS 39/39
=== R34 ===

> urban-warriors-2.0.0-rc13@2.0.0-rc.13 test:20101:r34
> node scripts/test-kombax-20101-r34-assist-preparation.mjs

PASS 1: módulo Mi preparación existe
PASS 2: banner anuncia migración asistida sin empezar desde cero
PASS 3: banner exige revisión antes de importar
PASS 4: flujo de migración acepta documentos heterogéneos
PASS 5: flujo de migración mantiene confirmación humana
PASS 6: archivos seleccionados se suben realmente al staging privado
PASS 7: repositorio enlaza bucket privado y registro de archivo
PASS 8: backend registra metadatos privados de archivos de migración
PASS 9: bucket de migración es privado y limita 10 MB
PASS 10: storage de migración queda ligado al propietario del ticket
PASS 11: backend contiene preparación de competición
PASS 12: backend contiene historial de peso
PASS 13: backend contiene accesos explícitos del equipo
PASS 14: peso privado aplica RLS y deniega acceso directo
PASS 15: foto de báscula usa bucket privado
PASS 16: permisos contemplan equipo/representación existente
PASS 17: pesajes distinguen autoregistro, equipo y oficial
PASS 18: seguimiento admite frecuencia semanal, 3/semana, diaria y personalizada
PASS 19: UI bloquea framing médico o de weight-cut peligroso
PASS 20: UI declara privacidad por defecto
PASS 21: perfil Competidor conserva acceso personal al seguimiento, ahora como Mis competiciones
PASS 22: miembro/alumno conserva acceso personal al seguimiento desde Mis competiciones
PASS 23: Mi Club conserva Assist y R35 retira el acceso independiente de preparación
PASS 24: R34 conserva accesos explícitos del equipo de preparación
PASS 25: KOMBAX Events enlaza el seguimiento privado a una inscripción concreta
PASS 26: frontend usa RPCs estrechos del módulo de preparación
PASS 27: evidencia privada se registra y abre con URL firmada temporal
PASS 28: errores nuevos tienen mensajes de usuario no técnicos
PASS 29: R35 retira la ruta/sidebar independiente sin eliminar el módulo reutilizable
PASS 30: nueva UX tiene estilos responsive propios
PASS 31: cache PWA mantiene continuidad R34 y admite avance R35
PASS 32: package expone test específico R34
PASS 33: regresión completa incorpora R34
R34 ASSIST MIGRATION + COMPETITION PREPARATION: PASS 33/33
=== R33.1 ===

> urban-warriors-2.0.0-rc13@2.0.0-rc.13 test:20101:r33.1
> node scripts/test-kombax-20101-r33-1-federation-ux.mjs

PASS 1: plan R33.1 documenta cierre UX transversal
PASS 2: Mi Club tiene ruta visible a Federaciones y licencias
PASS 3: Mi Club/Mi Cuenta tiene ruta de Mis licencias personales
PASS 4: administración federativa del Club se limita en navegación a roles autorizados
PASS 5: Mis licencias se inserta en la navegación de todos los roles Club/miembro
PASS 6: sidebar agrupa Federación y licencias en secciones coherentes
PASS 7: sidebar tiene iconografía para ambos accesos
PASS 8: hub de identidades tiene matriz UX federativa explícita
PASS 9: Mi Federación expone administración, federados, licencias, clubes y equipo
PASS 10: Mi Competidor expone Mis licencias
PASS 11: Mi actividad expone sus propias licencias
PASS 12: licencias de terceros en Profesional siguen condicionadas por capability
PASS 13: Federación, Marca y Espectador reciben herramienta de licencias personales de cuenta
PASS 14: UX aclara que Mis licencias personales no concede poderes a la identidad activa
PASS 15: renderer de licencias soporta identidad o cuenta y modo embebido
PASS 16: Mis licencias preserva el shell de Mi Club cuando se abre desde sidebar
PASS 17: error de Mis licencias embebidas no destruye el shell del Club
PASS 18: Mi Federación acepta foco de navegación por módulo
PASS 19: Mi Federación enfoca Equipo o Clubes relacionados desde tarjetas
PASS 20: Mi Federación enfoca Federados/Licencias desde tarjetas
PASS 21: backend workspace R33.1 anuncia módulos federativos
PASS 22: backend workspace anuncia licencias de Competidor y Profesional
PASS 23: RPC workspace identifica versión R33.1
PASS 24: migración no abre RPC a anon y conserva authenticated
PASS 25: cache PWA avanza a R33.1 para invalidar APK/PWA anterior
PASS 26: herramienta transversal de cuenta tiene tratamiento responsive propio
PASS 27: regresión completa incluye el test R33.1
R33.1 FEDERATION UX ALL PROFILES: PASS 27/27
=== R33 ===

> urban-warriors-2.0.0-rc13@2.0.0-rc.13 test:20101:r33
> node scripts/test-kombax-20101-federation-licenses-r33.mjs

PASS 1: plan R33 existe antes del cierre
PASS 2: módulo transversal Federación/Licencias existe
PASS 3: Mi Federación tiene workspace administrativo
PASS 4: Mi Club tiene administración federativa
PASS 5: Mi Competidor tiene Mis licencias
PASS 6: Profesional tiene licencias autorizadas
PASS 7: Mi Cuenta muestra invitaciones federativas pendientes
PASS 8: UX explica privacidad cross-federation
PASS 9: UX no expone otras federaciones del Club
PASS 10: Mi Federación muestra KPIs federativos
PASS 11: Mi Federación limita clubes a relación propia
PASS 12: Mi Federación muestra equipo propio
PASS 13: UI contempla seis roles federativos
PASS 14: UI crea invitación de equipo federativo
PASS 15: UI acepta o rechaza invitación federativa
PASS 16: UI revoca miembro federativo
PASS 17: frontend usa federation_invitation_id compatible con Edge Function v3
PASS 18: Edge Function detecta invitación federativa por ID específico
PASS 19: Edge Function obtiene payload federativo autorizado
PASS 20: correo soporta equipo federativo y etiquetas de rol
PASS 21: Edge Function exige bearer autenticado además de verify_jwt en despliegue
PASS 22: repository conecta contexto Mi Federación v200
PASS 23: repository conecta contexto Mi Club v200
PASS 24: repository conecta Mis licencias v200
PASS 25: repository conecta licencias autorizadas Profesionales
PASS 26: Club puede buscar directorio de Federaciones verificadas
PASS 27: mutaciones federativas pasan por RPC central
PASS 28: documentos usan bucket federativo privado dedicado
PASS 29: frontend limita documentos a PDF/JPEG/PNG
PASS 30: frontend aplica límite de 10 MB
PASS 31: documentos se abren con URL firmada temporal de 5 minutos
PASS 32: subir documento no equivale a compartirlo
PASS 33: compartición con Federación es explícita
PASS 34: Club puede enviar expediente a Federación
PASS 35: Federación puede revisar expediente
PASS 36: flujo de revisión incluye aprobar y solicitar documentación
PASS 37: Competidor visualiza historial de licencias
PASS 38: Profesional solo ve compartición expresa o delegación válida
PASS 39: managed hub enruta módulos federativos
PASS 40: managed hub enruta Competidor y Profesional
PASS 41: Mi Club expone entrada Federaciones y licencias
PASS 42: Gateway integra invitaciones federativas en Mi Cuenta
PASS 43: reconciliación registra versiones live 205–209
PASS 44: trace 205 conserva hash SQL live
PASS 45: trace 206 conserva hash SQL live
PASS 46: trace 207 conserva hash SQL live
PASS 47: trace 208 conserva hash SQL live
PASS 48: 209 incluye hardening de índices FK R33
PASS 49: PWA/cache avanzados a R33
PASS 50: Android conserva applicationId y Firebase
PASS 51: R33 no introduce pasarela de pago federativa
PASS 52: R33 no introduce historia clínica ni datos clínicos
R33 FEDERATION LICENSES ADMIN: PASS 52/52
=== R32 ===

> urban-warriors-2.0.0-rc13@2.0.0-rc.13 test:20101:r32
> node scripts/test-kombax-20101-profile-matrix-r32.mjs

PASS 1: Plan Maestro PDF + transcripción Markdown empaquetables
PASS 2: taxonomía contiene Competidor, Profesional y Espectador
PASS 3: Competidor permanece fuera del catálogo Profesional
PASS 4: catálogo Profesional controlado incluye cinco especialidades iniciales
PASS 5: age gate Profesional 18+ visible y persistente
PASS 6: age gate Espectador 16+ visible y persistente
PASS 7: Espectador no publica ni entra al flujo de verificación profesional por defecto
PASS 8: shells gestionados son distintos y coherentes
PASS 9: Mi Federación explicita frontera privada respecto a Club
PASS 10: workspace Federación backend declara no acceso privado Club/cross-profile
PASS 11: identidad activa tiene storage segregado y evento explícito de cambio
PASS 12: resolver central consulta capacidades efectivas del backend
PASS 13: repositories conectan hubs, operaciones y Finanzas por RPC versionada
PASS 14: Manager usa delegación solicitada/aceptada/revocable/expirable
PASS 15: Médico no incorpora expediente/historia clínica
PASS 16: Médico/Árbitro limitados por especialidad y asignación Events
PASS 17: Promotor obtiene Events mediante capacidades específicas
PASS 18: Finanzas Profesionales están detrás de capabilities propias
PASS 19: tablas Finanzas Profesionales no contienen fake club_id
PASS 20: Finanzas Profesionales se aíslan por subject y cierran DML directo
PASS 21: runtime financiero protege sobrepago y edición por debajo de pagos registrados
PASS 22: backend declara no cobro, no facturación fiscal y no fake Club
PASS 23: adapter financiero común mantiene scope Club/Professional explícito
PASS 24: UI profesional no se presenta como pasarela de cobro
PASS 25: avisos profesionales reutilizan notificaciones con subject direct_profile
PASS 26: hardening fusiona direct_profile en la policy histórica de notificaciones
PASS 27: Mi actividad solo muestra Finanzas cuando capabilities lo permiten
PASS 28: servicios globales permanecen compartidos entre shells
PASS 29: Club sigue siendo un scope financiero independiente, no migrado al subject Profesional
PASS 30: migraciones R29–R31 no contienen destrucción masiva de dominios existentes
PASS 31: pruebas históricas de escala/10K siguen incluidas para compatibilidad multi-club
PASS 32: Android conserva applicationId y Firebase
PASS 33: PWA/cache R32 o posterior conservando build 20.101
PASS 34: responsive conserva gates móvil/tablet/desktop
PASS 35: plan R32 prohíbe deploy/push durante este cierre
PASS 36: R32 mantiene fuera de alcance pagos, salud clínica y publicación libre Espectador
R32 PROFILE MATRIX HARDENING: PASS 36/36
