./.gitignore: OK
./ANDROID.md: OK
./ANDROID_PLAY_READINESS_RC13_BUILD_20018.md: OK
./ANDROID_PLAY_READINESS_RC13_BUILD_20019.md: OK
./ANDROID_PREFLIGHT_20098.log: OK
./ANDROID_PREFLIGHT_20099.txt: OK
./ANDROID_PREFLIGHT_20100.txt: OK
./ANDROID_RC13_BUILD_20021_VALIDATION.md: OK
./ANDROID_RC13_BUILD_20063_MOBILE_QA.md: OK
./ANDROID_RC13_BUILD_20064_MASTER_ADMIN_MOBILE_QA.md: OK
./ANDROID_RC13_BUILD_20065_MOBILE_QA.md: OK
./ANDROID_STUDIO_KOMBAX_RC13_BUILD_20025.md: OK
./ANDROID_STUDIO_RC13_BUILD_20021.md: OK
./ARCHITECTURE.md: OK
./AUDITORIA_MAESTRA_RC10_FINAL.md: OK
./AUTH_PRODUCTION_READINESS_20070.md: OK
./BACKUP_EXPORT_GATEWAY_20077.md: OK
./BACKUP_RESTORE_EVIDENCE_20077.md: OK
./BASELINE_RC10.md: OK
./BASE_SOURCE_20077_SHA256.txt: OK
./BRAND_HEROES_VISUAL_AUDIT_20100.md: OK
./BRAND_HEROES_VISUAL_SYSTEM_20100.md: OK
./BUGS.md: OK
./BUILD_20040_SOCIAL_AFFILIATION_CONTACT_VALIDATION.md: OK
./BUILD_20041_CONTENT_LIFECYCLE_MEDIA_VALIDATION.md: OK
./BUILD_20042_GATEWAY_BRAND_VALIDATION.md: OK
./BUILD_20043_RELATIONS_PRIVACY_VALIDATION.md: OK
./BUILD_20044_VERIFIED_PROFILES_VALIDATION.md: OK
./BUILD_20045_PUBLIC_PROFILES_AUDIENCES_VALIDATION.md: OK
./BUILD_20046_SECURITY_HARDENING_AUDIT.md: OK
./BUILD_20047_MEMBER_PROFILE_VALIDATION.md: OK
./BUILD_20048_PREFREEZE_VALIDATION.md: OK
./BUILD_20049_FINAL_AUTH_RECEIPTS_VALIDATION.md: OK
./BUILD_20050_ACCOUNT_SECURITY_VALIDATION.md: OK
./BUILD_20052_CLUB_ONBOARDING_VALIDATION.md: OK
./BUILD_20053_CLUB_VERIFICATION_VALIDATION.md: OK
./BUILD_20054_SOCIAL_PRODUCT_LIMITS_VALIDATION.md: OK
./BUILD_20055_MVP_PROFILE_SCOPE_VALIDATION.md: OK
./BUILD_20056_CLUB_NAVIGATION_BRANDING_VALIDATION.md: OK
./BUILD_20057_SUPABASE_CONSOLIDATION_VALIDATION.md: OK
./BUILD_20058_HEADER_ACTIVITY_SPLIT_VALIDATION.md: OK
./BUILD_20058_NAVIGATION_SESSION_UX_VALIDATION.md: OK
./BUILD_20059_CHAT_READ_RECEIPTS_VALIDATION.md: OK
./BUILD_20059_OPEN_CHAT_AUTOSYNC_VALIDATION.md: OK
./BUILD_20060_PLATFORM_PERFORMANCE_SCALE_HARDENING_VALIDATION.md: OK
./BUILD_20061_10K_CONCURRENT_SCALE_READINESS_VALIDATION.md: OK
./BUILD_20062_COMPETITOR_REOPEN_PROMO_VALIDATION.md: OK
./BUILD_20063_SOCIAL_MESSAGING_FINAL_QA_VALIDATION.md: OK
./BUILD_20064_MASTER_ADMIN_FRONTEND_CLEANUP_VALIDATION.md: OK
./BUILD_20065_ROLE_INVITATIONS_TEAM_FILTER_VALIDATION.md: OK
./BUILD_20066_QA_REGISTRATION_PROFILE_SUBMISSION_VALIDATION.md: OK
./BUILD_20070_PILOT_READINESS_VALIDATION.md: OK
./BUILD_20071_KEYFILES_SHA256.txt: OK
./BUILD_20071_SECURITY_PRIVACY_VALIDATION.md: OK
./BUILD_20072_CLOSURE_VALIDATION.md: OK
./BUILD_20073_EMAIL_UX_POLISH_VALIDATION.md: OK
./BUILD_20074_MANIFEST.sha256: OK
./BUILD_20074_TEAM_EMAIL_INVITATION_VALIDATION.md: OK
./BUILD_20075_KEYFILES_SHA256.txt: OK
./BUILD_20075_STUDENT_EMAIL_INVITATION_VALIDATION.md: OK
./BUILD_20076_BANNER_POSITIONING_VALIDATION.md: OK
./BUILD_20076_KEYFILES_SHA256.txt: OK
./BUILD_20077_OWNER_ACCESS_VALIDATION.md: OK
./BUILD_20077_OWNER_SUPPORT_VALIDATION.md: OK
./BUILD_20077_PILOT_CANDIDATE_MANIFEST_SHA256.txt: OK
./BUILD_20077_SUPPORT_KEYFILES_SHA256.txt: OK
./BUILD_20078_PUBLIC_PRODUCT_OVERVIEW.md: OK
./BUILD_20084_FULL_MANIFEST_SHA256.txt: OK
./BUILD_20085_PREMIUM_FINANCE_SOCIAL_VALIDATION.md: OK
./BUILD_20086_FULL_MANIFEST_SHA256.txt: OK
./BUILD_20086_VALIDATION.md: OK
./BUILD_20087_FINANCE_EXPLORER_STABILITY_VALIDATION.md: OK
./BUILD_20087_FULL_MANIFEST_SHA256.txt: OK
./BUILD_20088_FULL_MANIFEST_SHA256.txt: OK
./BUILD_20088_MOBILE_FINANCE_RESPONSIVE_VALIDATION.md: OK
./BUILD_20089_FINANCE_USER_LANGUAGE_AUDIT.md: OK
./BUILD_20089_FULL_MANIFEST_SHA256.txt: OK
./BUILD_20090_CHANGED_FILES.txt: OK
./BUILD_20090_EVENTS_FOUNDATION_VALIDATION.md: OK
./BUILD_20090_FULL_MANIFEST_SHA256.txt: OK
./BUILD_20090_MANIFEST_SHA256.txt: OK
./BUILD_20091_CHANGED_FILES.txt: OK
./BUILD_20091_EVENTS_ORGANIZATIONS_VALIDATION.md: OK
./BUILD_20091_FULL_MANIFEST_SHA256.txt: OK
./BUILD_20092_CHANGED_FILES.txt: OK
./BUILD_20092_FIGHTERS_FIGHT_CARDS_VALIDATION.md: OK
./BUILD_20092_FULL_MANIFEST_SHA256.txt: OK
./BUILD_20093_EVENTS_SOCIAL_VIRAL_VALIDATION.md: OK
./BUILD_20094_BUILD_RESULT.txt: OK
./BUILD_20094_LIVE_RESULTS_HIGHLIGHTS_HISTORY_VALIDATION.md: OK
./BUILD_20095_FULL_RESULT.txt: OK
./BUILD_20095_INTEGRATION_HARDENING_VALIDATION.md: OK
./BUILD_20096_EVENTS_PREMIUM_VISUAL_VALIDATION.md: OK
./BUILD_20097_EVENTS_WORKSPACE_ISOLATION_VALIDATION.md: OK
./BUILD_20098.log: OK
./BUILD_20098_EVENTS_LARGE_FORMAT_VALIDATION.md: OK
./BUILD_20099_EVENTS_OFFICIAL_ALBUM_MEDIA_VALIDATION.md: OK
./BUILD_20099_FULL_RESULT.txt: OK
./BUILD_20100_FULL_RESULT.txt: OK
./BUILD_20100_KOMBAX_BRAND_HEROES_VALIDATION.md: OK
./BUILD_MANIFEST_SHA256_20026.txt: OK
./BUILD_MANIFEST_SHA256_20027.txt: OK
./BUILD_MANIFEST_SHA256_20028.txt: OK
./BUILD_MANIFEST_SHA256_20030.txt: OK
./BUILD_MANIFEST_SHA256_20044.txt: OK
./BUILD_MANIFEST_SHA256_20045.txt: OK
./BUILD_MANIFEST_SHA256_20046.txt: OK
./BUILD_MANIFEST_SHA256_20048.txt: OK
./BUILD_MANIFEST_SHA256_20049.txt: OK
./BUILD_MANIFEST_SHA256_20050.txt: OK
./BUILD_MANIFEST_SHA256_20052.txt: OK
./BUILD_MANIFEST_SHA256_20053.txt: OK
./BUILD_MANIFEST_SHA256_20054.txt: OK
./BUILD_MANIFEST_SHA256_20055.txt: OK
./BUILD_MANIFEST_SHA256_20056.txt: OK
./BUILD_MANIFEST_SHA256_20057.txt: OK
./BUILD_MANIFEST_SHA256_20058.txt: OK
./BUILD_MANIFEST_SHA256_20058_HEADER_ACTIVITY_SPLIT.txt: OK
./BUILD_MANIFEST_SHA256_20059_CHAT_READ_RECEIPTS.txt: OK
./BUILD_MANIFEST_SHA256_20059_OPEN_CHAT_AUTOSYNC.txt: OK
./BUILD_MANIFEST_SHA256_20060_PLATFORM_PERFORMANCE_SCALE_HARDENING.txt: OK
./BUILD_MANIFEST_SHA256_20061_10K_CONCURRENT_SCALE_READINESS.txt: OK
./BUILD_MANIFEST_SHA256_20062_COMPETITOR_REOPEN_PROMO.txt: OK
./BUILD_MANIFEST_SHA256_20063_SOCIAL_MESSAGING_FINAL_QA.txt: OK
./BUILD_MANIFEST_SHA256_20065_ROLE_INVITATIONS_TEAM_FILTER.txt: OK
./BUILD_MANIFEST_SHA256_20066_QA_REGISTRATION_PROFILE_SUBMISSION.txt: OK
./BUILD_MANIFEST_SHA256_20072_CLOSURE_HARDENING.txt: OK
./BUILD_MANIFEST_SHA256_20073_EMAIL_UX_POLISH.txt: OK
./BUILD_MANIFEST_SHA256_20095.txt: OK
./BUILD_MANIFEST_SHA256_20096.txt: OK
./BUILD_MANIFEST_SHA256_20097.txt: OK
./CHANGELOG.md: OK
./CHANGELOG_RC13_BUILD_20027.md: OK
./CHANGELOG_RC13_BUILD_20028.md: OK
./CHANGELOG_RC13_BUILD_20029.md: OK
./CHANGELOG_RC13_BUILD_20030.md: OK
./CHANGELOG_RC13_BUILD_20031.md: OK
./CHANGELOG_RC13_BUILD_20032.md: OK
./CHANGELOG_RC13_BUILD_20033.md: OK
./CHANGELOG_RC13_BUILD_20034.md: OK
./CHANGELOG_RC13_BUILD_20035.md: OK
./CHANGELOG_RC13_BUILD_20036.md: OK
./CHANGELOG_RC13_BUILD_20037.md: OK
./CHANGELOG_RC13_BUILD_20038.md: OK
./CHANGELOG_RC13_BUILD_20039.md: OK
./CHANGELOG_RC13_BUILD_20041.md: OK
./CHANGELOG_RC13_BUILD_20042.md: OK
./CHANGELOG_RC13_BUILD_20043.md: OK
./CHANGELOG_RC13_BUILD_20044.md: OK
./CHANGELOG_RC13_BUILD_20045.md: OK
./CHANGELOG_RC13_BUILD_20047.md: OK
./CHANGELOG_RC13_BUILD_20048.md: OK
./CHANGELOG_RC13_BUILD_20049.md: OK
./CHANGELOG_RC13_BUILD_20050.md: OK
./CHANGELOG_RC13_BUILD_20059.md: OK
./CHANGELOG_RC13_BUILD_20062.md: OK
./CHANGELOG_RC13_BUILD_20063.md: OK
./CHANGELOG_RC13_BUILD_20064.md: OK
./CHANGELOG_RC13_BUILD_20065.md: OK
./CHANGELOG_RC13_BUILD_20066.md: OK
./CHANGELOG_RC13_BUILD_20069.md: OK
./CHANGELOG_RC13_BUILD_20070.md: OK
./CHANGELOG_RC13_BUILD_20071.md: OK
./CHANGELOG_RC13_BUILD_20072.md: OK
./CHANGELOG_RC13_BUILD_20073.md: OK
./CHANGELOG_RC13_BUILD_20074.md: OK
./CHANGELOG_RC13_BUILD_20075.md: OK
./CHANGELOG_RC13_BUILD_20076.md: OK
./CHANGELOG_RC13_BUILD_20077.md: OK
./CHANGELOG_RC13_BUILD_20090.md: OK
./CHANGELOG_RC13_BUILD_20091.md: OK
./CHANGELOG_RC13_BUILD_20092.md: OK
./CHANGELOG_RC13_BUILD_20093.md: OK
./CHANGELOG_RC13_BUILD_20094.md: OK
./CHANGELOG_RC13_BUILD_20095.md: OK
./CHANGELOG_RC13_BUILD_20096.md: OK
./CHANGELOG_RC13_BUILD_20097.md: OK
./CHANGELOG_RC13_BUILD_20098.md: OK
./CHANGELOG_RC13_BUILD_20099.md: OK
./CHILD_SAFETY_RESPONSE_RUNBOOK_20071.md: OK
./CONTINUITY_STATUS_20062.txt: OK
./CONTINUITY_STATUS_20063.txt: OK
./CONTINUITY_STATUS_20065.txt: OK
./CONTINUITY_STATUS_20069.txt: OK
./DATABASE.md: OK
./DEPLOY_FINAL.md: OK
./DISASTER_RECOVERY_RUNBOOK_20070.md: OK
./DOCUMENTATION_INDEX.md: OK
./FINAL_PACKAGING_CERTIFICATION_20095.md: OK
./FINAL_PACKAGING_CERTIFICATION_20096.md: OK
./FINAL_PACKAGING_CERTIFICATION_20097.md: OK
./FINAL_PACKAGING_CERTIFICATION_20099.md: OK
./FINAL_RELEASE_AUDIT_RC13_BUILD_20025.md: OK
./FOUNDERS_PROMOTION_TRACEABILITY_20062.md: OK
./FRONTEND_TECHNICAL_MESSAGE_AUDIT_20064.md: OK
./GRADLE_WRAPPER_BUILD_20037_VALIDATION.md: OK
./INCIDENT_RESPONSE_RUNBOOK_20070.md: OK
./INFORME_RC10_FINAL_MVP.md: OK
./KOMBAX_ADMIN_MASTER_ACCESS_TUTORIAL_20064.pdf: OK
./KOMBAX_CHILD_SAFETY_STANDARD_DRAFT_20071.md: OK
./KOMBAX_CLUB_DPA_PILOT_20077.md: OK
./KOMBAX_PRIVACY_POLICY_DRAFT_20071.md: OK
./LEGAL_GATE_20098.log: OK
./LEGAL_GATE_20099.txt: OK
./LEGAL_GATE_20100.txt: OK
./LEGAL_RELEASE_GATE_20077.md: OK
./LOAD_TEST_RUNBOOK_10K_CONCURRENT_20061.md: OK
./LOAD_TEST_RUNBOOK_KOMBAX_100_CLUBS.md: OK
./LOCAL_RELEASE_SIGNING/KOMBACK_RELEASE_JKS.sha256: OK
./LOCAL_RELEASE_SIGNING/KOMBAX_RELEASE_JKS_20097.sha256: OK
./LOCAL_RELEASE_SIGNING/README_SIGNING_TRANSFER.md: OK
./LOCAL_RELEASE_SIGNING/RESTORE_SIGNING_WINDOWS.cmd: OK
./LOCAL_RELEASE_SIGNING/RESTORE_SIGNING_WINDOWS.ps1: OK
./LOCAL_RELEASE_SIGNING/keystore.properties.transfer.example: OK
./LOCAL_RELEASE_SIGNING/kombax-release.jks: OK
./MANIFEST_SHA256_20047.txt: OK
./MANIFEST_SHA256_20064.txt: OK
./MANIFEST_SHA256_20098.txt: OK
./MANIFEST_SHA256_20099.txt: OK
./MANIFEST_VERIFY_20099.txt: OK
./MATRIZ_PERMISOS.md: OK
./MONITORING_RUNBOOK_20072.md: OK
./MVP_FREEZE_IMPLEMENTATION.md: OK
./NETLIFY_KOMBAX_BUILD_20025_RUNBOOK.md: OK
./ORIGINAL_BUILD_20096.sha256: OK
./PHASE_10_20100_IMPLEMENTATION_PLAN.md: OK
./PHASE_12_20100_IMPLEMENTATION_PLAN.md: OK
./PHASE_1_20090_IMPLEMENTATION_PLAN.md: OK
./PHASE_2_20091_IMPLEMENTATION_PLAN.md: OK
./PHASE_3_20092_IMPLEMENTATION_PLAN.md: OK
./PHASE_4_20093_IMPLEMENTATION_PLAN.md: OK
./PHASE_5_20094_IMPLEMENTATION_PLAN.md: OK
./PHASE_6_20095_IMPLEMENTATION_PLAN.md: OK
./PHASE_7_20096_IMPLEMENTATION_PLAN.md: OK
./PHASE_8_20097_IMPLEMENTATION_PLAN.md: OK
./PHASE_8_20098_IMPLEMENTATION_PLAN.md: OK
./PILOT_LEGAL_CONTROLLER_TEMPLATE_20070.md: OK
./PILOT_READINESS_CHANGES_20077.md: OK
./PILOT_VALIDATION_EVIDENCE_20077.md: OK
./PLAN_INTERVENCION_20086_FINANZAS_PREMIUM.md: OK
./PLAN_INTERVENCION_20087_FINANCE_EXPLORER_STABILITY.md: OK
./PLATFORM_EVOLUTION_RULES.md: OK
./PLATFORM_PERFORMANCE_BUDGET_20060.md: OK
./POSTDEPLOY_ENABLE_URBAN_WARRIORS_EVENTS_20097.sql: OK
./POSTDEPLOY_ENABLE_URBAN_WARRIORS_EVENTS_20098.sql: OK
./POSTDEPLOY_ENABLE_URBAN_WARRIORS_EVENTS_20099.sql: OK
./PREDEPLOY_EXECUTION.md: OK
./PRIVACY_PROCESSING_REGISTER_DRAFT_20071.md: OK
./PRODUCTION_READINESS_20077_PILOT.md: OK
./PROFILE_ARCHITECTURE_20048.md: OK
./PROMPT_MAESTRO_CONTINUIDAD_20062.md: OK
./PROMPT_MAESTRO_CONTINUIDAD_20063.md: OK
./PROMPT_MAESTRO_CONTINUIDAD_20064.md: OK
./PROMPT_MAESTRO_CONTINUIDAD_20071.md: OK
./PROMPT_MAESTRO_CONTINUIDAD_20072.md: OK
./PROMPT_MAESTRO_CONTINUIDAD_20073.md: OK
./PROMPT_MAESTRO_CONTINUIDAD_20075.md: OK
./PROMPT_MAESTRO_CONTINUIDAD_20076.md: OK
./PROMPT_MAESTRO_CONTINUIDAD_20077.md: OK
./PROMPT_MAESTRO_CONTINUIDAD_20084.md: OK
./PROMPT_MAESTRO_CONTINUIDAD_20085.md: OK
./PROMPT_MAESTRO_CONTINUIDAD_20086.md: OK
./PROMPT_MAESTRO_CONTINUIDAD_20087.md: OK
./PROMPT_MAESTRO_CONTINUIDAD_20088.md: OK
./PROMPT_MAESTRO_CONTINUIDAD_20089.md: OK
./PROMPT_MAESTRO_CONTINUIDAD_20090.md: OK
./PROMPT_MAESTRO_CONTINUIDAD_20091.md: OK
./PROMPT_MAESTRO_CONTINUIDAD_20094.md: OK
./PROMPT_MAESTRO_CONTINUIDAD_20095.md: OK
./PROMPT_MAESTRO_CONTINUIDAD_20096.md: OK
./PROMPT_MAESTRO_CONTINUIDAD_20097.md: OK
./PROMPT_MAESTRO_CONTINUIDAD_20098.md: OK
./PROMPT_MAESTRO_CONTINUIDAD_20099.md: OK
./PROMPT_MAESTRO_CONTINUIDAD_20100.md: OK
./PROMPT_MAESTRO_INTERNO_20026_PREMIUM_REBUILD.md: OK
./PUSH_PRODUCCION_CHECKLIST.md: OK
./QA_20082_RESULT.txt: OK
./QA_20083_RESULT.txt: OK
./QA_20084_FULL_RESULT.txt: OK
./QA_20084_RESULT.txt: OK
./QA_20091_FULL_RESULT.txt: OK
./QA_20092_FULL_RESULT.txt: OK
./QA_20094_FULL_RESULT.txt: OK
./QA_20095_FULL_RESULT.txt: OK
./QA_20099_FINAL_RESULT.txt: OK
./QA_20099_FULL_RESULT.txt: OK
./QA_20100_FULL_RESULT.txt: OK
./QA_FULL_20098.log: OK
./QA_GLOBAL_ADMIN_MODERATION_20069.md: OK
./QA_SECURITY_RLS_20072.md: OK
./RC12_MANIFEST_SHA256.txt: OK
./RC12_VALIDATION.md: OK
./RC13_BUILD_20018_IMPLEMENTATION_PLAN.md: OK
./RC13_BUILD_20018_IMPLEMENTATION_REPORT.md: OK
./RC13_BUILD_20019_FINAL_POLISH_REPORT.md: OK
./RC13_BUILD_20020_SESSION_VISIBILITY_FIX.md: OK
./RC13_BUILD_20022_IMPLEMENTATION_REPORT.md: OK
./RC13_BUILD_20023_IMPLEMENTATION_REPORT.md: OK
./RC13_BUILD_20024_IMPLEMENTATION_REPORT.md: OK
./RC13_BUILD_20025_IMPLEMENTATION_REPORT.md: OK
./RC13_BUILD_20026_PREMIUM_REBUILD_REPORT.md: OK
./RC13_BUILD_20027_IMPLEMENTATION_REPORT.md: OK
./RC13_BUILD_20028_IMPLEMENTATION_REPORT.md: OK
./RC13_BUILD_20028_LOCAL_QA.md: OK
./RC13_BUILD_20029_IMPLEMENTATION_REPORT.md: OK
./RC13_BUILD_20029_LOCAL_QA.md: OK
./RC13_BUILD_20030_IMPLEMENTATION_REPORT.md: OK
./RC13_BUILD_20030_LOCAL_QA.md: OK
./RC13_BUILD_20031_LOCAL_QA.md: OK
./RC13_BUILD_20036_IMPLEMENTATION_REPORT.md: OK
./RC13_BUILD_20037_RELEASE_AUDIT.md: OK
./RC13_BUILD_20038_IMPLEMENTATION_REPORT.md: OK
./RC13_BUILD_20039_IMPLEMENTATION_REPORT.md: OK
./RC13_BUILD_20063_IMPLEMENTATION_PLAN.md: OK
./RC13_BUILD_20064_MASTER_ADMIN_FRONTEND_CLEANUP_IMPLEMENTATION_PLAN.md: OK
./RC13_IMPLEMENTATION_REPORT.md: OK
./RC13_MANIFEST_SHA256.txt: OK
./RC13_VALIDATION.md: OK
./README.md: OK
./README_20080_HANDOFF.txt: OK
./README_20081_HANDOFF.txt: OK
./README_20082_HANDOFF.txt: OK
./README_20083_HANDOFF.txt: OK
./README_20084_HANDOFF.txt: OK
./README_20086_HANDOFF.txt: OK
./README_20090_HANDOFF.txt: OK
./README_20091_HANDOFF.txt: OK
./README_20092_HANDOFF.txt: OK
./README_20094_HANDOFF.txt: OK
./README_20095_HANDOFF.txt: OK
./README_20096_HANDOFF.txt: OK
./RELEASE_IDENTITY_20094.txt: OK
./RELEASE_IDENTITY_20095.txt: OK
./RELEASE_IDENTITY_20096.txt: OK
./RELEASE_IDENTITY_20097.txt: OK
./RELEASE_IDENTITY_20100.txt: OK
./RLS_MATRIX.md: OK
./ROADMAP.md: OK
./SCALE_TARGET_10K_CONCURRENT_20061.md: OK
./SECURITY.md: OK
./SIGNING_TRANSFER_CERTIFICATION_20096.md: OK
./SIGNING_TRANSFER_CERTIFICATION_20097.md: OK
./SQL_EJECUTAR_RC10_022.sql: OK
./SQL_PATCH_043_046_20260817.md: OK
./STATUS.md: OK
./STORAGE_ORPHAN_CLEANUP_RUNBOOK_20072.md: OK
./SUPABASE_EVENTS_ALBUM_AUDIT_20099.md: OK
./SUPABASE_EVENTS_BACKEND_AUDIT_20093.md: OK
./SUPABASE_EVENTS_BACKEND_AUDIT_20094.md: OK
./SUPABASE_EVENTS_LARGE_FORMAT_AUDIT_20098.md: OK
./SUPABASE_EVENTS_WORKSPACE_AUDIT_20097.md: OK
./SUPABASE_INTEGRATION_AUDIT_20095.md: OK
./SUPABASE_KOMBAX_RC13_20022_20025_RUNBOOK.md: OK
./SUPABASE_KOMBAX_RC13_20027_RUNBOOK.md: OK
./SUPABASE_KOMBAX_RC13_20028_RUNBOOK.md: OK
./SUPABASE_KOMBAX_RC13_20029_RUNBOOK.md: OK
./SUPABASE_KOMBAX_RC13_20030_RUNBOOK.md: OK
./SUPABASE_MVP_FREEZE_RUNBOOK.md: OK
./SUPABASE_RUNBOOK.md: OK
./SUPABASE_SECURITY_DEFINER_AUDIT_20077.md: OK
./TEST_RESULTS.md: OK
./TRANSFER_MANIFEST_SHA256_20096.txt: OK
./VALIDACION_LOCAL_ANDROID_20026.md: OK
./VALIDACION_NETLIFY_ANDROID_20095.md: OK
./VALIDACION_RC10_FINAL.md: OK
./VISUAL_AUDIT_20096.md: OK
./android-security-20084/ANDROID_PATCH_20084.diff: OK
./android-security-20084/app/src/main/res/xml/network_security_config.xml: OK
./android/app/build.gradle: OK
./android/app/google-services.json: OK
./android/app/google-services.json.example: OK
./android/app/proguard-rules.pro: OK
./android/app/src/main/AndroidManifest.xml: OK
./android/app/src/main/assets/www/assets/brand-heroes/hero-events.webp: OK
./android/app/src/main/assets/www/assets/brand-heroes/hero-showcase.webp: OK
./android/app/src/main/assets/www/assets/brand-heroes/hero-social.webp: OK
./android/app/src/main/assets/www/assets/brand/kombax-symbol-black.png: OK
./android/app/src/main/assets/www/assets/brand/kombax-symbol-red.png: OK
./android/app/src/main/assets/www/assets/brand/kombax-symbol-white.png: OK
./android/app/src/main/assets/www/assets/docs/Cartel_Descarga_KOMBAX_Club.png: OK
./android/app/src/main/assets/www/assets/events/kombax-events-burst.svg: OK
./android/app/src/main/assets/www/assets/events/kombax-events-grid.svg: OK
./android/app/src/main/assets/www/assets/events/kombax-events-neon-mesh.svg: OK
./android/app/src/main/assets/www/assets/events/template-manifest.json: OK
./android/app/src/main/assets/www/assets/events/templates/event-poster-arena.svg: OK
./android/app/src/main/assets/www/assets/events/templates/event-poster-federation.svg: OK
./android/app/src/main/assets/www/assets/events/templates/event-poster-fight.svg: OK
./android/app/src/main/assets/www/assets/events/templates/event-poster-seminar.svg: OK
./android/app/src/main/assets/www/assets/events/templates/event-share-square.svg: OK
./android/app/src/main/assets/www/assets/events/templates/event-share-story.svg: OK
./android/app/src/main/assets/www/assets/events/templates/fight-card-frame.svg: OK
./android/app/src/main/assets/www/assets/events/templates/fight-card-square.svg: OK
./android/app/src/main/assets/www/assets/events/templates/fight-card-story.svg: OK
./android/app/src/main/assets/www/assets/events/templates/fight-share-square.svg: OK
./android/app/src/main/assets/www/assets/events/templates/fight-share-story.svg: OK
./android/app/src/main/assets/www/assets/events/templates/fighter-placeholder.svg: OK
./android/app/src/main/assets/www/assets/events/templates/organization-lockup.svg: OK
./android/app/src/main/assets/www/assets/events/templates/result-share-square.svg: OK
./android/app/src/main/assets/www/assets/events/templates/result-share-story.svg: OK
./android/app/src/main/assets/www/assets/events/templates/sponsor-strip.svg: OK
./android/app/src/main/assets/www/assets/icons/icon-128.png: OK
./android/app/src/main/assets/www/assets/icons/icon-144.png: OK
./android/app/src/main/assets/www/assets/icons/icon-152.png: OK
./android/app/src/main/assets/www/assets/icons/icon-192.png: OK
./android/app/src/main/assets/www/assets/icons/icon-384.png: OK
./android/app/src/main/assets/www/assets/icons/icon-512.png: OK
./android/app/src/main/assets/www/assets/icons/icon-72.png: OK
./android/app/src/main/assets/www/assets/icons/icon-96.png: OK
./android/app/src/main/assets/www/assets/icons/icon-maskable-192.png: OK
./android/app/src/main/assets/www/assets/icons/icon-maskable-512.png: OK
./android/app/src/main/assets/www/assets/install-qr.png: OK
./android/app/src/main/assets/www/assets/kombax-symbol.png: OK
./android/app/src/main/assets/www/assets/urban-warriors-logo.png: OK
./android/app/src/main/assets/www/child-safety.html: OK
./android/app/src/main/assets/www/config.js: OK
./android/app/src/main/assets/www/css/app.css: OK
./android/app/src/main/assets/www/css/kombax-brand-heroes.css: OK
./android/app/src/main/assets/www/css/kombax-events.css: OK
./android/app/src/main/assets/www/css/kombax-premium.css: OK
./android/app/src/main/assets/www/css/kombax-public-overview.css: OK
./android/app/src/main/assets/www/delete-account.html: OK
./android/app/src/main/assets/www/index.html: OK
./android/app/src/main/assets/www/js/app.js: OK
./android/app/src/main/assets/www/js/core/adaptive-poller.js: OK
./android/app/src/main/assets/www/js/core/backend.js: OK
./android/app/src/main/assets/www/js/core/context-isolation-20083.js: OK
./android/app/src/main/assets/www/js/core/demo-directory.js: OK
./android/app/src/main/assets/www/js/core/demo-showcase.js: OK
./android/app/src/main/assets/www/js/core/finance-math.js: OK
./android/app/src/main/assets/www/js/core/identity-context.js: OK
./android/app/src/main/assets/www/js/core/invitations.js: OK
./android/app/src/main/assets/www/js/core/media.js: OK
./android/app/src/main/assets/www/js/core/permissions.js: OK
./android/app/src/main/assets/www/js/core/platform.js: OK
./android/app/src/main/assets/www/js/core/query-cache.js: OK
./android/app/src/main/assets/www/js/core/repositories.js: OK
./android/app/src/main/assets/www/js/core/security-go-live-20084.js: OK
./android/app/src/main/assets/www/js/core/state.js: OK
./android/app/src/main/assets/www/js/core/supabase.js: OK
./android/app/src/main/assets/www/js/core/telemetry.js: OK
./android/app/src/main/assets/www/js/core/utils.js: OK
./android/app/src/main/assets/www/js/delete-account.js: OK
./android/app/src/main/assets/www/js/modules/account-security.js: OK
./android/app/src/main/assets/www/js/modules/admin.js: OK
./android/app/src/main/assets/www/js/modules/auth-recovery.js: OK
./android/app/src/main/assets/www/js/modules/club-kombax-hub.js: OK
./android/app/src/main/assets/www/js/modules/club-profile.js: OK
./android/app/src/main/assets/www/js/modules/comms-material.js: OK
./android/app/src/main/assets/www/js/modules/community.js: OK
./android/app/src/main/assets/www/js/modules/dashboard-catalog.js: OK
./android/app/src/main/assets/www/js/modules/documents.js: OK
./android/app/src/main/assets/www/js/modules/events.js: OK
./android/app/src/main/assets/www/js/modules/finance-premium-bootstrap.js: OK
./android/app/src/main/assets/www/js/modules/finance-premium.js: OK
./android/app/src/main/assets/www/js/modules/finance.js: OK
./android/app/src/main/assets/www/js/modules/gateway.js: OK
./android/app/src/main/assets/www/js/modules/groups-members.js: OK
./android/app/src/main/assets/www/js/modules/help-legal.js: OK
./android/app/src/main/assets/www/js/modules/kombax-event-visuals.js: OK
./android/app/src/main/assets/www/js/modules/kombax-events.js: OK
./android/app/src/main/assets/www/js/modules/kombax-social.js: OK
./android/app/src/main/assets/www/js/modules/lifecycle.js: OK
./android/app/src/main/assets/www/js/modules/platform-admin-access.js: OK
./android/app/src/main/assets/www/js/modules/platform-admin.js: OK
./android/app/src/main/assets/www/js/modules/platform-legal.js: OK
./android/app/src/main/assets/www/js/modules/portal.js: OK
./android/app/src/main/assets/www/js/modules/public-profile.js: OK
./android/app/src/main/assets/www/js/modules/showcase.js: OK
./android/app/src/main/assets/www/js/modules/social-post-management.js: OK
./android/app/src/main/assets/www/js/modules/sports-profile.js: OK
./android/app/src/main/assets/www/js/modules/training.js: OK
./android/app/src/main/assets/www/js/modules/work-scopes.js: OK
./android/app/src/main/assets/www/js/public-product-overview.js: OK
./android/app/src/main/assets/www/js/ui/brand-hero.js: OK
./android/app/src/main/assets/www/js/ui/components.js: OK
./android/app/src/main/assets/www/js/ui/icons.js: OK
./android/app/src/main/assets/www/manifest.webmanifest: OK
./android/app/src/main/assets/www/privacy.html: OK
./android/app/src/main/assets/www/service-worker.js: OK
./android/app/src/main/assets/www/terms.html: OK
./android/app/src/main/java/com/urbanwarriors/app/MainActivity.java: OK
./android/app/src/main/java/com/urbanwarriors/app/UrbanWarriorsMessagingService.java: OK
./android/app/src/main/res/drawable/ic_launcher_foreground.png: OK
./android/app/src/main/res/drawable/splash_background.xml: OK
./android/app/src/main/res/drawable/splash_logo.png: OK
./android/app/src/main/res/mipmap-anydpi-v26/ic_launcher.xml: OK
./android/app/src/main/res/mipmap-anydpi-v26/ic_launcher_round.xml: OK
./android/app/src/main/res/mipmap-hdpi/ic_launcher.png: OK
./android/app/src/main/res/mipmap-hdpi/ic_launcher_round.png: OK
./android/app/src/main/res/mipmap-mdpi/ic_launcher.png: OK
./android/app/src/main/res/mipmap-mdpi/ic_launcher_round.png: OK
./android/app/src/main/res/mipmap-xhdpi/ic_launcher.png: OK
./android/app/src/main/res/mipmap-xhdpi/ic_launcher_round.png: OK
./android/app/src/main/res/mipmap-xxhdpi/ic_launcher.png: OK
./android/app/src/main/res/mipmap-xxhdpi/ic_launcher_round.png: OK
./android/app/src/main/res/mipmap-xxxhdpi/ic_launcher.png: OK
./android/app/src/main/res/mipmap-xxxhdpi/ic_launcher_round.png: OK
./android/app/src/main/res/values/colors.xml: OK
./android/app/src/main/res/values/styles.xml: OK
./android/app/src/main/res/xml/file_paths.xml: OK
./android/app/src/main/res/xml/network_security_config.xml: OK
./android/build.gradle: OK
./android/gradle.properties: OK
./android/gradle/wrapper/gradle-wrapper.jar: OK
./android/gradle/wrapper/gradle-wrapper.properties: OK
./android/gradlew: OK
./android/gradlew.bat: OK
./android/keystore.properties.example: OK
./android/settings.gradle: OK
./dist/assets/brand-heroes/hero-events.webp: OK
./dist/assets/brand-heroes/hero-showcase.webp: OK
./dist/assets/brand-heroes/hero-social.webp: OK
./dist/assets/brand/kombax-symbol-black.png: OK
./dist/assets/brand/kombax-symbol-red.png: OK
./dist/assets/brand/kombax-symbol-white.png: OK
./dist/assets/docs/Cartel_Descarga_KOMBAX_Club.png: OK
./dist/assets/events/kombax-events-burst.svg: OK
./dist/assets/events/kombax-events-grid.svg: OK
./dist/assets/events/kombax-events-neon-mesh.svg: OK
./dist/assets/events/template-manifest.json: OK
./dist/assets/events/templates/event-poster-arena.svg: OK
./dist/assets/events/templates/event-poster-federation.svg: OK
./dist/assets/events/templates/event-poster-fight.svg: OK
./dist/assets/events/templates/event-poster-seminar.svg: OK
./dist/assets/events/templates/event-share-square.svg: OK
./dist/assets/events/templates/event-share-story.svg: OK
./dist/assets/events/templates/fight-card-frame.svg: OK
./dist/assets/events/templates/fight-card-square.svg: OK
./dist/assets/events/templates/fight-card-story.svg: OK
./dist/assets/events/templates/fight-share-square.svg: OK
./dist/assets/events/templates/fight-share-story.svg: OK
./dist/assets/events/templates/fighter-placeholder.svg: OK
./dist/assets/events/templates/organization-lockup.svg: OK
./dist/assets/events/templates/result-share-square.svg: OK
./dist/assets/events/templates/result-share-story.svg: OK
./dist/assets/events/templates/sponsor-strip.svg: OK
./dist/assets/icons/icon-128.png: OK
./dist/assets/icons/icon-144.png: OK
./dist/assets/icons/icon-152.png: OK
./dist/assets/icons/icon-192.png: OK
./dist/assets/icons/icon-384.png: OK
./dist/assets/icons/icon-512.png: OK
./dist/assets/icons/icon-72.png: OK
./dist/assets/icons/icon-96.png: OK
./dist/assets/icons/icon-maskable-192.png: OK
./dist/assets/icons/icon-maskable-512.png: OK
./dist/assets/install-qr.png: OK
./dist/assets/kombax-symbol.png: OK
./dist/assets/urban-warriors-logo.png: OK
./dist/child-safety.html: OK
./dist/config.js: OK
./dist/css/app.css: OK
./dist/css/kombax-brand-heroes.css: OK
./dist/css/kombax-events.css: OK
./dist/css/kombax-premium.css: OK
./dist/css/kombax-public-overview.css: OK
./dist/delete-account.html: OK
./dist/index.html: OK
./dist/js/app.js: OK
./dist/js/core/adaptive-poller.js: OK
./dist/js/core/backend.js: OK
./dist/js/core/context-isolation-20083.js: OK
./dist/js/core/demo-directory.js: OK
./dist/js/core/demo-showcase.js: OK
./dist/js/core/finance-math.js: OK
./dist/js/core/identity-context.js: OK
./dist/js/core/invitations.js: OK
./dist/js/core/media.js: OK
./dist/js/core/permissions.js: OK
./dist/js/core/platform.js: OK
./dist/js/core/query-cache.js: OK
./dist/js/core/repositories.js: OK
./dist/js/core/security-go-live-20084.js: OK
./dist/js/core/state.js: OK
./dist/js/core/supabase.js: OK
./dist/js/core/telemetry.js: OK
./dist/js/core/utils.js: OK
./dist/js/delete-account.js: OK
./dist/js/modules/account-security.js: OK
./dist/js/modules/admin.js: OK
./dist/js/modules/auth-recovery.js: OK
./dist/js/modules/club-kombax-hub.js: OK
./dist/js/modules/club-profile.js: OK
./dist/js/modules/comms-material.js: OK
./dist/js/modules/community.js: OK
./dist/js/modules/dashboard-catalog.js: OK
./dist/js/modules/documents.js: OK
./dist/js/modules/events.js: OK
./dist/js/modules/finance-premium-bootstrap.js: OK
./dist/js/modules/finance-premium.js: OK
./dist/js/modules/finance.js: OK
./dist/js/modules/gateway.js: OK
./dist/js/modules/groups-members.js: OK
./dist/js/modules/help-legal.js: OK
./dist/js/modules/kombax-event-visuals.js: OK
./dist/js/modules/kombax-events.js: OK
./dist/js/modules/kombax-social.js: OK
./dist/js/modules/lifecycle.js: OK
./dist/js/modules/platform-admin-access.js: OK
./dist/js/modules/platform-admin.js: OK
./dist/js/modules/platform-legal.js: OK
./dist/js/modules/portal.js: OK
./dist/js/modules/public-profile.js: OK
./dist/js/modules/showcase.js: OK
./dist/js/modules/social-post-management.js: OK
./dist/js/modules/sports-profile.js: OK
./dist/js/modules/training.js: OK
./dist/js/modules/work-scopes.js: OK
./dist/js/public-product-overview.js: OK
./dist/js/ui/brand-hero.js: OK
./dist/js/ui/components.js: OK
./dist/js/ui/icons.js: OK
./dist/manifest.webmanifest: OK
./dist/privacy.html: OK
./dist/service-worker.js: OK
./dist/terms.html: OK
./docs/APPLY_20084_FULL_REPO.md: OK
./docs/AUTH_SECURITY_20084.md: OK
./docs/FINANCE_PREMIUM_V2_20080_ROLLOUT.md: OK
./docs/FINANCE_PREMIUM_V2_20081_REPORTS.md: OK
./docs/FINANCE_PREMIUM_V2_20082_PRODUCTION_BASELINE.md: OK
./docs/FINANCE_PREMIUM_V2_20082_QA.md: OK
./docs/FINANCE_PREMIUM_V2_20083_FINAL.md: OK
./docs/FINANCE_PREMIUM_V2_INSTALL_ORDER_20082.md: OK
./docs/INCIDENT_RESPONSE_MINIMUM_20084.md: OK
./docs/KOMBAX_20083_CONTEXT_ISOLATION_AUDIT.md: OK
./docs/KOMBAX_20083_INSTALL_ORDER.md: OK
./docs/PILOT_ACTIVATION_RUNBOOK_20084.md: OK
./docs/PILOT_QA_2_CLUBS_20_USERS_20084.md: OK
./docs/SECRET_SCAN_20084.md: OK
./docs/SECURITY_ADVISOR_TRIAGE_20084.md: OK
./docs/SECURITY_GO_LIVE_20084.md: OK
./docs/THREAT_MODEL_20084.md: OK
./docs/history/QA_20084_PATCH_RESULT_ARCHIVE.txt: OK
./docs/patches/ANDROID_PATCH_20084_APPLIED.diff: OK
./load/k6-kombax-10k-concurrent.js: OK
./load/k6-kombax-capacity.js: OK
./netlify.security-headers.20084.toml: OK
./netlify.toml: OK
./package.json: OK
./pnpm-lock.yaml: OK
./scripts/android-release-preflight.mjs: OK
./scripts/backup-kombax-full.ps1: OK
./scripts/backup-supabase-free.ps1: OK
./scripts/backup-supabase-storage.mjs: OK
./scripts/build.mjs: OK
./scripts/generate-kombax-load-fixture.mjs: OK
./scripts/release-legal-gate.mjs: OK
./scripts/restore-supabase-db.ps1: OK
./scripts/restore-supabase-storage.mjs: OK
./scripts/serve.mjs: OK
./scripts/test-architecture.mjs: OK
./scripts/test-auth-email-templates-20072.mjs: OK
./scripts/test-auth-email-templates-20073.mjs: OK
./scripts/test-backup-storage-20071.mjs: OK
./scripts/test-contract.mjs: OK
./scripts/test-disaster-recovery-20072.mjs: OK
./scripts/test-health-20072.mjs: OK
./scripts/test-kombax-20022.mjs: OK
./scripts/test-kombax-20023.mjs: OK
./scripts/test-kombax-20024.mjs: OK
./scripts/test-kombax-20025.mjs: OK
./scripts/test-kombax-20026-premium.mjs: OK
./scripts/test-kombax-20027-implementation.mjs: OK
./scripts/test-kombax-20028-implementation.mjs: OK
./scripts/test-kombax-20029-social-showcase.mjs: OK
./scripts/test-kombax-20030-monitor-scopes.mjs: OK
./scripts/test-kombax-20031-social-profile-avatar.mjs: OK
./scripts/test-kombax-20032-invitations.mjs: OK
./scripts/test-kombax-20033-club-access-codes.mjs: OK
./scripts/test-kombax-20034-premium-neon-global.mjs: OK
./scripts/test-kombax-20035-social-showcase-audit.mjs: OK
./scripts/test-kombax-20036-interactive-club-manual.mjs: OK
./scripts/test-kombax-20037-release-hardening.mjs: OK
./scripts/test-kombax-20038-identity-album-media.mjs: OK
./scripts/test-kombax-20039-member-manual.mjs: OK
./scripts/test-kombax-20040-social-affiliation-contact.mjs: OK
./scripts/test-kombax-20041-content-lifecycle-media.mjs: OK
./scripts/test-kombax-20042-gateway-brand.mjs: OK
./scripts/test-kombax-20043-relations-privacy.mjs: OK
./scripts/test-kombax-20044-verified-profiles.mjs: OK
./scripts/test-kombax-20045-public-profiles-audiences.mjs: OK
./scripts/test-kombax-20046-security.mjs: OK
./scripts/test-kombax-20047-member-profile.mjs: OK
./scripts/test-kombax-20048-prefreeze.mjs: OK
./scripts/test-kombax-20049-auth-receipts.mjs: OK
./scripts/test-kombax-20050-account-security.mjs: OK
./scripts/test-kombax-20051-security-ui-transversal.mjs: OK
./scripts/test-kombax-20052-club-onboarding.mjs: OK
./scripts/test-kombax-20053-club-verification.mjs: OK
./scripts/test-kombax-20054-social-product-limits.mjs: OK
./scripts/test-kombax-20055-mvp-profile-scope.mjs: OK
./scripts/test-kombax-20056-club-navigation-branding.mjs: OK
./scripts/test-kombax-20057-relational-fk-indexes.mjs: OK
./scripts/test-kombax-20057-rls-policy-consolidation.mjs: OK
./scripts/test-kombax-20057-supabase-consolidation.mjs: OK
./scripts/test-kombax-20058-header-activity.mjs: OK
./scripts/test-kombax-20058-navigation-session-ux.mjs: OK
./scripts/test-kombax-20059-read-receipts.mjs: OK
./scripts/test-kombax-20059-unlimited-chat.mjs: OK
./scripts/test-kombax-20060-performance-scale.mjs: OK
./scripts/test-kombax-20061-10k-scale.mjs: OK
./scripts/test-kombax-20062-competitor-reopen-promo.mjs: OK
./scripts/test-kombax-20063-social-messaging-final.mjs: OK
./scripts/test-kombax-20064-master-admin-cleanup.mjs: OK
./scripts/test-kombax-20065-role-invitations.mjs: OK
./scripts/test-kombax-20066-qa-fixes.mjs: OK
./scripts/test-kombax-20067-owner-password-only.mjs: OK
./scripts/test-kombax-20068-showcase-profiles.mjs: OK
./scripts/test-kombax-20069-global-admin-moderation.mjs: OK
./scripts/test-kombax-20070-pilot-readiness.mjs: OK
./scripts/test-kombax-20071-security-privacy-hardening.mjs: OK
./scripts/test-kombax-20072-legal-child-safety-ops.mjs: OK
./scripts/test-kombax-20072-platform-legal.mjs: OK
./scripts/test-kombax-20072-verifier-storage.mjs: OK
./scripts/test-kombax-20073-email-ux-polish.mjs: OK
./scripts/test-kombax-20074-team-email-invitations.mjs: OK
./scripts/test-kombax-20075-student-email-invitations.mjs: OK
./scripts/test-kombax-20076-banner-positioning.mjs: OK
./scripts/test-kombax-20077-backup-export-gateway.mjs: OK
./scripts/test-kombax-20077-backup-ops.mjs: OK
./scripts/test-kombax-20077-data-lifecycle.mjs: OK
./scripts/test-kombax-20077-owner-password-critical-otp.mjs: OK
./scripts/test-kombax-20077-owner-support.mjs: OK
./scripts/test-kombax-20078-public-product-overview.mjs: OK
./scripts/test-kombax-20079-finance-premium-foundation.mjs: OK
./scripts/test-kombax-20080-finance-premium.mjs: OK
./scripts/test-kombax-20081-finance-reports.mjs: OK
./scripts/test-kombax-20082-finance-qa.mjs: OK
./scripts/test-kombax-20082-finance-regression-matrix.mjs: OK
./scripts/test-kombax-20083-context-isolation.mjs: OK
./scripts/test-kombax-20083-finance-final.mjs: OK
./scripts/test-kombax-20083-release.mjs: OK
./scripts/test-kombax-20084-context-regression.mjs: OK
./scripts/test-kombax-20084-cumulative-release.mjs: OK
./scripts/test-kombax-20084-pilot-release.mjs: OK
./scripts/test-kombax-20084-security-go-live.mjs: OK
./scripts/test-kombax-20085-premium-finance-social.mjs: OK
./scripts/test-kombax-20086-finance-receipts-reports-visuals.mjs: OK
./scripts/test-kombax-20087-finance-explorer-stability.mjs: OK
./scripts/test-kombax-20088-finance-mobile-responsive.mjs: OK
./scripts/test-kombax-20089-finance-user-language.mjs: OK
./scripts/test-kombax-20090-events-foundation.mjs: OK
./scripts/test-kombax-20091-events-organizations.mjs: OK
./scripts/test-kombax-20092-fighters-fight-cards.mjs: OK
./scripts/test-kombax-20093-events-social-viral.mjs: OK
./scripts/test-kombax-20094-live-results-highlights-history.mjs: OK
./scripts/test-kombax-20095-integration-hardening.mjs: OK
./scripts/test-kombax-20096-events-premium-visual.mjs: OK
./scripts/test-kombax-20097-events-workspace-isolation.mjs: OK
./scripts/test-kombax-20098-events-large-format.mjs: OK
./scripts/test-kombax-20099-events-official-album-media.mjs: OK
./scripts/test-kombax-20100-brand-heroes.mjs: OK
./scripts/test-rc10.mjs: OK
./scripts/test-rc12-finance-receipts.mjs: OK
./scripts/test-rc13-android-play-readiness.mjs: OK
./scripts/test-rc13-backend-gate.mjs: OK
./scripts/test-rc13-club-public-profile.mjs: OK
./scripts/test-rc13-events.mjs: OK
./scripts/test-rc13-final-polish.mjs: OK
./scripts/test-rc13-finance-math.mjs: OK
./scripts/test-rc13-notifications-actionable.mjs: OK
./scripts/test-rc13-responsive.mjs: OK
./scripts/test-rc13-social-access-safety.mjs: OK
./scripts/test-rc13-social-profiles.mjs: OK
./scripts/test-rc13-sql-chain.mjs: OK
./scripts/test-rc4.mjs: OK
./scripts/test-rc5.mjs: OK
./scripts/test-rc6.mjs: OK
./scripts/test-rc7.mjs: OK
./scripts/test-rc8.mjs: OK
./scripts/test-rc9.mjs: OK
./scripts/test-recovery-023.mjs: OK
./scripts/test-release-b-safe-areas.mjs: OK
./scripts/test-release-c-firebase-safe.mjs: OK
./scripts/test-release-d-reminders.mjs: OK
./scripts/test-release-e-finance.mjs: OK
./scripts/test-release-f-material.mjs: OK
./scripts/test-release-g-community.mjs: OK
./scripts/test-release-h-images.mjs: OK
./scripts/test-release-i-video.mjs: OK
./scripts/test-release-j-multiclub.mjs: OK
./supabase/auth_templates/README_20049.md: OK
./supabase/auth_templates/README_20072.md: OK
./supabase/auth_templates/README_20073.md: OK
./supabase/auth_templates/confirmation_20072.html: OK
./supabase/auth_templates/confirmation_20073.html: OK
./supabase/auth_templates/invite_20072.html: OK
./supabase/auth_templates/invite_20073.html: OK
./supabase/auth_templates/magic_link_otp_20072.html: OK
./supabase/auth_templates/magic_link_otp_20073.html: OK
./supabase/auth_templates/password_changed_20072.html: OK
./supabase/auth_templates/password_changed_20073.html: OK
./supabase/auth_templates/reauthentication_otp_20072.html: OK
./supabase/auth_templates/reauthentication_otp_20073.html: OK
./supabase/auth_templates/recovery_otp_20049.html: OK
./supabase/auth_templates/recovery_otp_20072.html: OK
./supabase/auth_templates/recovery_otp_20073.html: OK
./supabase/config.toml: OK
./supabase/cron_notification_dispatch.sql.example: OK
./supabase/cron_payment_reminders.sql.example: OK
./supabase/fixtures/040_demo_clubs.sql: OK
./supabase/fixtures/load/010_clubs.sql: OK
./supabase/fixtures/load/050_clubs.sql: OK
./supabase/fixtures/load/100_clubs.sql: OK
./supabase/functions/_shared/cron-security.ts: OK
./supabase/functions/account-deletion-executor/index.ts: OK
./supabase/functions/backup-export-20077/index.ts: OK
./supabase/functions/backup-verify-20077/index.ts: OK
./supabase/functions/event-media-url/index.ts: OK
./supabase/functions/finance-recurring/index.ts: OK
./supabase/functions/finance-report/index.ts: OK
./supabase/functions/health/index.ts: OK
./supabase/functions/invite-email/index.ts: OK
./supabase/functions/notification-dispatch/index.ts: OK
./supabase/functions/payment-reminders/index.ts: OK
./supabase/migrations/001_phase1_complete.sql: OK
./supabase/migrations/002_access_payments_posts_notifications.sql: OK
./supabase/migrations/003_extend_fee_status.sql: OK
./supabase/migrations/004_payment_reminders_workflow.sql: OK
./supabase/migrations/005_security_hardening.sql: OK
./supabase/migrations/006_production_runtime_fixes.sql: OK
./supabase/migrations/007_operational_v130.sql: OK
./supabase/migrations/008_audit_operational_v131.sql: OK
./supabase/migrations/009_final_operational_v140.sql: OK
./supabase/migrations/010_family_multisport_firebase_final.sql: OK
./supabase/migrations/012_operational_integrity_v152.sql: OK
./supabase/migrations/013_autotest_signature_fix_v152.sql: OK
./supabase/migrations/014_autotest_notification_fix_v152.sql: OK
./supabase/migrations/015_mutation_governance_v160.sql: OK
./supabase/migrations/016_recibos_cuota.sql: OK
./supabase/migrations/017_persistence_recovery_v161.sql: OK
./supabase/migrations/018_final_product_lifecycle_documents_v162.sql: OK
./supabase/migrations/019_final_deletion_media_cleanup_v163.sql: OK
./supabase/migrations/020_session_reservations_document_download_v164.sql: OK
./supabase/migrations/021_access_roles_gestor_coordinacion_v165.sql: OK
./supabase/migrations/022_rc10_final_mvp_v166.sql: OK
./supabase/migrations/023_restore_rc10_gateway_v166.sql: OK
./supabase/migrations/024_finance_annual_metrics.sql: OK
./supabase/migrations/025_material_validation_finance.sql: OK
./supabase/migrations/026_material_payment_reminders.sql: OK
./supabase/migrations/027_community_cursor_index.sql: OK
./supabase/migrations/028_community_image_metadata.sql: OK
./supabase/migrations/029_community_video_covers.sql: OK
./supabase/migrations/030_multiclub_rls_performance.sql: OK
./supabase/migrations/031_finance_receipts_breakdown.sql: OK
./supabase/migrations/032_social_profiles_likes.sql: OK
./supabase/migrations/033_events_competitions.sql: OK
./supabase/migrations/034_notifications_actionable.sql: OK
./supabase/migrations/035_club_public_profile.sql: OK
./supabase/migrations/036_social_access_safety_age.sql: OK
./supabase/migrations/037_notification_read_consistency.sql: OK
./supabase/migrations/038_content_lifecycle.sql: OK
./supabase/migrations/039_club_branding_themes.sql: OK
./supabase/migrations/040_kombax_gateway_multiclub.sql: OK
./supabase/migrations/041_kombax_social_alpha.sql: OK
./supabase/migrations/042_kombax_showcase.sql: OK
./supabase/migrations/043_kombax_profiles_verification_album.sql: OK
./supabase/migrations/044_kombax_social_interactions.sql: OK
./supabase/migrations/045_kombax_relations_showcase_limits.sql: OK
./supabase/migrations/046_kombax_club_album.sql: OK
./supabase/migrations/047_account_deletion_requests.sql: OK
./supabase/migrations/048_kombax_showcase_global_mutation.sql: OK
./supabase/migrations/049_kombax_social_global_access.sql: OK
./supabase/migrations/050_kombax_ugc_moderation_compliance.sql: OK
./supabase/migrations/051_kombax_identity_context.sql: OK
./supabase/migrations/052_kombax_public_profiles.sql: OK
./supabase/migrations/053_kombax_social_media_publisher.sql: OK
./supabase/migrations/054_kombax_showcase_actions.sql: OK
./supabase/migrations/055_kombax_platform_admin.sql: OK
./supabase/migrations/056_kombax_release_contract.sql: OK
./supabase/migrations/057_club_work_scopes_finance_privacy.sql: OK
./supabase/migrations/058_kombax_social_profile_avatar_consistency.sql: OK
./supabase/migrations/059_kombax_invitation_codes.sql: OK
./supabase/migrations/060_kombax_club_access_codes.sql: OK
./supabase/migrations/061_kombax_premium_neon_theme_public_profiles.sql: OK
./supabase/migrations/062_kombax_social_showcase_audit_hardening.sql: OK
./supabase/migrations/063_kombax_identity_album_media_20038.sql: OK
./supabase/migrations/064_kombax_identity_helpers_hardening_20038.sql: OK
./supabase/migrations/065_kombax_social_affiliation_contact_20040.sql: OK
./supabase/migrations/066_kombax_contact_index_hardening_20040.sql: OK
./supabase/migrations/067_kombax_content_lifecycle_media_20041.sql: OK
./supabase/migrations/068_kombax_relations_privacy_20043.sql: OK
./supabase/migrations/069_kombax_verified_identity_policy_20044.sql: OK
./supabase/migrations/070_kombax_profile_governance_managers_20044.sql: OK
./supabase/migrations/071_kombax_plans_entitlements_20044.sql: OK
./supabase/migrations/072_kombax_verified_profiles_validation_20044.sql: OK
./supabase/migrations/073_kombax_competitor_identity_continuity_20044.sql: OK
./supabase/migrations/074_kombax_verified_profiles_social_guards_20044.sql: OK
./supabase/migrations/075_kombax_verified_profiles_public_apis_20044.sql: OK
./supabase/migrations/076_kombax_verified_profiles_owner_apis_20044.sql: OK
./supabase/migrations/077_kombax_verified_profiles_mutations_20044.sql: OK
./supabase/migrations/078_kombax_verified_profiles_media_20044.sql: OK
./supabase/migrations/079_kombax_verified_profiles_admin_hardening_20044.sql: OK
./supabase/migrations/080_kombax_subscription_window_hardening_20044.sql: OK
./supabase/migrations/081_kombax_verified_profile_internal_rpc_hardening_20044.sql: OK
./supabase/migrations/082_kombax_platform_owner_bootstrap_20044.sql: OK
./supabase/migrations/083_kombax_public_profiles_post_audiences_20045.sql: OK
./supabase/migrations/084_kombax_social_legacy_rpc_shutdown_20046.sql: OK
./supabase/migrations/085_kombax_restricted_social_media_20046.sql: OK
./supabase/migrations/086_kombax_access_code_rate_limit_20046.sql: OK
./supabase/migrations/087_kombax_api_surface_hardening_20046.sql: OK
./supabase/migrations/088_kombax_superseded_rpc_shutdown_20046.sql: OK
./supabase/migrations/089_kombax_internal_rpc_default_privileges_20046.sql: OK
./supabase/migrations/090_kombax_default_privileges_complete_20046.sql: OK
./supabase/migrations/091_kombax_media_preserved_impl_shutdown_20046.sql: OK
./supabase/migrations/092_kombax_internal_helper_shutdown_20046.sql: OK
./supabase/migrations/093_kombax_member_public_profile_null_badge_fix_20047.sql: OK
./supabase/migrations/094_kombax_canonical_member_profile_20048.sql: OK
./supabase/migrations/095_kombax_club_social_directory_20048.sql: OK
./supabase/migrations/096_kombax_multiclub_receipt_branding_20049.sql: OK
./supabase/migrations/097_kombax_club_onboarding_20052.sql: OK
./supabase/migrations/098_kombax_club_verification_20053.sql: OK
./supabase/migrations/099_kombax_social_product_limits_20054.sql: OK
./supabase/migrations/100_kombax_supabase_consolidation_20057.sql: OK
./supabase/migrations/101_kombax_rls_policy_consolidation_20057.sql: OK
./supabase/migrations/102_kombax_relational_fk_indexes_20057.sql: OK
./supabase/migrations/103_kombax_header_activity_20058.sql: OK
./supabase/migrations/104_kombax_unlimited_chat_20059.sql: OK
./supabase/migrations/105_kombax_platform_performance_20060.sql: OK
./supabase/migrations/106_kombax_10k_concurrent_scale_20061.sql: OK
./supabase/migrations/107_kombax_social_showcase_messaging_20063.sql: OK
./supabase/migrations/108_kombax_master_admin_otp_20064.sql: OK
./supabase/migrations/109_kombax_role_invitations_team_filter_20065.sql: OK
./supabase/migrations/111_kombax_club_verification_event_constraint_20068.sql: OK
./supabase/migrations/112_kombax_competitor_verified_age_social_20069.sql: OK
./supabase/migrations/113_kombax_showcase_all_profile_types_20068.sql: OK
./supabase/migrations/114_kombax_global_admin_moderation_20069.sql: OK
./supabase/migrations/115_kombax_global_admin_entity_search_fix_20069.sql: OK
./supabase/migrations/116_kombax_global_admin_account_state_fix_20069.sql: OK
./supabase/migrations/117_kombax_pilot_readiness_20070.sql: OK
./supabase/migrations/118_kombax_cron_service_role_fix_20070.sql: OK
./supabase/migrations/119_kombax_privacy_deletion_owner_20071.sql: OK
./supabase/migrations/120_kombax_club_push_mandatory_20071.sql: OK
./supabase/migrations/121_kombax_minor_social_guardian_consent_20071.sql: OK
./supabase/migrations/122_kombax_message_reporting_20071.sql: OK
./supabase/migrations/123_kombax_minor_social_safety_controls_20071.sql: OK
./supabase/migrations/124_kombax_social_rules_child_safety_20071.sql: OK
./supabase/migrations/125_kombax_minor_trigger_rpc_shutdown_20071.sql: OK
./supabase/migrations/126_kombax_legacy_anon_code_validator_shutdown_20071.sql: OK
./supabase/migrations/127_kombax_pilot_readiness_truth_20071.sql: OK
./supabase/migrations/128_kombax_verifier_storage_least_privilege_20072.sql: OK
./supabase/migrations/129_kombax_platform_legal_acceptance_20072.sql: OK
./supabase/migrations/130_kombax_student_email_invitation_constraint_20075.sql: OK
./supabase/migrations/131_kombax_profile_banner_position_20076.sql: OK
./supabase/migrations/132_kombax_club_public_banner_position_20076.sql: OK
./supabase/migrations/133_kombax_global_data_lifecycle_history_20077.sql: OK
./supabase/migrations/134_kombax_permanent_delete_20077.sql: OK
./supabase/migrations/135_kombax_metrics_store_collect_20077.sql: OK
./supabase/migrations/136_kombax_metrics_readers_20077.sql: OK
./supabase/migrations/137_kombax_retention_cron_20077.sql: OK
./supabase/migrations/138_kombax_metrics_backfill_truth_20077.sql: OK
./supabase/migrations/139_kombax_owner_password_session_critical_otp_20077.sql: OK
./supabase/migrations/140_kombax_owner_support_mode_20077.sql: OK
./supabase/migrations/141_kombax_backup_export_gateway_20077.sql: OK
./supabase/migrations/142_kombax_backup_run_tracking_20077.sql: OK
./supabase/migrations/143_kombax_finance_premium_v2_20079.sql: OK
./supabase/migrations/144_kombax_finance_premium_dashboard_v2_20080.sql: OK
./supabase/migrations/145_kombax_finance_premium_reports_v2_20081.sql: OK
./supabase/migrations/146_kombax_finance_premium_qa_v2_20082.sql: OK
./supabase/migrations/147_kombax_workspace_context_isolation_20083.sql: OK
./supabase/migrations/148_kombax_finance_premium_final_gate_20083.sql: OK
./supabase/migrations/149_kombax_security_go_live_20084.sql: OK
./supabase/migrations/150_kombax_finance_premium_visual_analytics_20085.sql: OK
./supabase/migrations/151_kombax_finance_premium_pilot_ui_20085.sql: OK
./supabase/migrations/152_kombax_finance_pilot_readiness_gate_fix_20085.sql: OK
./supabase/migrations/153_kombax_finance_gate_role_signature_fix_20085.sql: OK
./supabase/migrations/154_kombax_finance_security_supporting_indexes_20085.sql: OK
./supabase/migrations/155_kombax_finance_explorer_stability_20087.sql: OK
./supabase/migrations/156_kombax_finance_stability_hardening_20087.sql: OK
./supabase/migrations/157_kombax_finance_runtime_contract_20087.sql: OK
./supabase/migrations/158_kombax_finance_explorer_cross_filters_20087.sql: OK
./supabase/migrations/159_kombax_events_foundation_20090.sql: OK
./supabase/migrations/160_kombax_events_organizations_20091.sql: OK
./supabase/migrations/161_kombax_events_fighters_fight_cards_20092.sql: OK
./supabase/migrations/162_kombax_events_social_viral_20093.sql: OK
./supabase/migrations/163_kombax_events_fk_indexes_20093.sql: OK
./supabase/migrations/164_kombax_events_live_results_20094.sql: OK
./supabase/migrations/165_kombax_events_media_highlights_20094.sql: OK
./supabase/migrations/166_kombax_events_history_hardening_20094.sql: OK
./supabase/migrations/167_kombax_events_media_function_marker_20094.sql: OK
./supabase/migrations/168_kombax_events_result_write_path_hardening_20094.sql: OK
./supabase/migrations/169_kombax_events_fk_indexes_20094.sql: OK
./supabase/migrations/170_kombax_events_media_asset_acl_20094.sql: OK
./supabase/migrations/171_kombax_events_workspace_isolation_20097.sql: OK
./supabase/migrations/172_kombax_events_workspace_invitations_20097.sql: OK
./supabase/migrations/173_kombax_events_large_format_experience_20098.sql: OK
./supabase/migrations/174_kombax_events_large_format_helper_acl_20098.sql: OK
./supabase/migrations/175_kombax_events_official_album_media_20099.sql: OK
./supabase/migrations/176_kombax_events_album_idempotency_hardening_20099.sql: OK
./supabase/preflight_109_kombax_role_invitations_team_filter_20065.sql: OK
./supabase/rollback/rollback_169_kombax_events_fk_indexes_20094.sql: OK
./supabase/rollback/rollback_170_kombax_events_media_asset_acl_20094.sql: OK
./supabase/rollbacks/023_restore_rc10_gateway_v166.sql: OK
./supabase/rollbacks/024_finance_annual_metrics.sql: OK
./supabase/rollbacks/025_material_validation_finance.sql: OK
./supabase/rollbacks/026_material_payment_reminders.sql: OK
./supabase/rollbacks/027_community_cursor_index.sql: OK
./supabase/rollbacks/028_community_image_metadata.sql: OK
./supabase/rollbacks/029_community_video_covers.sql: OK
./supabase/rollbacks/030_multiclub_rls_performance.sql: OK
./supabase/rollbacks/031_finance_receipts_breakdown.sql: OK
./supabase/rollbacks/032_social_profiles_likes.sql: OK
./supabase/rollbacks/033_events_competitions.sql: OK
./supabase/rollbacks/034_notifications_actionable.sql: OK
./supabase/rollbacks/035_club_public_profile.sql: OK
./supabase/rollbacks/036_social_access_safety_age.sql: OK
./supabase/rollbacks/037_notification_read_consistency.sql: OK
./supabase/rollbacks/038_content_lifecycle.sql: OK
./supabase/rollbacks/039_club_branding_themes.sql: OK
./supabase/rollbacks/040_kombax_gateway_multiclub.sql: OK
./supabase/rollbacks/041_kombax_social_alpha.sql: OK
./supabase/rollbacks/042_kombax_showcase.sql: OK
./supabase/rollbacks/043_kombax_profiles_verification_album.sql: OK
./supabase/rollbacks/044_kombax_social_interactions.sql: OK
./supabase/rollbacks/045_kombax_relations_showcase_limits.sql: OK
./supabase/rollbacks/046_kombax_club_album.sql: OK
./supabase/rollbacks/047_account_deletion_requests.sql: OK
./supabase/rollbacks/048_kombax_showcase_global_mutation.sql: OK
./supabase/rollbacks/049_kombax_social_global_access.sql: OK
./supabase/rollbacks/050_kombax_ugc_moderation_compliance.sql: OK
./supabase/rollbacks/051_kombax_identity_context.sql: OK
./supabase/rollbacks/052_kombax_public_profiles.sql: OK
./supabase/rollbacks/053_kombax_social_media_publisher.sql: OK
./supabase/rollbacks/054_kombax_showcase_actions.sql: OK
./supabase/rollbacks/055_kombax_platform_admin.sql: OK
./supabase/rollbacks/056_kombax_release_contract.sql: OK
./supabase/rollbacks/057_club_work_scopes_finance_privacy_rollback.sql: OK
./supabase/rollbacks/059_kombax_invitation_codes.sql: OK
./supabase/rollbacks/065_kombax_social_affiliation_contact_20040_rollback.sql: OK
./supabase/rollbacks/066_kombax_contact_index_hardening_20040_rollback.sql: OK
./supabase/rollbacks/067_kombax_content_lifecycle_media_20041_rollback.sql: OK
./supabase/rollbacks/068_kombax_relations_privacy_20043_rollback.sql: OK
./supabase/rollbacks/069_kombax_verified_identity_policy_20044_rollback.sql: OK
./supabase/rollbacks/070_kombax_profile_governance_managers_20044_rollback.sql: OK
./supabase/rollbacks/071_kombax_plans_entitlements_20044_rollback.sql: OK
./supabase/rollbacks/072_kombax_verified_profiles_validation_20044_rollback.sql: OK
./supabase/rollbacks/073_kombax_competitor_identity_continuity_20044_rollback.sql: OK
./supabase/rollbacks/074_kombax_verified_profiles_social_guards_20044_rollback.sql: OK
./supabase/rollbacks/075_kombax_verified_profiles_public_apis_20044_rollback.sql: OK
./supabase/rollbacks/076_kombax_verified_profiles_owner_apis_20044_rollback.sql: OK
./supabase/rollbacks/077_kombax_verified_profiles_mutations_20044_rollback.sql: OK
./supabase/rollbacks/078_kombax_verified_profiles_media_20044_rollback.sql: OK
./supabase/rollbacks/079_kombax_verified_profiles_admin_hardening_20044_rollback.sql: OK
./supabase/rollbacks/083_kombax_public_profiles_post_audiences_20045_rollback.sql: OK
./supabase/rollbacks/084_kombax_social_legacy_rpc_shutdown_20046.sql: OK
./supabase/rollbacks/085_kombax_restricted_social_media_20046.sql: OK
./supabase/rollbacks/086_kombax_access_code_rate_limit_20046.sql: OK
./supabase/rollbacks/087_kombax_api_surface_hardening_20046.sql: OK
./supabase/rollbacks/088_kombax_superseded_rpc_shutdown_20046.sql: OK
./supabase/rollbacks/089_kombax_internal_rpc_default_privileges_20046.sql: OK
./supabase/rollbacks/090_kombax_default_privileges_complete_20046.sql: OK
./supabase/rollbacks/091_kombax_media_preserved_impl_shutdown_20046.sql: OK
./supabase/rollbacks/092_kombax_internal_helper_shutdown_20046.sql: OK
./supabase/rollbacks/093_kombax_member_public_profile_null_badge_fix_20047.rollback.sql: OK
./supabase/rollbacks/094_kombax_canonical_member_profile_20048_rollback.sql: OK
./supabase/rollbacks/095_kombax_club_social_directory_20048_rollback.sql: OK
./supabase/rollbacks/096_kombax_multiclub_receipt_branding_20049_rollback.sql: OK
./supabase/rollbacks/097_kombax_club_onboarding_20052_rollback.sql: OK
./supabase/rollbacks/098_kombax_club_verification_20053_rollback.sql: OK
./supabase/rollbacks/099_kombax_social_product_limits_20054_rollback.sql: OK
./supabase/rollbacks/100_kombax_supabase_consolidation_20057_rollback.sql: OK
./supabase/rollbacks/101_kombax_rls_policy_consolidation_20057_rollback.sql: OK
./supabase/rollbacks/102_kombax_relational_fk_indexes_20057_rollback.sql: OK
./supabase/rollbacks/103_kombax_header_activity_20058_rollback.sql: OK
./supabase/rollbacks/104_kombax_unlimited_chat_20059_rollback.sql: OK
./supabase/rollbacks/105_kombax_platform_performance_20060_rollback.sql: OK
./supabase/rollbacks/106_kombax_10k_concurrent_scale_20061_rollback.sql: OK
./supabase/rollbacks/107_kombax_social_showcase_messaging_20063_rollback.sql: OK
./supabase/rollbacks/108_kombax_master_admin_otp_20064_rollback.sql: OK
./supabase/rollbacks/109_kombax_role_invitations_team_filter_20065_rollback.sql: OK
./supabase/rollbacks/159_kombax_events_foundation_20090_rollback.sql: OK
./supabase/rollbacks/160_kombax_events_organizations_20091_rollback.sql: OK
./supabase/rollbacks/161_kombax_events_fighters_fight_cards_20092_rollback.sql: OK
./supabase/rollbacks/162_kombax_events_social_viral_20093_rollback.sql: OK
./supabase/rollbacks/163_kombax_events_fk_indexes_20093_rollback.sql: OK
./supabase/rollbacks/164_kombax_events_live_results_20094_rollback.sql: OK
./supabase/rollbacks/165_kombax_events_media_highlights_20094_rollback.sql: OK
./supabase/rollbacks/166_kombax_events_history_hardening_20094_rollback.sql: OK
./supabase/rollbacks/171_kombax_events_workspace_isolation_20097.sql: OK
./supabase/rollbacks/172_kombax_events_workspace_invitations_20097.sql: OK
./supabase/rollbacks/173_kombax_events_large_format_experience_20098.sql: OK
./supabase/rollbacks/174_kombax_events_large_format_helper_acl_20098.sql: OK
./supabase/rollbacks/rollback_080_kombax_subscription_window_hardening_20044.sql: OK
./supabase/rollbacks/rollback_081_kombax_verified_profile_internal_rpc_hardening_20044.sql: OK
./supabase/seed.sql: OK
./supabase/setup/bootstrap_urban_warriors_club.sql: OK
./supabase/setup/grant_platform_admin.sql.example: OK
./supabase/tests/rls_scenarios.md: OK
./supabase/verification/025_RUN_THIS_v3_NO_VIEWS.sql: OK
./supabase/verification/093_kombax_member_public_profile_null_badge_fix_20047.verify.sql: OK
./supabase/verification/104_kombax_unlimited_chat_20059_verification.sql: OK
./supabase/verification/105_kombax_platform_performance_20060_verification.sql: OK
./supabase/verification/106_kombax_10k_concurrent_scale_20061_verification.sql: OK
./supabase/verification/107_kombax_social_showcase_messaging_20063_verification.sql: OK
./supabase/verification/109_kombax_role_invitations_team_filter_20065_verification.sql: OK
./supabase/verification/final_audit_023_030.sql: OK
./supabase/verification/pre_apk_backend_health.sql: OK
./supabase/verification/preflight_024_030.sql: OK
./supabase/verification/preflight_025_material.sql: OK
./supabase/verification/preflight_026_reminders.sql: OK
./supabase/verification/preflight_028_images.sql: OK
./supabase/verification/preflight_029_video.sql: OK
./supabase/verification/preflight_030_multiclub.sql: OK
./supabase/verification/preflight_031_finance_receipts.sql: OK
./supabase/verification/preflight_032_social.sql: OK
./supabase/verification/preflight_033_events.sql: OK
./supabase/verification/preflight_034_notifications.sql: OK
./supabase/verification/preflight_035_club_public_profile.sql: OK
./supabase/verification/preflight_036_social_access.sql: OK
./supabase/verification/preflight_037_notifications.sql: OK
./supabase/verification/preflight_038_lifecycle.sql: OK
./supabase/verification/preflight_039_branding.sql: OK
./supabase/verification/preflight_040_gateway.sql: OK
./supabase/verification/preflight_041_kombax_social.sql: OK
./supabase/verification/preflight_042_showcase.sql: OK
./supabase/verification/preflight_043_profiles.sql: OK
./supabase/verification/preflight_044_social.sql: OK
./supabase/verification/preflight_045_relations_showcase.sql: OK
./supabase/verification/preflight_046_club_album.sql: OK
./supabase/verification/preflight_047_account_deletion.sql: OK
./supabase/verification/preflight_048_showcase_global.sql: OK
./supabase/verification/preflight_049_social_global.sql: OK
./supabase/verification/preflight_050_ugc_moderation.sql: OK
./supabase/verification/preflight_051_identity_context.sql: OK
./supabase/verification/preflight_052_public_profiles.sql: OK
./supabase/verification/preflight_053_social_media.sql: OK
./supabase/verification/preflight_054_showcase_actions.sql: OK
./supabase/verification/preflight_055_platform_admin.sql: OK
./supabase/verification/preflight_056_release_contract.sql: OK
./supabase/verification/preflight_057_work_scopes.sql: OK
./supabase/verification/preflight_083_kombax_public_profiles_post_audiences_20045.sql: OK
./supabase/verification/preflight_094_kombax_canonical_member_profile_20048.sql: OK
./supabase/verification/preflight_095_kombax_club_social_directory_20048.sql: OK
./supabase/verification/preflight_096_kombax_multiclub_receipt_branding_20049.sql: OK
./supabase/verification/preflight_107_kombax_social_showcase_messaging_20063.sql: OK
./supabase/verification/preflight_108_kombax_master_admin_otp_20064.sql: OK
./supabase/verification/preflight_164_kombax_events_live_results_20094.sql: OK
./supabase/verification/preflight_165_kombax_events_media_highlights_20094.sql: OK
./supabase/verification/preflight_166_kombax_events_history_hardening_20094.sql: OK
./supabase/verification/preflight_173_events_large_format.sql: OK
./supabase/verification/preflight_174_events_large_format_helper_acl.sql: OK
./supabase/verification/preflight_20046_security.sql: OK
./supabase/verification/test_031_receipts_transactional.sql: OK
./supabase/verification/test_034_notifications_transactional.sql: OK
./supabase/verification/test_037_notifications_transactional.sql: OK
./supabase/verification/test_038_lifecycle_transactional.sql: OK
./supabase/verification/test_039_branding_transactional.sql: OK
./supabase/verification/test_040_gateway_transactional.sql: OK
./supabase/verification/test_041_kombax_social_transactional.sql: OK
./supabase/verification/test_042_showcase_transactional.sql: OK
./supabase/verification/test_043_profiles_transactional.sql: OK
./supabase/verification/test_044_social_transactional.sql: OK
./supabase/verification/test_045_relations_showcase_transactional.sql: OK
./supabase/verification/test_046_club_album_transactional.sql: OK
./supabase/verification/test_047_account_deletion_transactional.sql: OK
./supabase/verification/test_048_showcase_global_transactional.sql: OK
./supabase/verification/test_049_social_global_transactional.sql: OK
./supabase/verification/test_050_ugc_moderation_transactional.sql: OK
./supabase/verification/test_051_identity_context_transactional.sql: OK
./supabase/verification/test_052_public_profiles_transactional.sql: OK
./supabase/verification/test_053_social_media_transactional.sql: OK
./supabase/verification/test_054_showcase_actions_transactional.sql: OK
./supabase/verification/test_055_platform_admin_transactional.sql: OK
./supabase/verification/test_056_release_contract_transactional.sql: OK
./supabase/verification/test_057_work_scopes_transactional.sql: OK
./supabase/verification/test_083_kombax_public_profiles_post_audiences_transactional.sql: OK
./supabase/verification/verify_029_video.sql: OK
./supabase/verification/verify_030_multiclub.sql: OK
./supabase/verification/verify_031_finance_receipts.sql: OK
./supabase/verification/verify_032_social.sql: OK
./supabase/verification/verify_033_events.sql: OK
./supabase/verification/verify_034_notifications.sql: OK
./supabase/verification/verify_035_club_public_profile.sql: OK
./supabase/verification/verify_036_social_access.sql: OK
./supabase/verification/verify_037_notifications.sql: OK
./supabase/verification/verify_038_lifecycle.sql: OK
./supabase/verification/verify_039_branding.sql: OK
./supabase/verification/verify_040_gateway.sql: OK
./supabase/verification/verify_041_kombax_social.sql: OK
./supabase/verification/verify_042_showcase.sql: OK
./supabase/verification/verify_043_profiles.sql: OK
./supabase/verification/verify_044_social.sql: OK
./supabase/verification/verify_045_relations_showcase.sql: OK
./supabase/verification/verify_046_club_album.sql: OK
./supabase/verification/verify_047_account_deletion.sql: OK
./supabase/verification/verify_048_showcase_global.sql: OK
./supabase/verification/verify_049_social_global.sql: OK
./supabase/verification/verify_050_ugc_moderation.sql: OK
./supabase/verification/verify_051_identity_context.sql: OK
./supabase/verification/verify_052_public_profiles.sql: OK
./supabase/verification/verify_053_social_media.sql: OK
./supabase/verification/verify_054_showcase_actions.sql: OK
./supabase/verification/verify_055_platform_admin.sql: OK
./supabase/verification/verify_056_release_contract.sql: OK
./supabase/verification/verify_057_work_scopes.sql: OK
./supabase/verification/verify_058_social_profile_avatar_consistency.sql: OK
./supabase/verification/verify_059_invitation_codes.sql: OK
./supabase/verification/verify_060_club_access_codes.sql: OK
./supabase/verification/verify_061_premium_neon_theme.sql: OK
./supabase/verification/verify_062_social_showcase_audit_hardening.sql: OK
./supabase/verification/verify_063_kombax_identity_album_media_20038.sql: OK
./supabase/verification/verify_064_kombax_identity_helpers_hardening_20038.sql: OK
./supabase/verification/verify_065_kombax_social_affiliation_contact_20040.sql: OK
./supabase/verification/verify_066_kombax_contact_index_hardening_20040.sql: OK
./supabase/verification/verify_067_kombax_content_lifecycle_media_20041.sql: OK
./supabase/verification/verify_068_kombax_relations_privacy_20043.sql: OK
./supabase/verification/verify_069_kombax_verified_identity_policy_20044.sql: OK
./supabase/verification/verify_070_kombax_profile_governance_managers_20044.sql: OK
./supabase/verification/verify_071_kombax_plans_entitlements_20044.sql: OK
./supabase/verification/verify_072_kombax_verified_profiles_core_20044.sql: OK
./supabase/verification/verify_072_kombax_verified_profiles_validation_20044.sql: OK
./supabase/verification/verify_073_kombax_competitor_identity_continuity_20044.sql: OK
./supabase/verification/verify_073_kombax_verified_profiles_public_apis_20044.sql: OK
./supabase/verification/verify_074_kombax_verified_profiles_mutations_20044.sql: OK
./supabase/verification/verify_074_kombax_verified_profiles_social_guards_20044.sql: OK
./supabase/verification/verify_075_kombax_verified_profiles_admin_hardening_20044.sql: OK
./supabase/verification/verify_075_kombax_verified_profiles_public_apis_20044.sql: OK
./supabase/verification/verify_076_kombax_verified_profiles_owner_apis_20044.sql: OK
./supabase/verification/verify_077_kombax_verified_profiles_mutations_20044.sql: OK
./supabase/verification/verify_078_kombax_verified_profiles_media_20044.sql: OK
./supabase/verification/verify_079_kombax_verified_profiles_admin_hardening_20044.sql: OK
./supabase/verification/verify_080_kombax_subscription_window_hardening_20044.sql: OK
./supabase/verification/verify_081_kombax_verified_profile_internal_rpc_hardening_20044.sql: OK
./supabase/verification/verify_083_kombax_public_profiles_post_audiences_20045.sql: OK
./supabase/verification/verify_084_social_legacy_rpc_shutdown.sql: OK
./supabase/verification/verify_085_restricted_social_media.sql: OK
./supabase/verification/verify_086_access_code_rate_limit.sql: OK
./supabase/verification/verify_087_api_surface_hardening.sql: OK
./supabase/verification/verify_088_superseded_rpc_shutdown.sql: OK
./supabase/verification/verify_089_internal_rpc_default_privileges.sql: OK
./supabase/verification/verify_090_default_privileges_complete.sql: OK
./supabase/verification/verify_091_media_preserved_impl_shutdown.sql: OK
./supabase/verification/verify_092_internal_helper_shutdown.sql: OK
./supabase/verification/verify_094_kombax_canonical_member_profile_20048.sql: OK
./supabase/verification/verify_095_kombax_club_social_directory_20048.sql: OK
./supabase/verification/verify_096_kombax_multiclub_receipt_branding_20049.sql: OK
./supabase/verification/verify_103_kombax_header_activity_20058.sql: OK
./supabase/verification/verify_108_kombax_master_admin_otp_20064.sql: OK
./supabase/verification/verify_117_kombax_pilot_readiness_20070.sql: OK
./supabase/verification/verify_119_kombax_privacy_deletion_owner_20071.sql: OK
./supabase/verification/verify_121_kombax_minor_social_guardian_consent_20071.sql: OK
./supabase/verification/verify_122_kombax_message_reporting_20071.sql: OK
./supabase/verification/verify_159_kombax_events_foundation_20090.sql: OK
./supabase/verification/verify_160_kombax_events_organizations_20091.sql: OK
./supabase/verification/verify_161_kombax_events_fighters_fight_cards_20092.sql: OK
./supabase/verification/verify_162_kombax_events_social_viral_20093.sql: OK
./supabase/verification/verify_163_kombax_events_fk_indexes_20093.sql: OK
./supabase/verification/verify_164_kombax_events_live_results_20094.sql: OK
./supabase/verification/verify_165_kombax_events_media_highlights_20094.sql: OK
./supabase/verification/verify_166_kombax_events_history_hardening_20094.sql: OK
./supabase/verification/verify_168_kombax_events_result_write_path_hardening_20094.sql: OK
./supabase/verification/verify_169_kombax_events_fk_indexes_20094.sql: OK
./supabase/verification/verify_170_kombax_events_media_asset_acl_20094.sql: OK
./supabase/verification/verify_171_events_workspace_isolation.sql: OK
./supabase/verification/verify_173_events_large_format.sql: OK
./supabase/verification/verify_174_events_large_format_helper_acl.sql: OK
./supabase/verification/verify_175_events_official_album_media.sql: OK
./web/assets/brand-heroes/hero-events.webp: OK
./web/assets/brand-heroes/hero-showcase.webp: OK
./web/assets/brand-heroes/hero-social.webp: OK
./web/assets/brand/kombax-symbol-black.png: OK
./web/assets/brand/kombax-symbol-red.png: OK
./web/assets/brand/kombax-symbol-white.png: OK
./web/assets/docs/Cartel_Descarga_KOMBAX_Club.png: OK
./web/assets/events/kombax-events-burst.svg: OK
./web/assets/events/kombax-events-grid.svg: OK
./web/assets/events/kombax-events-neon-mesh.svg: OK
./web/assets/events/template-manifest.json: OK
./web/assets/events/templates/event-poster-arena.svg: OK
./web/assets/events/templates/event-poster-federation.svg: OK
./web/assets/events/templates/event-poster-fight.svg: OK
./web/assets/events/templates/event-poster-seminar.svg: OK
./web/assets/events/templates/event-share-square.svg: OK
./web/assets/events/templates/event-share-story.svg: OK
./web/assets/events/templates/fight-card-frame.svg: OK
./web/assets/events/templates/fight-card-square.svg: OK
./web/assets/events/templates/fight-card-story.svg: OK
./web/assets/events/templates/fight-share-square.svg: OK
./web/assets/events/templates/fight-share-story.svg: OK
./web/assets/events/templates/fighter-placeholder.svg: OK
./web/assets/events/templates/organization-lockup.svg: OK
./web/assets/events/templates/result-share-square.svg: OK
./web/assets/events/templates/result-share-story.svg: OK
./web/assets/events/templates/sponsor-strip.svg: OK
./web/assets/icons/icon-128.png: OK
./web/assets/icons/icon-144.png: OK
./web/assets/icons/icon-152.png: OK
./web/assets/icons/icon-192.png: OK
./web/assets/icons/icon-384.png: OK
./web/assets/icons/icon-512.png: OK
./web/assets/icons/icon-72.png: OK
./web/assets/icons/icon-96.png: OK
./web/assets/icons/icon-maskable-192.png: OK
./web/assets/icons/icon-maskable-512.png: OK
./web/assets/install-qr.png: OK
./web/assets/kombax-symbol.png: OK
./web/assets/urban-warriors-logo.png: OK
./web/child-safety.html: OK
./web/config.js: OK
./web/css/app.css: OK
./web/css/kombax-brand-heroes.css: OK
./web/css/kombax-events.css: OK
./web/css/kombax-premium.css: OK
./web/css/kombax-public-overview.css: OK
./web/delete-account.html: OK
./web/index.html: OK
./web/js/app.js: OK
./web/js/core/adaptive-poller.js: OK
./web/js/core/backend.js: OK
./web/js/core/context-isolation-20083.js: OK
./web/js/core/demo-directory.js: OK
./web/js/core/demo-showcase.js: OK
./web/js/core/finance-math.js: OK
./web/js/core/identity-context.js: OK
./web/js/core/invitations.js: OK
./web/js/core/media.js: OK
./web/js/core/permissions.js: OK
./web/js/core/platform.js: OK
./web/js/core/query-cache.js: OK
./web/js/core/repositories.js: OK
./web/js/core/security-go-live-20084.js: OK
./web/js/core/state.js: OK
./web/js/core/supabase.js: OK
./web/js/core/telemetry.js: OK
./web/js/core/utils.js: OK
./web/js/delete-account.js: OK
./web/js/modules/account-security.js: OK
./web/js/modules/admin.js: OK
./web/js/modules/auth-recovery.js: OK
./web/js/modules/club-kombax-hub.js: OK
./web/js/modules/club-profile.js: OK
./web/js/modules/comms-material.js: OK
./web/js/modules/community.js: OK
./web/js/modules/dashboard-catalog.js: OK
./web/js/modules/documents.js: OK
./web/js/modules/events.js: OK
./web/js/modules/finance-premium-bootstrap.js: OK
./web/js/modules/finance-premium.js: OK
./web/js/modules/finance.js: OK
./web/js/modules/gateway.js: OK
./web/js/modules/groups-members.js: OK
./web/js/modules/help-legal.js: OK
./web/js/modules/kombax-event-visuals.js: OK
./web/js/modules/kombax-events.js: OK
./web/js/modules/kombax-social.js: OK
./web/js/modules/lifecycle.js: OK
./web/js/modules/platform-admin-access.js: OK
./web/js/modules/platform-admin.js: OK
./web/js/modules/platform-legal.js: OK
./web/js/modules/portal.js: OK
./web/js/modules/public-profile.js: OK
./web/js/modules/showcase.js: OK
./web/js/modules/social-post-management.js: OK
./web/js/modules/sports-profile.js: OK
./web/js/modules/training.js: OK
./web/js/modules/work-scopes.js: OK
./web/js/public-product-overview.js: OK
./web/js/ui/brand-hero.js: OK
./web/js/ui/components.js: OK
./web/js/ui/icons.js: OK
./web/manifest.webmanifest: OK
./web/privacy.html: OK
./web/service-worker.js: OK
./web/terms.html: OK
