===== scripts/test-kombax-20112-r64-1-global-responsive-navigation.mjs =====
PASS navegación global responsive · PC 1440x900 · tablet horizontal 1180x820 · tablet vertical 820x1180 · móvil horizontal 844x390 · móvil vertical 390x844
RESULT PASS scripts/test-kombax-20112-r64-1-global-responsive-navigation.mjs
===== scripts/test-kombax-20112-r64-1-legal-assist-specialists.mjs =====
PASS R64.1 · aceptación legal dinámica · 8 especialidades Assist · Stripe seguro por organización
RESULT PASS scripts/test-kombax-20112-r64-1-legal-assist-specialists.mjs
===== scripts/test-kombax-20108-r58-identity-memberships-media.mjs =====
PASS administrative student access lifecycle
PASS same-account duplicate guard inside one club
PASS bound invitation activates existing student record
PASS independent multi-club membership queries
PASS membership access is revoked per club on exit/suspension
PASS spectator can contact clubs as future student
PASS spectator has Showcase product-only inquiry channel
PASS Media / Creator backend profile and entitlements
PASS verified Media gains Social + Showcase publishing
PASS spectator has no publishing entitlement by default
PASS frontend exposes Media and keeps Spectator as base-only state
PASS identity context labels Media
PASS repositories expose memberships, activation and inquiry flows
PASS existing imported student can activate without duplicate
PASS Showcase accepts Media provider UI
PASS gateway does not offer Spectator as a requested profile
PASS Android preserves R58+ monotonic identity
PASS web preserves R58+ monotonic build identity
PASS service worker preserves R58 lineage through current release
OK KOMBAX 20.108 R58 focused QA
RESULT PASS scripts/test-kombax-20108-r58-identity-memberships-media.mjs
===== scripts/test-kombax-20101-showcase-urban-products-r19.mjs =====
PASS · three local Showcase product assets exist
PASS · three local product images are distinct
PASS · three product assets copied to dist and Android
PASS · migration targets the existing Urban Warriors club brand
PASS · migration resolves categories by slug
PASS · exactly three R19 demo slugs are seeded
PASS · prices are the approved reference values
PASS · all three products use in-app contact CTA
PASS · nutrition demo avoids invented label macros and carries legal warning
PASS · Showcase contact CTA remains product-linked
PASS · Showcase preserves legacy external CTA or later KOMBAX commerce evolution
PASS · verification checks Urban ownership and uniqueness
PASS · cache bumped to R19
PASS · R18 Urban realism preserved
OK KOMBAX 20.101 R19 Urban Warriors Showcase Products
RESULT PASS scripts/test-kombax-20101-showcase-urban-products-r19.mjs
===== scripts/test-kombax-20101-event-creator-r14.mjs =====
PASS · R14 builder exists
PASS · creator continues into builder after first save
PASS · builder integrates six operational steps
PASS · manager album nav remains visible when empty
PASS · empty manager album has direct upload CTA
PASS · participant photo replacement UI exists
PASS · participant update repository uses v181
PASS · participant update migration preserves workspace management
PASS · fight card manager exists
PASS · album upload can link to fight
PASS · album upload can link to KOMBAX competitor
PASS · album retains valid photo/video quota after later expansion
PASS · R14 responsive builder CSS exists
PASS · cache bust R14
PASS · Urban Warriors assets preserved
PASS · signing remains externally configured
OK KOMBAX 20.101 R14 Event Creator Complete
RESULT PASS scripts/test-kombax-20101-event-creator-r14.mjs
===== scripts/test-kombax-20097-events-workspace-isolation.mjs =====
OK 20097: identidad 20097 o superior consistente en web/PWA/Android/health local
OK 20097: organizador se resuelve por club activo
OK 20097: invitaciones se resuelven por club activo
OK 20097: mutaciones usan gateway 171+ y transportan workspace_club_id explícito
OK 20097: detalle revalida permisos de gestión dentro del workspace, directa o mediante bundle actual
OK 20097: editor y detalle mantienen señal contextual/separación explícita
OK 20097: gateway bloquea cruces club ↔ perfil directo
OK 20097: RPC contextual devuelve solo el perfil Club del workspace
OK 20097: migración contextual no consulta Eventos internos de Mi Club
OK 20097: invitaciones quedan filtradas al perfil público del club
OK 20097: activación piloto Urban Warriors está preparada como post-deploy explícito
OK 20097: migraciones de aislamiento son genéricas y no hardcodean el piloto
OK 20097: Android identifica build 20097 o superior
PASS 20097 KOMBAX Events Workspace Isolation
RESULT PASS scripts/test-kombax-20097-events-workspace-isolation.mjs
===== scripts/test-kombax-20115-r64-4-final-pricing.mjs =====
PASS Build 20115 / R64.4 identity
PASS Destacar fallback is 3/5/8 EUR
PASS Destacar Events selector is 3/5/8 EUR
PASS Destacar Showcase selector is 3/5/8 EUR
PASS Destacar migration preserves frequency caps
PASS Club/Premium/Enterprise current Showcase model preserved
PASS Club Commerce 12 EUR monthly preserved
PASS Ticketing tiers preserved
PASS Ticketing buyer fee remains zero
PASS Publication Events pricing preserved
PASS Stripe checkout supports application fee
PASS Commercial PDF wired

R64.4 Final Pricing QA: 12/12 passed
RESULT PASS scripts/test-kombax-20115-r64-4-final-pricing.mjs
