
> urban-warriors-2.0.0-rc13@2.0.0-rc.13 test:20101:r34
> node scripts/test-kombax-20101-r34-assist-preparation.mjs

PASS 1: módulo Mi preparación existe
PASS 2: banner anuncia migración asistida sin empezar desde cero
PASS 3: banner exige revisión antes de importar
PASS 4: flujo de migración acepta documentos heterogéneos
PASS 5: flujo de migración mantiene confirmación humana
PASS 6: archivos seleccionados se suben realmente al staging privado
PASS 7: repositorio enlaza bucket privado y registro de archivo
PASS 8: backend registra metadatos privados de archivos de migración
PASS 9: bucket de migración es privado y limita 10 MB
PASS 10: storage de migración queda ligado al propietario del ticket
PASS 11: backend contiene preparación de competición
PASS 12: backend contiene historial de peso
PASS 13: backend contiene accesos explícitos del equipo
PASS 14: peso privado aplica RLS y deniega acceso directo
PASS 15: foto de báscula usa bucket privado
PASS 16: permisos contemplan equipo/representación existente
PASS 17: pesajes distinguen autoregistro, equipo y oficial
PASS 18: seguimiento admite frecuencia semanal, 3/semana, diaria y personalizada
PASS 19: UI bloquea framing médico o de weight-cut peligroso
PASS 20: UI declara privacidad por defecto
PASS 21: perfil Competidor recibe Mi preparación
PASS 22: miembro/alumno recibe acceso a Mi preparación
PASS 23: Mi Club recibe acceso a preparación y peso
PASS 24: Dirección puede seleccionar al competidor al crear preparación desde Club
PASS 25: KOMBAX Events enlaza el seguimiento privado de preparación
PASS 26: frontend usa RPCs estrechos del módulo de preparación
PASS 27: evidencia privada se registra y abre con URL firmada temporal
PASS 28: errores nuevos tienen mensajes de usuario no técnicos
PASS 29: router/sidebar integra Preparación y peso
PASS 30: nueva UX tiene estilos responsive propios
PASS 31: cache PWA avanza a R34
PASS 32: package expone test específico R34
PASS 33: regresión completa incorpora R34
R34 ASSIST MIGRATION + COMPETITION PREPARATION: PASS 33/33
