
> urban-warriors-2.0.0-rc13@2.0.0-rc.13-r117-pilot-hotfix-2 verify:20172
> node scripts/test-kombax-20168-r115-pilot-onboarding-identity-freeze.mjs && node scripts/test-kombax-20169-r116-golden-pilot-freeze.mjs && node scripts/test-kombax-r117-pilot-hotfix-profiles-open-registration.mjs && node scripts/test-kombax-20172-r117-registration-contract.mjs && node scripts/build.mjs

✓ R115 functionality remains on a monotonic cumulative release
✓ Onboarding exposes eight intended routes
✓ Free account is not labelled automatically as Spectator
✓ Member/Family route separates public profile from Club-confirmed publishing
✓ Club remains authority for membership claims
✓ Member Social gate requires active approved membership
✓ Social repositories use hardened R115 status/mutation wrappers
✓ Standalone Competitor rule remains preserved
✓ Verification document flows remain present
✓ Member can evolve to Competitor without second account
✓ Open browsing routes stay visible to free accounts
R115 pilot onboarding / member Social gate QA: 11/11 PASS
✓ R116 freeze lineage remains preserved in R116 or later
✓ Paid commercial catalog is preserved but public pricing is pilot-locked
✓ Pilot plan surfaces show no public price path or paid action when locked
✓ Free identity remains available while paid prices are hidden
✓ Neutral free-account onboarding and eight routes remain frozen
✓ Member Social publishing still requires club-confirmed active membership
✓ Competitor can remain standalone after its verification flow
✓ Android target configuration is Play-ready for October 2026
✓ Netlify release contract is deterministic
✓ Play legal/public endpoints remain packaged
✓ Pilot public legal surface does not disclose pre-launch plan amounts
✓ Android release artifacts retain Golden Pilot naming
R116 Golden Pilot Freeze QA: 12/12 PASS
✓ Pilot Club registration no longer asks for an invitation code
✓ Member/Practitioner public profile exists independently from Club membership
✓ Member album management is separated from feed publishing
✓ Spectator has public profile/avatar/banner but no album or feed publishing
✓ Managed Spectator public profile is actionable
✓ Authenticated Social reading stays independent from publishing
✓ Web, Netlify dist and Android bundled assets are byte-identical for changed files
R117 pilot hotfix profiles/open-registration QA: 7/7 PASS
PASS 34/34 · KOMBAX R117 build 20172 registration contract
  ✓ build web 20172
  ✓ release hotfix 2
  ✓ Android versionCode 20172
  ✓ Android UA 20172
  ✓ registerGlobalAccount requires fecha_nacimiento
  ✓ global Auth signup sends fecha_nacimiento
  ✓ club/member Auth signup sends fecha_nacimiento
  ✓ DOB status RPC wired
  ✓ DOB completion RPC wired
  ✓ global signup has date field
  ✓ global signup no legacy age checkbox
  ✓ global signup validates 16+
  ✓ global signup passes DOB
  ✓ member registration DOB required
  ✓ family adult DOB validated 18+
  ✓ bound student new account asks DOB
  ✓ team new account asks DOB
  ✓ bound/team register calls pass DOB
  ✓ historic account DOB prompt wired in club shell
  ✓ historic account DOB prompt wired in global shell
  ✓ DOB helper normalizes ISO
  ✓ DOB prompt explicitly private
  ✓ human error maps missing DOB
  ✓ human error maps invalid DOB
  ✓ human error maps duplicate email
  ✓ pilot Club migration disables approval requirement
  ✓ pilot Club migration auto provisions
  ✓ pilot UI no authorization wording
  ✓ birth migration requires auth metadata DOB
  ✓ birth migration includes historical canonical backfill
  ✓ taxonomy includes Media
  ✓ DOB helper accepts valid adult ISO
  ✓ DOB helper rejects future date
  ✓ DOB helper enforces configured minimum age
OK build 624 archivos · web = dist = Android
