Archive:  /mnt/data/kombax_r628/KOMBAX_20110_R62_7_SHOWCASE_MARKETPLACE_OWNER_QA_READY/artifacts/KOMBAX_20110_R62_8_PWA_PILOT_READY.zip
    testing: delete-account.html      OK
    testing: css/                     OK
    testing: css/app.css              OK
    testing: css/kombax-brand-heroes.css   OK
    testing: css/kombax-public-overview.css   OK
    testing: css/kombax-social.css    OK
    testing: css/kombax-ui-stabilization-r60.css   OK
    testing: css/kombax-premium.css   OK
    testing: css/kombax-events.css    OK
    testing: privacy.html             OK
    testing: child-safety.html        OK
    testing: config.js                OK
    testing: assets/                  OK
    testing: assets/kombax-symbol.png   OK
    testing: assets/install-qr.png    OK
    testing: assets/events/           OK
    testing: assets/events/kombax-events-neon-mesh.svg   OK
    testing: assets/events/kombax-events-burst.svg   OK
    testing: assets/events/templates/   OK
    testing: assets/events/templates/event-share-square.svg   OK
    testing: assets/events/templates/fight-share-square.svg   OK
    testing: assets/events/templates/sponsor-strip.svg   OK
    testing: assets/events/templates/result-share-story.svg   OK
    testing: assets/events/templates/event-poster-arena.svg   OK
    testing: assets/events/templates/organization-lockup.svg   OK
    testing: assets/events/templates/fight-card-frame.svg   OK
    testing: assets/events/templates/result-share-square.svg   OK
    testing: assets/events/templates/event-share-story.svg   OK
    testing: assets/events/templates/event-poster-fight.svg   OK
    testing: assets/events/templates/event-poster-seminar.svg   OK
    testing: assets/events/templates/fight-share-story.svg   OK
    testing: assets/events/templates/fight-card-square.svg   OK
    testing: assets/events/templates/event-poster-federation.svg   OK
    testing: assets/events/templates/fighter-placeholder.svg   OK
    testing: assets/events/templates/fight-card-story.svg   OK
    testing: assets/events/template-manifest.json   OK
    testing: assets/events/kombax-events-grid.svg   OK
    testing: assets/docs/             OK
    testing: assets/docs/Cartel_Descarga_KOMBAX_Club.png   OK
    testing: assets/brand-heroes/     OK
    testing: assets/brand-heroes/hero-events.webp   OK
    testing: assets/brand-heroes/smoke-alpha-red.webp   OK
    testing: assets/brand-heroes/smoke-alpha-warm.webp   OK
    testing: assets/brand-heroes/hero-social.webp   OK
    testing: assets/brand-heroes/smoke-alpha-neutral.webp   OK
    testing: assets/brand-heroes/smoke-alpha-cyan.webp   OK
    testing: assets/brand-heroes/gateway-kombax-community.webp   OK
    testing: assets/brand-heroes/hero-showcase.webp   OK
    testing: assets/demo-showcase/    OK
    testing: assets/demo-showcase/urban-warriors/   OK
    testing: assets/demo-showcase/urban-warriors/urban-performance-whey-recovery.webp   OK
    testing: assets/demo-showcase/urban-warriors/urban-warriors-casco-integral-pro.webp   OK
    testing: assets/demo-showcase/urban-warriors/urban-warriors-guantes-integrales-elite.webp   OK
    testing: assets/assist/           OK
    testing: assets/assist/hero-assist.webp   OK
    testing: assets/assist/assistant-avatar.webp   OK
    testing: assets/assist/chat-empty.webp   OK
    testing: assets/assist/hero-migrations.webp   OK
    testing: assets/brand/            OK
    testing: assets/brand/kombax-symbol-black.png   OK
    testing: assets/brand/kombax-symbol-red.png   OK
    testing: assets/brand/kombax-symbol-white.png   OK
    testing: assets/icons/            OK
    testing: assets/icons/icon-72.png   OK
    testing: assets/icons/icon-152.png   OK
    testing: assets/icons/icon-maskable-192.png   OK
    testing: assets/icons/icon-144.png   OK
    testing: assets/icons/icon-192.png   OK
    testing: assets/icons/icon-128.png   OK
    testing: assets/icons/icon-384.png   OK
    testing: assets/icons/icon-96.png   OK
    testing: assets/icons/icon-maskable-512.png   OK
    testing: assets/icons/icon-512.png   OK
    testing: assets/demo-events/      OK
    testing: assets/demo-events/urban-warriors-muay-thai-seminar/   OK
    testing: assets/demo-events/urban-warriors-muay-thai-seminar/banner.webp   OK
    testing: assets/demo-events/urban-warriors-muay-thai-seminar/fighter-adrian-serrano.webp   OK
    testing: assets/demo-events/urban-warriors-muay-thai-seminar/poster.webp   OK
    testing: assets/demo-events/urban-warriors-muay-thai-seminar/album-02-knee-technique.webp   OK
    testing: assets/demo-events/urban-warriors-muay-thai-seminar/album-01-clinch.webp   OK
    testing: assets/demo-events/urban-warriors-jiujitsu-interclub/   OK
    testing: assets/demo-events/urban-warriors-jiujitsu-interclub/banner.webp   OK
    testing: assets/demo-events/urban-warriors-jiujitsu-interclub/action-adults-05.webp   OK
    testing: assets/demo-events/urban-warriors-jiujitsu-interclub/action-adults-04.webp   OK
    testing: assets/demo-events/urban-warriors-jiujitsu-interclub/youth-division.webp   OK
    testing: assets/demo-events/urban-warriors-jiujitsu-interclub/action-adults-06.webp   OK
    testing: assets/demo-events/urban-warriors-jiujitsu-interclub/action-adults-03.webp   OK
    testing: assets/demo-events/urban-warriors-jiujitsu-interclub/action-adults-08.webp   OK
    testing: assets/demo-events/urban-warriors-jiujitsu-interclub/album-official.webp   OK
    testing: assets/demo-events/urban-warriors-jiujitsu-interclub/action-adults-02.webp   OK
    testing: assets/demo-events/urban-warriors-jiujitsu-interclub/poster.webp   OK
    testing: assets/demo-events/urban-warriors-jiujitsu-interclub/action-adults-07.webp   OK
    testing: assets/demo-events/urban-warriors-jiujitsu-interclub/action-adults-01.webp   OK
    testing: assets/demo-events/urban-warriors-jiujitsu-interclub/main-event.webp   OK
    testing: assets/demo-events/urban-warriors-jiujitsu-interclub/results-highlights.webp   OK
    testing: assets/demo-events/urban-warriors-jiujitsu-interclub/fighters-realistic/   OK
    testing: assets/demo-events/urban-warriors-jiujitsu-interclub/fighters-realistic/bruno-sato.webp   OK
    testing: assets/demo-events/urban-warriors-jiujitsu-interclub/fighters-realistic/hugo-rios.webp   OK
    testing: assets/demo-events/urban-warriors-jiujitsu-interclub/fighters-realistic/aina-torres.webp   OK
    testing: assets/demo-events/urban-warriors-jiujitsu-interclub/fighters-realistic/laia-costa.webp   OK
    testing: assets/demo-events/urban-warriors-jiujitsu-interclub/fighters-realistic/daniel-ortiz.webp   OK
    testing: assets/demo-events/urban-warriors-jiujitsu-interclub/fighters-realistic/malik-benitez.webp   OK
    testing: assets/demo-events/urban-warriors-jiujitsu-interclub/fighters-realistic/marc-vidal.webp   OK
    testing: assets/demo-events/urban-warriors-jiujitsu-interclub/fighters-realistic/hana-ribeiro.webp   OK
    testing: assets/demo-events/urban-warriors-jiujitsu-interclub/fighters-realistic/leo-martin.webp   OK
    testing: assets/demo-events/urban-warriors-jiujitsu-interclub/fighters-realistic/emma-leon.webp   OK
    testing: assets/demo-events/urban-warriors-jiujitsu-interclub/registrations.webp   OK
    testing: assets/demo-events/noche-impacto-barcelona/   OK
    testing: assets/demo-events/noche-impacto-barcelona/banner.webp   OK
    testing: assets/demo-events/noche-impacto-barcelona/fighter-youssef-kadi.webp   OK
    testing: assets/demo-events/noche-impacto-barcelona/fighter-ivan-keller.webp   OK
    testing: assets/demo-events/noche-impacto-barcelona/fighter-nerea-rivas.webp   OK
    testing: assets/demo-events/noche-impacto-barcelona/fighter-dario-moreno.webp   OK
    testing: assets/demo-events/noche-impacto-barcelona/fighter-maia-costa.webp   OK
    testing: assets/demo-events/noche-impacto-barcelona/fight-card-full.webp   OK
    testing: assets/demo-events/noche-impacto-barcelona/highlights.webp   OK
    testing: assets/demo-events/noche-impacto-barcelona/results.webp   OK
    testing: assets/demo-events/noche-impacto-barcelona/poster.webp   OK
    testing: assets/demo-events/noche-impacto-barcelona/press-day.webp   OK
    testing: assets/demo-events/noche-impacto-barcelona/album-promo.webp   OK
    testing: assets/demo-events/noche-impacto-barcelona/nova-combat-logo.webp   OK
    testing: assets/demo-events/noche-impacto-barcelona/co-main.webp   OK
    testing: assets/demo-events/noche-impacto-barcelona/fighter-leo-serra.webp   OK
    testing: assets/demo-events/noche-impacto-barcelona/tickets-venue.webp   OK
    testing: assets/demo-events/noche-impacto-barcelona/fighter-claudia-sanz.webp   OK
    testing: assets/demo-events/noche-impacto-barcelona/main-event.webp   OK
    testing: assets/demo-events/noche-impacto-barcelona/fighter-vera-leon.webp   OK
    testing: assets/demo-events/noche-impacto-barcelona/fighter-marcos-duran.webp   OK
    testing: assets/demo-events/noche-impacto-barcelona/club-fenix-logo.webp   OK
    testing: assets/demo-events/noche-impacto-barcelona/fighter-adrian-cruz.webp   OK
    testing: assets/demo-events/noche-impacto-barcelona/fighter-bruno-mota.webp   OK
    testing: assets/demo-events/noche-impacto-barcelona/undercard.webp   OK
    testing: assets/demo-events/noche-impacto-barcelona/fighter-hugo-salvatierra.webp   OK
    testing: assets/urban-warriors-logo.png   OK
    testing: service-worker.js        OK
    testing: index.html               OK
    testing: terms.html               OK
    testing: js/                      OK
    testing: js/modules/              OK
    testing: js/modules/brand-business.js   OK
    testing: js/modules/support-privacy.js   OK
    testing: js/modules/documents.js   OK
    testing: js/modules/club-profile.js   OK
    testing: js/modules/showcase.js   OK
    testing: js/modules/spectator-hub.js   OK
    testing: js/modules/portal.js     OK
    testing: js/modules/customer-operations.js   OK
    testing: js/modules/lifecycle.js   OK
    testing: js/modules/social-network.js   OK
    testing: js/modules/events.js     OK
    testing: js/modules/professional-finance.js   OK
    testing: js/modules/help-legal.js   OK
    testing: js/modules/social-post-management.js   OK
    testing: js/modules/finance-premium-bootstrap.js   OK
    testing: js/modules/platform-admin-access.js   OK
    testing: js/modules/admin.js      OK
    testing: js/modules/federation-hub.js   OK
    testing: js/modules/federation-licenses.js   OK
    testing: js/modules/public-profile.js   OK
    testing: js/modules/gateway.js    OK
    testing: js/modules/competition-preparation.js   OK
    testing: js/modules/comms-material.js   OK
    testing: js/modules/club-kombax-hub.js   OK
    testing: js/modules/event-connections.js   OK
    testing: js/modules/platform-admin.js   OK
    testing: js/modules/kombax-event-visuals.js   OK
    testing: js/modules/sports-profile.js   OK
    testing: js/modules/auth-recovery.js   OK
    testing: js/modules/training.js   OK
    testing: js/modules/account-security.js   OK
    testing: js/modules/fighter-discovery.js   OK
    testing: js/modules/dashboard-catalog.js   OK
    testing: js/modules/finance.js    OK
    testing: js/modules/kombax-social.js   OK
    testing: js/modules/kombax-events.js   OK
    testing: js/modules/platform-legal.js   OK
    testing: js/modules/professional-hub.js   OK
    testing: js/modules/competitor-hub.js   OK
    testing: js/modules/professional-operations.js   OK
    testing: js/modules/brand-hub.js   OK
    testing: js/modules/work-scopes.js   OK
    testing: js/modules/community.js   OK
    testing: js/modules/groups-members.js   OK
    testing: js/modules/finance-premium.js   OK
    testing: js/modules/managed-profile-hub.js   OK
    testing: js/modules/kombax-discovery.js   OK
    testing: js/app.js                OK
    testing: js/public-product-overview.js   OK
    testing: js/core/                 OK
    testing: js/core/media.js         OK
    testing: js/core/finance-adapter.js   OK
    testing: js/core/profile-registry.js   OK
    testing: js/core/finance-math.js   OK
    testing: js/core/state.js         OK
    testing: js/core/repositories.js   OK
    testing: js/core/demo-directory.js   OK
    testing: js/core/permissions.js   OK
    testing: js/core/supabase.js      OK
    testing: js/core/adaptive-poller.js   OK
    testing: js/core/telemetry.js     OK
    testing: js/core/capability-resolver.js   OK
    testing: js/core/context-isolation-20083.js   OK
    testing: js/core/security-go-live-20084.js   OK
    testing: js/core/invitations.js   OK
    testing: js/core/identity-context.js   OK
    testing: js/core/utils.js         OK
    testing: js/core/platform.js      OK
    testing: js/core/query-cache.js   OK
    testing: js/core/backend.js       OK
    testing: js/core/demo-showcase.js   OK
    testing: js/delete-account.js     OK
    testing: js/ui/                   OK
    testing: js/ui/media-framing.js   OK
    testing: js/ui/brand-hero.js      OK
    testing: js/ui/icons.js           OK
    testing: js/ui/components.js      OK
    testing: js/ui/video-cover.js     OK
    testing: js/ui/conversation-ui.js   OK
    testing: manifest.webmanifest     OK
No errors detected in compressed data of /mnt/data/kombax_r628/KOMBAX_20110_R62_7_SHOWCASE_MARKETPLACE_OWNER_QA_READY/artifacts/KOMBAX_20110_R62_8_PWA_PILOT_READY.zip.
